[    0.000000] Linux version 5.10.144 (root@akh-okbsapr) (gcc (Debian 8.3.0-6) 8.3.0, GNU ld (GNU Binutils for Debian) 2.31.1) #62 SMP Tue Oct 17 14:44:56 MSK 2023
[    0.000000] Command line: 
[    0.000000] x86/fpu: x87 FPU will use FXSAVE
[    0.000000] BIOS-provided physical RAM map:
[    0.000000] BIOS-e820: [mem 0x0000000000000000-0x000000000009ffff] usable
[    0.000000] BIOS-e820: [mem 0x0000000000100000-0x00000000007fffff] usable
[    0.000000] BIOS-e820: [mem 0x0000000000800000-0x0000000000807fff] ACPI NVS
[    0.000000] BIOS-e820: [mem 0x0000000000808000-0x000000000080afff] usable
[    0.000000] BIOS-e820: [mem 0x000000000080b000-0x000000000080bfff] ACPI NVS
[    0.000000] BIOS-e820: [mem 0x000000000080c000-0x000000000080ffff] usable
[    0.000000] BIOS-e820: [mem 0x0000000000810000-0x00000000008fffff] ACPI NVS
[    0.000000] BIOS-e820: [mem 0x0000000000900000-0x000000003e0ecfff] usable
[    0.000000] BIOS-e820: [mem 0x000000003e0ed000-0x000000003e36cfff] reserved
[    0.000000] BIOS-e820: [mem 0x000000003e36d000-0x000000003e37efff] ACPI data
[    0.000000] BIOS-e820: [mem 0x000000003e37f000-0x000000003e3fefff] ACPI NVS
[    0.000000] BIOS-e820: [mem 0x000000003e3ff000-0x000000003e6ebfff] usable
[    0.000000] BIOS-e820: [mem 0x000000003e6ec000-0x000000003e76ffff] reserved
[    0.000000] BIOS-e820: [mem 0x000000003e770000-0x000000003e7fffff] ACPI NVS
[    0.000000] BIOS-e820: [mem 0x00000000feffc000-0x00000000feffffff] reserved
[    0.000000] NX (Execute Disable) protection: active
[    0.000000] e820: update [mem 0x3cd7b018-0x3cd83e57] usable ==> usable
[    0.000000] e820: update [mem 0x3cd7b018-0x3cd83e57] usable ==> usable
[    0.000000] e820: update [mem 0x3cd54018-0x3cd7ae57] usable ==> usable
[    0.000000] e820: update [mem 0x3cd54018-0x3cd7ae57] usable ==> usable
[    0.000000] extended physical RAM map:
[    0.000000] reserve setup_data: [mem 0x0000000000000000-0x000000000009ffff] usable
[    0.000000] reserve setup_data: [mem 0x0000000000100000-0x00000000007fffff] usable
[    0.000000] reserve setup_data: [mem 0x0000000000800000-0x0000000000807fff] ACPI NVS
[    0.000000] reserve setup_data: [mem 0x0000000000808000-0x000000000080afff] usable
[    0.000000] reserve setup_data: [mem 0x000000000080b000-0x000000000080bfff] ACPI NVS
[    0.000000] reserve setup_data: [mem 0x000000000080c000-0x000000000080ffff] usable
[    0.000000] reserve setup_data: [mem 0x0000000000810000-0x00000000008fffff] ACPI NVS
[    0.000000] reserve setup_data: [mem 0x0000000000900000-0x000000003cd54017] usable
[    0.000000] reserve setup_data: [mem 0x000000003cd54018-0x000000003cd7ae57] usable
[    0.000000] reserve setup_data: [mem 0x000000003cd7ae58-0x000000003cd7b017] usable
[    0.000000] reserve setup_data: [mem 0x000000003cd7b018-0x000000003cd83e57] usable
[    0.000000] reserve setup_data: [mem 0x000000003cd83e58-0x000000003e0ecfff] usable
[    0.000000] reserve setup_data: [mem 0x000000003e0ed000-0x000000003e36cfff] reserved
[    0.000000] reserve setup_data: [mem 0x000000003e36d000-0x000000003e37efff] ACPI data
[    0.000000] reserve setup_data: [mem 0x000000003e37f000-0x000000003e3fefff] ACPI NVS
[    0.000000] reserve setup_data: [mem 0x000000003e3ff000-0x000000003e6ebfff] usable
[    0.000000] reserve setup_data: [mem 0x000000003e6ec000-0x000000003e76ffff] reserved
[    0.000000] reserve setup_data: [mem 0x000000003e770000-0x000000003e7fffff] ACPI NVS
[    0.000000] reserve setup_data: [mem 0x00000000feffc000-0x00000000feffffff] reserved
[    0.000000] efi: EFI v2.70 by EDK II
[    0.000000] efi: SMBIOS=0x3e13f000 ACPI=0x3e37e000 ACPI 2.0=0x3e37e014 MEMATTR=0x3d004018 
[    0.000000] efi: memattr: Unexpected EFI Memory Attributes table version 2
[    0.000000] SMBIOS 2.8 present.
[    0.000000] DMI: QEMU Standard PC (i440FX + PIIX, 1996), BIOS unknown 2/2/2022
[    0.000000] tsc: Fast TSC calibration using PIT
[    0.000000] tsc: Detected 2303.989 MHz processor
[    0.000078] e820: update [mem 0x00000000-0x00000fff] usable ==> reserved
[    0.000080] e820: remove [mem 0x000a0000-0x000fffff] usable
[    0.000086] last_pfn = 0x3e6ec max_arch_pfn = 0x400000000
[    0.000112] MTRR default type: write-back
[    0.000112] MTRR fixed ranges enabled:
[    0.000113]   00000-9FFFF write-back
[    0.000114]   A0000-FFFFF uncachable
[    0.000114] MTRR variable ranges enabled:
[    0.000115]   0 base 0080000000 mask FF80000000 uncachable
[    0.000116]   1 base 0800000000 mask F800000000 uncachable
[    0.000116]   2 disabled
[    0.000117]   3 disabled
[    0.000117]   4 disabled
[    0.000118]   5 disabled
[    0.000118]   6 disabled
[    0.000118]   7 disabled
[    0.000128] x86/PAT: Configuration [0-7]: WB  WC  UC- UC  WB  WP  UC- WT  
[    0.011999] check: Scanning 1 areas for low memory corruption
[    0.012293] Secure boot disabled
[    0.012295] ACPI: Early table checksum verification disabled
[    0.012298] ACPI: RSDP 0x000000003E37E014 000024 (v02 BOCHS )
[    0.012301] ACPI: XSDT 0x000000003E37D0E8 00004C (v01 BOCHS  BXPC     00000001      01000013)
[    0.012306] ACPI: FACP 0x000000003E37A000 000074 (v01 BOCHS  BXPC     00000001 BXPC 00000001)
[    0.012310] ACPI: DSDT 0x000000003E37B000 001B07 (v01 BOCHS  BXPC     00000001 BXPC 00000001)
[    0.012313] ACPI: FACS 0x000000003E3DD000 000040
[    0.012316] ACPI: APIC 0x000000003E379000 000080 (v03 BOCHS  BXPC     00000001 BXPC 00000001)
[    0.012318] ACPI: HPET 0x000000003E378000 000038 (v01 BOCHS  BXPC     00000001 BXPC 00000001)
[    0.012321] ACPI: WAET 0x000000003E377000 000028 (v01 BOCHS  BXPC     00000001 BXPC 00000001)
[    0.012324] ACPI: BGRT 0x000000003E376000 000038 (v01 INTEL  EDK2     00000002      01000013)
[    0.012327] ACPI: Reserving FACP table memory at [mem 0x3e37a000-0x3e37a073]
[    0.012328] ACPI: Reserving DSDT table memory at [mem 0x3e37b000-0x3e37cb06]
[    0.012328] ACPI: Reserving FACS table memory at [mem 0x3e3dd000-0x3e3dd03f]
[    0.012329] ACPI: Reserving APIC table memory at [mem 0x3e379000-0x3e37907f]
[    0.012330] ACPI: Reserving HPET table memory at [mem 0x3e378000-0x3e378037]
[    0.012330] ACPI: Reserving WAET table memory at [mem 0x3e377000-0x3e377027]
[    0.012331] ACPI: Reserving BGRT table memory at [mem 0x3e376000-0x3e376037]
[    0.012345] ACPI: Local APIC address 0xfee00000
[    0.012371] Zone ranges:
[    0.012372]   DMA      [mem 0x0000000000001000-0x0000000000ffffff]
[    0.012373]   DMA32    [mem 0x0000000001000000-0x000000003e6ebfff]
[    0.012374]   Normal   empty
[    0.012375] Movable zone start for each node
[    0.012375] Early memory node ranges
[    0.012376]   node   0: [mem 0x0000000000001000-0x000000000009ffff]
[    0.012377]   node   0: [mem 0x0000000000100000-0x00000000007fffff]
[    0.012377]   node   0: [mem 0x0000000000808000-0x000000000080afff]
[    0.012378]   node   0: [mem 0x000000000080c000-0x000000000080ffff]
[    0.012378]   node   0: [mem 0x0000000000900000-0x000000003e0ecfff]
[    0.012379]   node   0: [mem 0x000000003e3ff000-0x000000003e6ebfff]
[    0.012380] Initmem setup node 0 [mem 0x0000000000001000-0x000000003e6ebfff]
[    0.012381] On node 0 totalpages: 254592
[    0.012382]   DMA zone: 59 pages used for memmap
[    0.012382]   DMA zone: 1815 pages reserved
[    0.012383]   DMA zone: 3750 pages, LIFO batch:0
[    0.012384]   DMA32 zone: 3932 pages used for memmap
[    0.012384]   DMA32 zone: 250842 pages, LIFO batch:63
[    0.012386] On node 0, zone DMA: 1 pages in unavailable ranges
[    0.012396] On node 0, zone DMA: 96 pages in unavailable ranges
[    0.012398] On node 0, zone DMA: 8 pages in unavailable ranges
[    0.012398] On node 0, zone DMA: 1 pages in unavailable ranges
[    0.012410] On node 0, zone DMA: 240 pages in unavailable ranges
[    0.014489] On node 0, zone DMA32: 786 pages in unavailable ranges
[    0.014542] On node 0, zone DMA32: 6420 pages in unavailable ranges
[    0.014819] ACPI: PM-Timer IO Port: 0xb008
[    0.014821] ACPI: Local APIC address 0xfee00000
[    0.014827] ACPI: LAPIC_NMI (acpi_id[0xff] dfl dfl lint[0x1])
[    0.014861] IOAPIC[0]: apic_id 0, version 17, address 0xfec00000, GSI 0-23
[    0.014863] ACPI: INT_SRC_OVR (bus 0 bus_irq 0 global_irq 2 dfl dfl)
[    0.014864] ACPI: INT_SRC_OVR (bus 0 bus_irq 5 global_irq 5 high level)
[    0.014865] ACPI: INT_SRC_OVR (bus 0 bus_irq 9 global_irq 9 high level)
[    0.014866] ACPI: INT_SRC_OVR (bus 0 bus_irq 10 global_irq 10 high level)
[    0.014866] ACPI: INT_SRC_OVR (bus 0 bus_irq 11 global_irq 11 high level)
[    0.014867] ACPI: IRQ0 used by override.
[    0.014868] ACPI: IRQ5 used by override.
[    0.014869] ACPI: IRQ9 used by override.
[    0.014869] ACPI: IRQ10 used by override.
[    0.014870] ACPI: IRQ11 used by override.
[    0.014871] Using ACPI (MADT) for SMP configuration information
[    0.014873] ACPI: HPET id: 0x8086a201 base: 0xfed00000
[    0.014881] smpboot: Allowing 2 CPUs, 0 hotplug CPUs
[    0.014891] [mem 0x3e800000-0xfeffbfff] available for PCI devices
[    0.014895] clocksource: refined-jiffies: mask: 0xffffffff max_cycles: 0xffffffff, max_idle_ns: 1910969940391419 ns
[    0.014899] setup_percpu: NR_CPUS:8 nr_cpumask_bits:8 nr_cpu_ids:2 nr_node_ids:1
[    0.015011] percpu: Embedded 47 pages/cpu s154456 r8192 d29864 u1048576
[    0.015014] pcpu-alloc: s154456 r8192 d29864 u1048576 alloc=1*2097152
[    0.015015] pcpu-alloc: [0] 0 1 
[    0.015026] Built 1 zonelists, mobility grouping on.  Total pages: 248786
[    0.015027] Kernel command line: vga=791 accord quiet loglevel=0 
[    0.015147] Dentry cache hash table entries: 131072 (order: 8, 1048576 bytes, linear)
[    0.015158] Inode-cache hash table entries: 65536 (order: 7, 524288 bytes, linear)
[    0.015196] mem auto-init: stack:off, heap alloc:off, heap free:off
[    0.017448] Memory: 912848K/1018368K available (10242K kernel code, 1441K rwdata, 2600K rodata, 29484K init, 1760K bss, 105260K reserved, 0K cma-reserved)
[    0.017472] SLUB: HWalign=64, Order=0-3, MinObjects=0, CPUs=2, Nodes=1
[    0.017477] Kernel/User page tables isolation: enabled
[    0.017673] rcu: Hierarchical RCU implementation.
[    0.017674] rcu: 	RCU restricting CPUs from NR_CPUS=8 to nr_cpu_ids=2.
[    0.017675] rcu: RCU calculated value of scheduler-enlistment delay is 100 jiffies.
[    0.017676] rcu: Adjusting geometry for rcu_fanout_leaf=16, nr_cpu_ids=2
[    0.017687] NR_IRQS: 4352, nr_irqs: 440, preallocated irqs: 16
[    0.017861] Console: colour dummy device 80x25
[    0.017869] printk: console [tty0] enabled
[    0.017873] ACPI: Core revision 20200925
[    0.017989] clocksource: hpet: mask: 0xffffffff max_cycles: 0xffffffff, max_idle_ns: 19112604467 ns
[    0.018059] APIC: Switch to symmetric I/O mode setup
[    0.019015] ..TIMER: vector=0x30 apic1=0 pin1=2 apic2=-1 pin2=-1
[    0.023085] clocksource: tsc-early: mask: 0xffffffffffffffff max_cycles: 0x2135ed490a0, max_idle_ns: 440795254822 ns
[    0.023092] Calibrating delay loop (skipped), value calculated using timer frequency.. 4607.97 BogoMIPS (lpj=2303989)
[    0.023094] pid_max: default: 32768 minimum: 301
[    0.024151] Mount-cache hash table entries: 2048 (order: 2, 16384 bytes, linear)
[    0.024154] Mountpoint-cache hash table entries: 2048 (order: 2, 16384 bytes, linear)
[    0.024375] Last level iTLB entries: 4KB 0, 2MB 0, 4MB 0
[    0.024376] Last level dTLB entries: 4KB 0, 2MB 0, 4MB 0, 1GB 0
[    0.024379] Spectre V1 : Mitigation: usercopy/swapgs barriers and __user pointer sanitization
[    0.024380] Spectre V2 : Mitigation: Retpolines
[    0.024381] Spectre V2 : Spectre v2 / SpectreRSB mitigation: Filling RSB on context switch
[    0.024381] Spectre V2 : Spectre v2 / SpectreRSB : Filling RSB on VMEXIT
[    0.024382] Speculative Store Bypass: Vulnerable
[    0.024384] MDS: Vulnerable: Clear CPU buffers attempted, no microcode
[    0.024384] MMIO Stale Data: Unknown: No mitigations
[    0.033311] Freeing SMP alternatives memory: 16K
[    0.135474] smpboot: CPU0: Intel QEMU Virtual CPU version 2.5+ (family: 0xf, model: 0x6b, stepping: 0x1)
[    0.135571] Performance Events: unsupported Netburst CPU model 107 no PMU driver, software events only.
[    0.135637] rcu: Hierarchical SRCU implementation.
[    0.135675] smp: Bringing up secondary CPUs ...
[    0.135734] x86: Booting SMP configuration:
[    0.135735] .... node  #0, CPUs:      #1
[    0.147176] smp: Brought up 1 node, 2 CPUs
[    0.147178] smpboot: Max logical packages: 1
[    0.147180] smpboot: Total of 2 processors activated (9215.95 BogoMIPS)
[    0.148133] devtmpfs: initialized
[    0.148221] clocksource: jiffies: mask: 0xffffffff max_cycles: 0xffffffff, max_idle_ns: 1911260446275000 ns
[    0.148221] futex hash table entries: 512 (order: 3, 32768 bytes, linear)
[    0.148276] NET: Registered protocol family 16
[    0.148347] audit: initializing netlink subsys (disabled)
[    0.148384] audit: type=2000 audit(1721839951.130:1): state=initialized audit_enabled=0 res=1
[    0.149171] thermal_sys: Registered thermal governor 'step_wise'
[    0.149171] cpuidle: using governor menu
[    0.149171] ACPI: bus type PCI registered
[    0.149224] PCI: Using configuration type 1 for base access
[    0.151284] HugeTLB registered 2.00 MiB page size, pre-allocated 0 pages
[    0.171490] raid6: sse2x4   gen() 17403 MB/s
[    0.188513] raid6: sse2x4   xor() 10568 MB/s
[    0.205483] raid6: sse2x2   gen() 17356 MB/s
[    0.222476] raid6: sse2x2   xor() 11878 MB/s
[    0.239330] raid6: sse2x1   gen() 14749 MB/s
[    0.256475] raid6: sse2x1   xor()  8174 MB/s
[    0.256477] raid6: using algorithm sse2x4 gen() 17403 MB/s
[    0.256478] raid6: .... xor() 10568 MB/s, rmw enabled
[    0.256479] raid6: using intx1 recovery algorithm
[    0.257137] ACPI: Added _OSI(Module Device)
[    0.257138] ACPI: Added _OSI(Processor Device)
[    0.257138] ACPI: Added _OSI(3.0 _SCP Extensions)
[    0.257139] ACPI: Added _OSI(Processor Aggregator Device)
[    0.257140] ACPI: Added _OSI(Linux-Dell-Video)
[    0.257141] ACPI: Added _OSI(Linux-Lenovo-NV-HDMI-Audio)
[    0.257142] ACPI: Added _OSI(Linux-HPI-Hybrid-Graphics)
[    0.257776] ACPI: 1 ACPI AML tables successfully acquired and loaded
[    0.258536] ACPI: Interpreter enabled
[    0.258541] ACPI: (supports S0 S5)
[    0.258542] ACPI: Using IOAPIC for interrupt routing
[    0.258566] PCI: Using host bridge windows from ACPI; if necessary, use "pci=nocrs" and report a bug
[    0.258654] ACPI: Enabled 2 GPEs in block 00 to 0F
[    0.261567] ACPI: PCI Root Bridge [PCI0] (domain 0000 [bus 00-ff])
[    0.261573] acpi PNP0A03:00: _OSC: OS supports [ASPM ClockPM Segments MSI HPX-Type3]
[    0.261578] acpi PNP0A03:00: fail to add MMCONFIG information, can't access extended PCI configuration space under this bridge.
[    0.261616] PCI host bridge to bus 0000:00
[    0.261618] pci_bus 0000:00: root bus resource [io  0x0000-0x0cf7 window]
[    0.261619] pci_bus 0000:00: root bus resource [io  0x0d00-0xffff window]
[    0.261620] pci_bus 0000:00: root bus resource [mem 0x000a0000-0x000bffff window]
[    0.261622] pci_bus 0000:00: root bus resource [mem 0x3e800000-0xfebfffff window]
[    0.261623] pci_bus 0000:00: root bus resource [mem 0x100000000-0x17fffffff window]
[    0.261624] pci_bus 0000:00: root bus resource [bus 00-ff]
[    0.261665] pci 0000:00:00.0: [8086:1237] type 00 class 0x060000
[    0.262077] pci 0000:00:01.0: [8086:7000] type 00 class 0x060100
[    0.262556] pci 0000:00:01.1: [8086:7010] type 00 class 0x010180
[    0.263728] pci 0000:00:01.1: reg 0x20: [io  0xc040-0xc04f]
[    0.264108] pci 0000:00:01.1: legacy IDE quirk: reg 0x10: [io  0x01f0-0x01f7]
[    0.264109] pci 0000:00:01.1: legacy IDE quirk: reg 0x14: [io  0x03f6]
[    0.264110] pci 0000:00:01.1: legacy IDE quirk: reg 0x18: [io  0x0170-0x0177]
[    0.264110] pci 0000:00:01.1: legacy IDE quirk: reg 0x1c: [io  0x0376]
[    0.264284] pci 0000:00:01.3: [8086:7113] type 00 class 0x068000
[    0.264636] pci 0000:00:01.3: quirk: [io  0xb000-0xb03f] claimed by PIIX4 ACPI
[    0.264646] pci 0000:00:01.3: quirk: [io  0xb100-0xb10f] claimed by PIIX4 SMB
[    0.264866] pci 0000:00:02.0: [1234:1111] type 00 class 0x030000
[    0.265429] pci 0000:00:02.0: reg 0x10: [mem 0x80000000-0x80ffffff pref]
[    0.267119] pci 0000:00:02.0: reg 0x18: [mem 0x81060000-0x81060fff]
[    0.270465] pci 0000:00:02.0: reg 0x30: [mem 0xffff0000-0xffffffff pref]
[    0.270549] pci 0000:00:02.0: BAR 0: assigned to efifb
[    0.270755] pci 0000:00:03.0: [8086:100e] type 00 class 0x020000
[    0.271404] pci 0000:00:03.0: reg 0x10: [mem 0x81040000-0x8105ffff]
[    0.274103] pci 0000:00:03.0: reg 0x14: [io  0xc000-0xc03f]
[    0.277466] pci 0000:00:03.0: reg 0x30: [mem 0xfffc0000-0xffffffff pref]
[    0.277896] pci_bus 0000:00: on NUMA node 0
[    0.278307] ACPI: PCI Interrupt Link [LNKA] (IRQs 5 *10 11)
[    0.278410] ACPI: PCI Interrupt Link [LNKB] (IRQs 5 *10 11)
[    0.278515] ACPI: PCI Interrupt Link [LNKC] (IRQs 5 10 *11)
[    0.278633] ACPI: PCI Interrupt Link [LNKD] (IRQs 5 10 *11)
[    0.278707] ACPI: PCI Interrupt Link [LNKS] (IRQs *9)
[    0.279122] pci 0000:00:02.0: vgaarb: setting as boot VGA device
[    0.279122] pci 0000:00:02.0: vgaarb: VGA device added: decodes=io+mem,owns=io+mem,locks=none
[    0.279122] pci 0000:00:02.0: vgaarb: bridge control possible
[    0.279122] vgaarb: loaded
[    0.279269] SCSI subsystem initialized
[    0.279324] libata version 3.00 loaded.
[    0.279324] ACPI: bus type USB registered
[    0.279324] usbcore: registered new interface driver usbfs
[    0.279324] usbcore: registered new interface driver hub
[    0.279324] usbcore: registered new device driver usb
[    0.279324] pps_core: LinuxPPS API ver. 1 registered
[    0.279324] pps_core: Software ver. 5.3.6 - Copyright 2005-2007 Rodolfo Giometti <giometti@linux.it>
[    0.279324] PTP clock support registered
[    0.279324] Registered efivars operations
[    0.279413] PCI: Using ACPI for IRQ routing
[    0.279413] PCI: pci_cache_line_size set to 64 bytes
[    0.279490] e820: reserve RAM buffer [mem 0x0080b000-0x008fffff]
[    0.280091] e820: reserve RAM buffer [mem 0x00810000-0x008fffff]
[    0.280091] e820: reserve RAM buffer [mem 0x3cd54018-0x3fffffff]
[    0.280091] e820: reserve RAM buffer [mem 0x3cd7b018-0x3fffffff]
[    0.280091] e820: reserve RAM buffer [mem 0x3e0ed000-0x3fffffff]
[    0.280091] e820: reserve RAM buffer [mem 0x3e6ec000-0x3fffffff]
[    0.280148] hpet: 3 channels of 0 reserved for per-cpu timers
[    0.280204] clocksource: Switched to clocksource tsc-early
[    0.280204] VFS: Disk quotas dquot_6.6.0
[    0.280250] VFS: Dquot-cache hash table entries: 512 (order 0, 4096 bytes)
[    0.280250] pnp: PnP ACPI init
[    0.280316] pnp 00:00: Plug and Play ACPI device, IDs PNP0303 (active)
[    0.280316] pnp 00:01: Plug and Play ACPI device, IDs PNP0f13 (active)
[    0.280316] pnp 00:02: [dma 2]
[    0.280316] pnp 00:02: Plug and Play ACPI device, IDs PNP0700 (active)
[    0.280367] pnp 00:03: Plug and Play ACPI device, IDs PNP0400 (active)
[    0.280385] pnp 00:04: Plug and Play ACPI device, IDs PNP0501 (active)
[    0.280385] pnp 00:05: Plug and Play ACPI device, IDs PNP0b00 (active)
[    0.280385] pnp: PnP ACPI: found 6 devices
[    0.287830] clocksource: acpi_pm: mask: 0xffffff max_cycles: 0xffffff, max_idle_ns: 2085701024 ns
[    0.287867] NET: Registered protocol family 2
[    0.287902] IP idents hash table entries: 16384 (order: 5, 131072 bytes, linear)
[    0.288040] tcp_listen_portaddr_hash hash table entries: 512 (order: 1, 8192 bytes, linear)
[    0.288043] TCP established hash table entries: 8192 (order: 4, 65536 bytes, linear)
[    0.288049] TCP bind hash table entries: 8192 (order: 5, 131072 bytes, linear)
[    0.288057] TCP: Hash tables configured (established 8192 bind 8192)
[    0.288079] UDP hash table entries: 512 (order: 2, 16384 bytes, linear)
[    0.288083] UDP-Lite hash table entries: 512 (order: 2, 16384 bytes, linear)
[    0.288110] NET: Registered protocol family 1
[    0.288121] pci 0000:00:02.0: can't claim BAR 6 [mem 0xffff0000-0xffffffff pref]: no compatible bridge window
[    0.288122] pci 0000:00:03.0: can't claim BAR 6 [mem 0xfffc0000-0xffffffff pref]: no compatible bridge window
[    0.288129] pci 0000:00:03.0: BAR 6: assigned [mem 0x3e800000-0x3e83ffff pref]
[    0.288131] pci 0000:00:02.0: BAR 6: assigned [mem 0x3e840000-0x3e84ffff pref]
[    0.288133] pci_bus 0000:00: resource 4 [io  0x0000-0x0cf7 window]
[    0.288134] pci_bus 0000:00: resource 5 [io  0x0d00-0xffff window]
[    0.288134] pci_bus 0000:00: resource 6 [mem 0x000a0000-0x000bffff window]
[    0.288135] pci_bus 0000:00: resource 7 [mem 0x3e800000-0xfebfffff window]
[    0.288136] pci_bus 0000:00: resource 8 [mem 0x100000000-0x17fffffff window]
[    0.288172] pci 0000:00:01.0: PIIX3: Enabling Passive Release
[    0.288182] pci 0000:00:00.0: Limiting direct PCI/PCI transfers
[    0.288189] pci 0000:00:01.0: Activating ISA DMA hang workarounds
[    0.288227] pci 0000:00:02.0: Video device with shadowed ROM at [mem 0x000c0000-0x000dffff]
[    0.288240] PCI: CLS 0 bytes, default 64
[    4.412538] check: Scanning for low memory corruption every 60 seconds
[    4.412710] workingset: timestamp_bits=62 max_order=18 bucket_order=0
[    4.413488] ntfs: driver 2.1.32 [Flags: R/O].
[    4.413600] fuse: init (API version 7.32)
[    4.413706] SGI XFS with ACLs, security attributes, realtime, scrub, quota, fatal assert, debug enabled
[    4.419979] xor: measuring software checksum speed
[    4.420373]    prefetch64-sse  : 27193 MB/sec
[    4.420755]    generic_sse     : 25802 MB/sec
[    4.420756] xor: using function: prefetch64-sse (27193 MB/sec)
[    4.420777] Block layer SCSI generic (bsg) driver version 0.4 loaded (major 251)
[    4.420780] io scheduler mq-deadline registered
[    4.420780] io scheduler kyber registered
[    4.420974] efifb: probing for efifb
[    4.420998] efifb: framebuffer at 0x80000000, using 4000k, total 4000k
[    4.420999] efifb: mode is 1280x800x32, linelength=5120, pages=1
[    4.421000] efifb: scrolling: redraw
[    4.421001] efifb: Truecolor: size=8:8:8:8, shift=24:16:8:0
[    4.421169] Console: switching to colour frame buffer device 160x50
[    4.423477] fb0: EFI VGA frame buffer device
[    4.423622] Serial: 8250/16550 driver, 4 ports, IRQ sharing enabled
[    4.423881] 00:04: ttyS0 at I/O 0x3f8 (irq = 4, base_baud = 115200) is a 16550A
[    4.424790] Non-volatile memory driver v1.3
[    4.424793] Linux agpgart interface v0.103
[    4.426601] loop: module loaded
[    4.427399] ata_piix 0000:00:01.1: version 2.13
[    4.429844] scsi host0: ata_piix
[    4.430050] scsi host1: ata_piix
[    4.430066] ata1: PATA max MWDMA2 cmd 0x1f0 ctl 0x3f6 bmdma 0xc040 irq 14
[    4.430067] ata2: PATA max MWDMA2 cmd 0x170 ctl 0x376 bmdma 0xc048 irq 15
[    4.430170] e100: Intel(R) PRO/100 Network Driver
[    4.430171] e100: Copyright(c) 1999-2006 Intel Corporation
[    4.430175] e1000: Intel(R) PRO/1000 Network Driver
[    4.430176] e1000: Copyright (c) 1999-2006 Intel Corporation.
[    4.444942] PCI Interrupt Link [LNKC] enabled at IRQ 11
[    4.586468] ata1.01: NODEV after polling detection
[    4.586711] ata1.00: ATA-7: QEMU HARDDISK, 2.5+, max UDMA/100
[    4.586713] ata1.00: 204800 sectors, multi 16: LBA48 
[    4.587233] scsi 0:0:0:0: Direct-Access     ATA      QEMU HARDDISK    2.5+ PQ: 0 ANSI: 5
[    4.587347] scsi 0:0:0:0: Attached scsi generic sg0 type 0
[    4.587459] sd 0:0:0:0: [sda] 204800 512-byte logical blocks: (105 MB/100 MiB)
[    4.587465] sd 0:0:0:0: [sda] Write Protect is off
[    4.587466] sd 0:0:0:0: [sda] Mode Sense: 00 3a 00 00
[    4.587475] sd 0:0:0:0: [sda] Write cache: enabled, read cache: enabled, doesn't support DPO or FUA
[    4.588686] ata2.01: NODEV after polling detection
[    4.588925] ata2.00: ATAPI: QEMU DVD-ROM, 2.5+, max UDMA/100
[    4.589665]  sda:
[    4.589766] sd 0:0:0:0: [sda] Attached SCSI disk
[    4.590203] scsi 1:0:0:0: CD-ROM            QEMU     QEMU DVD-ROM     2.5+ PQ: 0 ANSI: 5
[    4.738682] sr 1:0:0:0: [sr0] scsi3-mmc drive: 4x/4x cd/rw xa/form2 tray
[    4.738693] cdrom: Uniform CD-ROM driver Revision: 3.20
[    4.757644] sr 1:0:0:0: Attached scsi CD-ROM sr0
[    4.757853] sr 1:0:0:0: Attached scsi generic sg1 type 5
[    4.771235] e1000 0000:00:03.0 eth0: (PCI:33MHz:32-bit) 52:54:00:12:34:56
[    4.771239] e1000 0000:00:03.0 eth0: Intel(R) PRO/1000 Network Connection
[    4.771271] e1000e: Intel(R) PRO/1000 Network Driver
[    4.771272] e1000e: Copyright(c) 1999 - 2015 Intel Corporation.
[    4.771291] igb: Intel(R) Gigabit Ethernet Network Driver
[    4.771291] igb: Copyright (c) 2007-2014 Intel Corporation.
[    4.771300] igbvf: Intel(R) Gigabit Virtual Function Network Driver
[    4.771301] igbvf: Copyright (c) 2009 - 2012 Intel Corporation.
[    4.771305] ixgbe: Intel(R) 10 Gigabit PCI Express Network Driver
[    4.771305] ixgbe: Copyright (c) 1999-2016 Intel Corporation.
[    4.771373] ixgbevf: Intel(R) 10 Gigabit PCI Express Virtual Function Network Driver
[    4.771374] ixgbevf: Copyright (c) 2009 - 2018 Intel Corporation.
[    4.771420] i40e: Intel(R) Ethernet Connection XL710 Network Driver
[    4.771421] i40e: Copyright (c) 2013 - 2019 Intel Corporation.
[    4.771478] ixgb: Intel(R) PRO/10GbE Network Driver
[    4.771479] ixgb: Copyright (c) 1999-2008 Intel Corporation.
[    4.771487] iavf: Intel(R) Ethernet Adaptive Virtual Function Network Driver
[    4.771488] Copyright (c) 2013 - 2018 Intel Corporation.
[    4.771600] Intel(R) Ethernet Switch Host Interface Driver
[    4.771601] Copyright(c) 2013 - 2019 Intel Corporation.
[    4.771656] ehci_hcd: USB 2.0 'Enhanced' Host Controller (EHCI) Driver
[    4.771658] ehci-pci: EHCI PCI platform driver
[    4.771665] ehci-platform: EHCI generic platform driver
[    4.771685] ohci_hcd: USB 1.1 'Open' Host Controller (OHCI) Driver
[    4.771688] ohci-pci: OHCI PCI platform driver
[    4.771695] uhci_hcd: USB Universal Host Controller Interface driver
[    4.771741] usbcore: registered new interface driver usb-storage
[    4.771781] i8042: PNP: PS/2 Controller [PNP0303:KBD,PNP0f13:MOU] at 0x60,0x64 irq 1,12
[    4.772401] serio: i8042 KBD port at 0x60,0x64 irq 1
[    4.772406] serio: i8042 AUX port at 0x60,0x64 irq 12
[    4.772500] mousedev: PS/2 mouse device common for all mice
[    4.772526] usbcore: registered new interface driver synaptics_usb
[    4.772843] device-mapper: ioctl: 4.43.0-ioctl (2020-10-01) initialised: dm-devel@redhat.com
[    4.772848] intel_pstate: CPU model not supported
[    4.772889] sdhci: Secure Digital Host Controller Interface driver
[    4.772889] sdhci: Copyright(c) Pierre Ossman
[    4.772905] input: AT Translated Set 2 keyboard as /devices/platform/i8042/serio0/input/input0
[    4.772906] wbsd: Winbond W83L51xD SD/MMC card interface driver
[    4.772906] wbsd: Copyright(c) Pierre Ossman
[    4.772926] VUB300 Driver rom wait states = 1C irqpoll timeout = 0400
[    4.773165] usbcore: registered new interface driver vub300
[    4.773169] usbcore: registered new interface driver ushc
[    4.773178] sdhci-pltfm: SDHCI platform and OF driver helper
[    4.773209] EFI Variables Facility v0.08 2004-May-17
[    4.775600] pstore: Registered efi as persistent store backend
[    4.775656] hid: raw HID events driver (C) Jiri Kosina
[    4.775730] usbcore: registered new interface driver usbhid
[    4.775731] usbhid: USB HID core driver
[    4.775827] NET: Registered protocol family 10
[    4.776009] Segment Routing with IPv6
[    4.776022] sit: IPv6, IPv4 and MPLS over IPv4 tunneling driver
[    4.776138] NET: Registered protocol family 17
[    4.776299] IPI shorthand broadcast: enabled
[    4.776304] sched_clock: Marking stable (4775970661, 248785)->(4784715699, -8496253)
[    4.776395] registered taskstats version 1
[    4.776437] pstore: Using crash dump compression: deflate
[    4.779274] Freeing unused kernel image (initmem) memory: 29484K
[    4.784151] Write protecting the kernel read-only data: 16384k
[    4.785081] Freeing unused kernel image (text/rodata gap) memory: 2044K
[    4.785299] Freeing unused kernel image (rodata/data gap) memory: 1496K
[    4.785340] Run /init as init process
[    4.785341]   with arguments:
[    4.785341]     /init
[    4.785342]     accord
[    4.785342]   with environment:
[    4.785343]     HOME=/
[    4.785343]     TERM=linux
[    4.785343]     vga=791
[    4.808367] systemd-udevd[841]: starting version 198
[    5.395076] input: ImExPS/2 Generic Explorer Mouse as /devices/platform/i8042/serio1/input/input2
[    5.426219] tsc: Refined TSC clocksource calibration: 2303.983 MHz
[    5.426239] clocksource: tsc: mask: 0xffffffffffffffff max_cycles: 0x2135e7a16ca, max_idle_ns: 440795265852 ns
[    5.426304] clocksource: Switched to clocksource tsc
