[    0.000000] Linux version 5.10.144 (root@akh-okbsapr) (gcc (Debian 8.3.0-6) 8.3.0, GNU ld (GNU Binutils for Debian) 2.31.1) #62 SMP Tue Oct 17 14:44:56 MSK 2023
[    0.000000] Command line: 
[    0.000000] x86/fpu: x87 FPU will use FXSAVE
[    0.000000] BIOS-provided physical RAM map:
[    0.000000] BIOS-e820: [mem 0x0000000000000000-0x000000000009ffff] usable
[    0.000000] BIOS-e820: [mem 0x0000000000100000-0x00000000007fffff] usable
[    0.000000] BIOS-e820: [mem 0x0000000000800000-0x0000000000807fff] ACPI NVS
[    0.000000] BIOS-e820: [mem 0x0000000000808000-0x000000000080afff] usable
[    0.000000] BIOS-e820: [mem 0x000000000080b000-0x000000000080bfff] ACPI NVS
[    0.000000] BIOS-e820: [mem 0x000000000080c000-0x000000000080ffff] usable
[    0.000000] BIOS-e820: [mem 0x0000000000810000-0x00000000008fffff] ACPI NVS
[    0.000000] BIOS-e820: [mem 0x0000000000900000-0x000000003e0ecfff] usable
[    0.000000] BIOS-e820: [mem 0x000000003e0ed000-0x000000003e36cfff] reserved
[    0.000000] BIOS-e820: [mem 0x000000003e36d000-0x000000003e37efff] ACPI data
[    0.000000] BIOS-e820: [mem 0x000000003e37f000-0x000000003e3fefff] ACPI NVS
[    0.000000] BIOS-e820: [mem 0x000000003e3ff000-0x000000003e6ebfff] usable
[    0.000000] BIOS-e820: [mem 0x000000003e6ec000-0x000000003e76ffff] reserved
[    0.000000] BIOS-e820: [mem 0x000000003e770000-0x000000003e7fffff] ACPI NVS
[    0.000000] BIOS-e820: [mem 0x00000000feffc000-0x00000000feffffff] reserved
[    0.000000] NX (Execute Disable) protection: active
[    0.000000] e820: update [mem 0x3cd7b018-0x3cd83e57] usable ==> usable
[    0.000000] e820: update [mem 0x3cd7b018-0x3cd83e57] usable ==> usable
[    0.000000] e820: update [mem 0x3cd54018-0x3cd7ae57] usable ==> usable
[    0.000000] e820: update [mem 0x3cd54018-0x3cd7ae57] usable ==> usable
[    0.000000] extended physical RAM map:
[    0.000000] reserve setup_data: [mem 0x0000000000000000-0x000000000009ffff] usable
[    0.000000] reserve setup_data: [mem 0x0000000000100000-0x00000000007fffff] usable
[    0.000000] reserve setup_data: [mem 0x0000000000800000-0x0000000000807fff] ACPI NVS
[    0.000000] reserve setup_data: [mem 0x0000000000808000-0x000000000080afff] usable
[    0.000000] reserve setup_data: [mem 0x000000000080b000-0x000000000080bfff] ACPI NVS
[    0.000000] reserve setup_data: [mem 0x000000000080c000-0x000000000080ffff] usable
[    0.000000] reserve setup_data: [mem 0x0000000000810000-0x00000000008fffff] ACPI NVS
[    0.000000] reserve setup_data: [mem 0x0000000000900000-0x000000003cd54017] usable
[    0.000000] reserve setup_data: [mem 0x000000003cd54018-0x000000003cd7ae57] usable
[    0.000000] reserve setup_data: [mem 0x000000003cd7ae58-0x000000003cd7b017] usable
[    0.000000] reserve setup_data: [mem 0x000000003cd7b018-0x000000003cd83e57] usable
[    0.000000] reserve setup_data: [mem 0x000000003cd83e58-0x000000003e0ecfff] usable
[    0.000000] reserve setup_data: [mem 0x000000003e0ed000-0x000000003e36cfff] reserved
[    0.000000] reserve setup_data: [mem 0x000000003e36d000-0x000000003e37efff] ACPI data
[    0.000000] reserve setup_data: [mem 0x000000003e37f000-0x000000003e3fefff] ACPI NVS
[    0.000000] reserve setup_data: [mem 0x000000003e3ff000-0x000000003e6ebfff] usable
[    0.000000] reserve setup_data: [mem 0x000000003e6ec000-0x000000003e76ffff] reserved
[    0.000000] reserve setup_data: [mem 0x000000003e770000-0x000000003e7fffff] ACPI NVS
[    0.000000] reserve setup_data: [mem 0x00000000feffc000-0x00000000feffffff] reserved
[    0.000000] efi: EFI v2.70 by EDK II
[    0.000000] efi: SMBIOS=0x3e13f000 ACPI=0x3e37e000 ACPI 2.0=0x3e37e014 MEMATTR=0x3d004018 
[    0.000000] efi: memattr: Unexpected EFI Memory Attributes table version 2
[    0.000000] SMBIOS 2.8 present.
[    0.000000] DMI: QEMU Standard PC (i440FX + PIIX, 1996), BIOS unknown 2/2/2022
[    0.000000] tsc: Fast TSC calibration using PIT
[    0.000000] tsc: Detected 2303.976 MHz processor
[    0.000072] e820: update [mem 0x00000000-0x00000fff] usable ==> reserved
[    0.000075] e820: remove [mem 0x000a0000-0x000fffff] usable
[    0.000082] last_pfn = 0x3e6ec max_arch_pfn = 0x400000000
[    0.000106] MTRR default type: write-back
[    0.000107] MTRR fixed ranges enabled:
[    0.000108]   00000-9FFFF write-back
[    0.000108]   A0000-FFFFF uncachable
[    0.000109] MTRR variable ranges enabled:
[    0.000110]   0 base 0080000000 mask FF80000000 uncachable
[    0.000111]   1 base 0800000000 mask F800000000 uncachable
[    0.000111]   2 disabled
[    0.000112]   3 disabled
[    0.000112]   4 disabled
[    0.000113]   5 disabled
[    0.000113]   6 disabled
[    0.000114]   7 disabled
[    0.000121] x86/PAT: Configuration [0-7]: WB  WC  UC- UC  WB  WP  UC- WT  
[    0.012052] check: Scanning 1 areas for low memory corruption
[    0.012442] Secure boot disabled
[    0.012444] ACPI: Early table checksum verification disabled
[    0.012447] ACPI: RSDP 0x000000003E37E014 000024 (v02 BOCHS )
[    0.012450] ACPI: XSDT 0x000000003E37D0E8 00004C (v01 BOCHS  BXPC     00000001      01000013)
[    0.012455] ACPI: FACP 0x000000003E37A000 000074 (v01 BOCHS  BXPC     00000001 BXPC 00000001)
[    0.012460] ACPI: DSDT 0x000000003E37B000 001B07 (v01 BOCHS  BXPC     00000001 BXPC 00000001)
[    0.012463] ACPI: FACS 0x000000003E3DD000 000040
[    0.012467] ACPI: APIC 0x000000003E379000 000080 (v03 BOCHS  BXPC     00000001 BXPC 00000001)
[    0.012470] ACPI: HPET 0x000000003E378000 000038 (v01 BOCHS  BXPC     00000001 BXPC 00000001)
[    0.012473] ACPI: WAET 0x000000003E377000 000028 (v01 BOCHS  BXPC     00000001 BXPC 00000001)
[    0.012476] ACPI: BGRT 0x000000003E376000 000038 (v01 INTEL  EDK2     00000002      01000013)
[    0.012480] ACPI: Reserving FACP table memory at [mem 0x3e37a000-0x3e37a073]
[    0.012480] ACPI: Reserving DSDT table memory at [mem 0x3e37b000-0x3e37cb06]
[    0.012481] ACPI: Reserving FACS table memory at [mem 0x3e3dd000-0x3e3dd03f]
[    0.012482] ACPI: Reserving APIC table memory at [mem 0x3e379000-0x3e37907f]
[    0.012483] ACPI: Reserving HPET table memory at [mem 0x3e378000-0x3e378037]
[    0.012483] ACPI: Reserving WAET table memory at [mem 0x3e377000-0x3e377027]
[    0.012484] ACPI: Reserving BGRT table memory at [mem 0x3e376000-0x3e376037]
[    0.012498] ACPI: Local APIC address 0xfee00000
[    0.012521] Zone ranges:
[    0.012522]   DMA      [mem 0x0000000000001000-0x0000000000ffffff]
[    0.012523]   DMA32    [mem 0x0000000001000000-0x000000003e6ebfff]
[    0.012524]   Normal   empty
[    0.012525] Movable zone start for each node
[    0.012526] Early memory node ranges
[    0.012527]   node   0: [mem 0x0000000000001000-0x000000000009ffff]
[    0.012528]   node   0: [mem 0x0000000000100000-0x00000000007fffff]
[    0.012528]   node   0: [mem 0x0000000000808000-0x000000000080afff]
[    0.012529]   node   0: [mem 0x000000000080c000-0x000000000080ffff]
[    0.012529]   node   0: [mem 0x0000000000900000-0x000000003e0ecfff]
[    0.012530]   node   0: [mem 0x000000003e3ff000-0x000000003e6ebfff]
[    0.012531] Initmem setup node 0 [mem 0x0000000000001000-0x000000003e6ebfff]
[    0.012532] On node 0 totalpages: 254592
[    0.012533]   DMA zone: 59 pages used for memmap
[    0.012534]   DMA zone: 1815 pages reserved
[    0.012535]   DMA zone: 3750 pages, LIFO batch:0
[    0.012536]   DMA32 zone: 3932 pages used for memmap
[    0.012536]   DMA32 zone: 250842 pages, LIFO batch:63
[    0.012538] On node 0, zone DMA: 1 pages in unavailable ranges
[    0.012546] On node 0, zone DMA: 96 pages in unavailable ranges
[    0.012547] On node 0, zone DMA: 8 pages in unavailable ranges
[    0.012548] On node 0, zone DMA: 1 pages in unavailable ranges
[    0.012557] On node 0, zone DMA: 240 pages in unavailable ranges
[    0.013665] On node 0, zone DMA32: 786 pages in unavailable ranges
[    0.013728] On node 0, zone DMA32: 6420 pages in unavailable ranges
[    0.014005] ACPI: PM-Timer IO Port: 0xb008
[    0.014007] ACPI: Local APIC address 0xfee00000
[    0.014012] ACPI: LAPIC_NMI (acpi_id[0xff] dfl dfl lint[0x1])
[    0.014038] IOAPIC[0]: apic_id 0, version 17, address 0xfec00000, GSI 0-23
[    0.014041] ACPI: INT_SRC_OVR (bus 0 bus_irq 0 global_irq 2 dfl dfl)
[    0.014042] ACPI: INT_SRC_OVR (bus 0 bus_irq 5 global_irq 5 high level)
[    0.014043] ACPI: INT_SRC_OVR (bus 0 bus_irq 9 global_irq 9 high level)
[    0.014044] ACPI: INT_SRC_OVR (bus 0 bus_irq 10 global_irq 10 high level)
[    0.014045] ACPI: INT_SRC_OVR (bus 0 bus_irq 11 global_irq 11 high level)
[    0.014046] ACPI: IRQ0 used by override.
[    0.014047] ACPI: IRQ5 used by override.
[    0.014048] ACPI: IRQ9 used by override.
[    0.014048] ACPI: IRQ10 used by override.
[    0.014049] ACPI: IRQ11 used by override.
[    0.014051] Using ACPI (MADT) for SMP configuration information
[    0.014052] ACPI: HPET id: 0x8086a201 base: 0xfed00000
[    0.014059] smpboot: Allowing 2 CPUs, 0 hotplug CPUs
[    0.014070] [mem 0x3e800000-0xfeffbfff] available for PCI devices
[    0.014072] clocksource: refined-jiffies: mask: 0xffffffff max_cycles: 0xffffffff, max_idle_ns: 1910969940391419 ns
[    0.014076] setup_percpu: NR_CPUS:8 nr_cpumask_bits:8 nr_cpu_ids:2 nr_node_ids:1
[    0.014153] percpu: Embedded 47 pages/cpu s154456 r8192 d29864 u1048576
[    0.014157] pcpu-alloc: s154456 r8192 d29864 u1048576 alloc=1*2097152
[    0.014158] pcpu-alloc: [0] 0 1 
[    0.014171] Built 1 zonelists, mobility grouping on.  Total pages: 248786
[    0.014172] Kernel command line: vga=791 accord quiet loglevel=0 
[    0.014269] Dentry cache hash table entries: 131072 (order: 8, 1048576 bytes, linear)
[    0.014280] Inode-cache hash table entries: 65536 (order: 7, 524288 bytes, linear)
[    0.014318] mem auto-init: stack:off, heap alloc:off, heap free:off
[    0.017028] Memory: 912848K/1018368K available (10242K kernel code, 1441K rwdata, 2600K rodata, 29484K init, 1760K bss, 105260K reserved, 0K cma-reserved)
[    0.017052] SLUB: HWalign=64, Order=0-3, MinObjects=0, CPUs=2, Nodes=1
[    0.017056] Kernel/User page tables isolation: enabled
[    0.017241] rcu: Hierarchical RCU implementation.
[    0.017242] rcu: 	RCU restricting CPUs from NR_CPUS=8 to nr_cpu_ids=2.
[    0.017243] rcu: RCU calculated value of scheduler-enlistment delay is 100 jiffies.
[    0.017244] rcu: Adjusting geometry for rcu_fanout_leaf=16, nr_cpu_ids=2
[    0.017254] NR_IRQS: 4352, nr_irqs: 440, preallocated irqs: 16
[    0.017417] Console: colour dummy device 80x25
[    0.017425] printk: console [tty0] enabled
[    0.017429] ACPI: Core revision 20200925
[    0.017538] clocksource: hpet: mask: 0xffffffff max_cycles: 0xffffffff, max_idle_ns: 19112604467 ns
[    0.017609] APIC: Switch to symmetric I/O mode setup
[    0.018669] ..TIMER: vector=0x30 apic1=0 pin1=2 apic2=-1 pin2=-1
[    0.023621] clocksource: tsc-early: mask: 0xffffffffffffffff max_cycles: 0x2135e12b044, max_idle_ns: 440795317322 ns
[    0.023626] Calibrating delay loop (skipped), value calculated using timer frequency.. 4607.95 BogoMIPS (lpj=2303976)
[    0.023629] pid_max: default: 32768 minimum: 301
[    0.024691] Mount-cache hash table entries: 2048 (order: 2, 16384 bytes, linear)
[    0.024693] Mountpoint-cache hash table entries: 2048 (order: 2, 16384 bytes, linear)
[    0.024906] Last level iTLB entries: 4KB 0, 2MB 0, 4MB 0
[    0.024907] Last level dTLB entries: 4KB 0, 2MB 0, 4MB 0, 1GB 0
[    0.024909] Spectre V1 : Mitigation: usercopy/swapgs barriers and __user pointer sanitization
[    0.024910] Spectre V2 : Mitigation: Retpolines
[    0.024910] Spectre V2 : Spectre v2 / SpectreRSB mitigation: Filling RSB on context switch
[    0.024911] Spectre V2 : Spectre v2 / SpectreRSB : Filling RSB on VMEXIT
[    0.024911] Speculative Store Bypass: Vulnerable
[    0.024913] MDS: Vulnerable: Clear CPU buffers attempted, no microcode
[    0.024913] MMIO Stale Data: Unknown: No mitigations
[    0.034349] Freeing SMP alternatives memory: 16K
[    0.136499] smpboot: CPU0: Intel QEMU Virtual CPU version 2.5+ (family: 0xf, model: 0x6b, stepping: 0x1)
[    0.136614] Performance Events: unsupported Netburst CPU model 107 no PMU driver, software events only.
[    0.136623] rcu: Hierarchical SRCU implementation.
[    0.136623] smp: Bringing up secondary CPUs ...
[    0.136623] x86: Booting SMP configuration:
[    0.136623] .... node  #0, CPUs:      #1
[    0.147714] smp: Brought up 1 node, 2 CPUs
[    0.147716] smpboot: Max logical packages: 1
[    0.147716] smpboot: Total of 2 processors activated (9215.90 BogoMIPS)
[    0.148680] devtmpfs: initialized
[    0.148738] clocksource: jiffies: mask: 0xffffffff max_cycles: 0xffffffff, max_idle_ns: 1911260446275000 ns
[    0.148738] futex hash table entries: 512 (order: 3, 32768 bytes, linear)
[    0.148874] NET: Registered protocol family 16
[    0.148940] audit: initializing netlink subsys (disabled)
[    0.148973] thermal_sys: Registered thermal governor 'step_wise'
[    0.148973] audit: type=2000 audit(1721839301.130:1): state=initialized audit_enabled=0 res=1
[    0.148973] cpuidle: using governor menu
[    0.148973] ACPI: bus type PCI registered
[    0.149625] PCI: Using configuration type 1 for base access
[    0.152659] HugeTLB registered 2.00 MiB page size, pre-allocated 0 pages
[    0.171625] raid6: sse2x4   gen() 20031 MB/s
[    0.187976] raid6: sse2x4   xor() 11545 MB/s
[    0.204937] raid6: sse2x2   gen() 20329 MB/s
[    0.221966] raid6: sse2x2   xor() 12071 MB/s
[    0.239014] raid6: sse2x1   gen() 15840 MB/s
[    0.255963] raid6: sse2x1   xor()  8790 MB/s
[    0.255964] raid6: using algorithm sse2x2 gen() 20329 MB/s
[    0.255964] raid6: .... xor() 12071 MB/s, rmw enabled
[    0.255965] raid6: using intx1 recovery algorithm
[    0.256660] ACPI: Added _OSI(Module Device)
[    0.256660] ACPI: Added _OSI(Processor Device)
[    0.256661] ACPI: Added _OSI(3.0 _SCP Extensions)
[    0.256662] ACPI: Added _OSI(Processor Aggregator Device)
[    0.256662] ACPI: Added _OSI(Linux-Dell-Video)
[    0.256663] ACPI: Added _OSI(Linux-Lenovo-NV-HDMI-Audio)
[    0.256664] ACPI: Added _OSI(Linux-HPI-Hybrid-Graphics)
[    0.257129] ACPI: 1 ACPI AML tables successfully acquired and loaded
[    0.257668] ACPI: Interpreter enabled
[    0.257671] ACPI: (supports S0 S5)
[    0.257672] ACPI: Using IOAPIC for interrupt routing
[    0.257691] PCI: Using host bridge windows from ACPI; if necessary, use "pci=nocrs" and report a bug
[    0.257750] ACPI: Enabled 2 GPEs in block 00 to 0F
[    0.259691] ACPI: PCI Root Bridge [PCI0] (domain 0000 [bus 00-ff])
[    0.259694] acpi PNP0A03:00: _OSC: OS supports [ASPM ClockPM Segments MSI HPX-Type3]
[    0.259697] acpi PNP0A03:00: fail to add MMCONFIG information, can't access extended PCI configuration space under this bridge.
[    0.259722] PCI host bridge to bus 0000:00
[    0.259724] pci_bus 0000:00: root bus resource [io  0x0000-0x0cf7 window]
[    0.259725] pci_bus 0000:00: root bus resource [io  0x0d00-0xffff window]
[    0.259725] pci_bus 0000:00: root bus resource [mem 0x000a0000-0x000bffff window]
[    0.259726] pci_bus 0000:00: root bus resource [mem 0x3e800000-0xfebfffff window]
[    0.259727] pci_bus 0000:00: root bus resource [mem 0x100000000-0x17fffffff window]
[    0.259728] pci_bus 0000:00: root bus resource [bus 00-ff]
[    0.259757] pci 0000:00:00.0: [8086:1237] type 00 class 0x060000
[    0.260082] pci 0000:00:01.0: [8086:7000] type 00 class 0x060100
[    0.260508] pci 0000:00:01.1: [8086:7010] type 00 class 0x010180
[    0.262044] pci 0000:00:01.1: reg 0x20: [io  0xc040-0xc04f]
[    0.262642] pci 0000:00:01.1: legacy IDE quirk: reg 0x10: [io  0x01f0-0x01f7]
[    0.262643] pci 0000:00:01.1: legacy IDE quirk: reg 0x14: [io  0x03f6]
[    0.262644] pci 0000:00:01.1: legacy IDE quirk: reg 0x18: [io  0x0170-0x0177]
[    0.262645] pci 0000:00:01.1: legacy IDE quirk: reg 0x1c: [io  0x0376]
[    0.262777] pci 0000:00:01.3: [8086:7113] type 00 class 0x068000
[    0.263099] pci 0000:00:01.3: quirk: [io  0xb000-0xb03f] claimed by PIIX4 ACPI
[    0.263105] pci 0000:00:01.3: quirk: [io  0xb100-0xb10f] claimed by PIIX4 SMB
[    0.263271] pci 0000:00:02.0: [1234:1111] type 00 class 0x030000
[    0.264640] pci 0000:00:02.0: reg 0x10: [mem 0x80000000-0x80ffffff pref]
[    0.266372] pci 0000:00:02.0: reg 0x18: [mem 0x81060000-0x81060fff]
[    0.270974] pci 0000:00:02.0: reg 0x30: [mem 0xffff0000-0xffffffff pref]
[    0.271061] pci 0000:00:02.0: BAR 0: assigned to efifb
[    0.271905] pci 0000:00:03.0: [8086:100e] type 00 class 0x020000
[    0.272627] pci 0000:00:03.0: reg 0x10: [mem 0x81040000-0x8105ffff]
[    0.273150] pci 0000:00:03.0: reg 0x14: [io  0xc000-0xc03f]
[    0.275649] pci 0000:00:03.0: reg 0x30: [mem 0xfffc0000-0xffffffff pref]
[    0.276083] pci_bus 0000:00: on NUMA node 0
[    0.276251] ACPI: PCI Interrupt Link [LNKA] (IRQs 5 *10 11)
[    0.276335] ACPI: PCI Interrupt Link [LNKB] (IRQs 5 *10 11)
[    0.276408] ACPI: PCI Interrupt Link [LNKC] (IRQs 5 10 *11)
[    0.276478] ACPI: PCI Interrupt Link [LNKD] (IRQs 5 10 *11)
[    0.276634] ACPI: PCI Interrupt Link [LNKS] (IRQs *9)
[    0.276873] pci 0000:00:02.0: vgaarb: setting as boot VGA device
[    0.276874] pci 0000:00:02.0: vgaarb: VGA device added: decodes=io+mem,owns=io+mem,locks=none
[    0.276875] pci 0000:00:02.0: vgaarb: bridge control possible
[    0.276876] vgaarb: loaded
[    0.276925] SCSI subsystem initialized
[    0.276925] libata version 3.00 loaded.
[    0.276926] ACPI: bus type USB registered
[    0.276958] usbcore: registered new interface driver usbfs
[    0.276958] usbcore: registered new interface driver hub
[    0.276958] usbcore: registered new device driver usb
[    0.276958] pps_core: LinuxPPS API ver. 1 registered
[    0.276958] pps_core: Software ver. 5.3.6 - Copyright 2005-2007 Rodolfo Giometti <giometti@linux.it>
[    0.276958] PTP clock support registered
[    0.276958] Registered efivars operations
[    0.276958] PCI: Using ACPI for IRQ routing
[    0.276958] PCI: pci_cache_line_size set to 64 bytes
[    0.276958] e820: reserve RAM buffer [mem 0x0080b000-0x008fffff]
[    0.276958] e820: reserve RAM buffer [mem 0x00810000-0x008fffff]
[    0.276958] e820: reserve RAM buffer [mem 0x3cd54018-0x3fffffff]
[    0.276958] e820: reserve RAM buffer [mem 0x3cd7b018-0x3fffffff]
[    0.276958] e820: reserve RAM buffer [mem 0x3e0ed000-0x3fffffff]
[    0.276958] e820: reserve RAM buffer [mem 0x3e6ec000-0x3fffffff]
[    0.277625] hpet: 3 channels of 0 reserved for per-cpu timers
[    0.277628] clocksource: Switched to clocksource tsc-early
[    0.277628] VFS: Disk quotas dquot_6.6.0
[    0.277628] VFS: Dquot-cache hash table entries: 512 (order 0, 4096 bytes)
[    0.277630] pnp: PnP ACPI init
[    0.277722] pnp 00:00: Plug and Play ACPI device, IDs PNP0303 (active)
[    0.277756] pnp 00:01: Plug and Play ACPI device, IDs PNP0f13 (active)
[    0.277756] pnp 00:02: [dma 2]
[    0.277777] pnp 00:02: Plug and Play ACPI device, IDs PNP0700 (active)
[    0.277798] pnp 00:03: Plug and Play ACPI device, IDs PNP0400 (active)
[    0.277798] pnp 00:04: Plug and Play ACPI device, IDs PNP0501 (active)
[    0.277824] pnp 00:05: Plug and Play ACPI device, IDs PNP0b00 (active)
[    0.277848] pnp: PnP ACPI: found 6 devices
[    0.286327] clocksource: acpi_pm: mask: 0xffffff max_cycles: 0xffffff, max_idle_ns: 2085701024 ns
[    0.286430] NET: Registered protocol family 2
[    0.286467] IP idents hash table entries: 16384 (order: 5, 131072 bytes, linear)
[    0.286606] tcp_listen_portaddr_hash hash table entries: 512 (order: 1, 8192 bytes, linear)
[    0.286608] TCP established hash table entries: 8192 (order: 4, 65536 bytes, linear)
[    0.286614] TCP bind hash table entries: 8192 (order: 5, 131072 bytes, linear)
[    0.286625] TCP: Hash tables configured (established 8192 bind 8192)
[    0.286686] UDP hash table entries: 512 (order: 2, 16384 bytes, linear)
[    0.286691] UDP-Lite hash table entries: 512 (order: 2, 16384 bytes, linear)
[    0.286720] NET: Registered protocol family 1
[    0.286730] pci 0000:00:02.0: can't claim BAR 6 [mem 0xffff0000-0xffffffff pref]: no compatible bridge window
[    0.286731] pci 0000:00:03.0: can't claim BAR 6 [mem 0xfffc0000-0xffffffff pref]: no compatible bridge window
[    0.286738] pci 0000:00:03.0: BAR 6: assigned [mem 0x3e800000-0x3e83ffff pref]
[    0.286740] pci 0000:00:02.0: BAR 6: assigned [mem 0x3e840000-0x3e84ffff pref]
[    0.286742] pci_bus 0000:00: resource 4 [io  0x0000-0x0cf7 window]
[    0.286743] pci_bus 0000:00: resource 5 [io  0x0d00-0xffff window]
[    0.286744] pci_bus 0000:00: resource 6 [mem 0x000a0000-0x000bffff window]
[    0.286744] pci_bus 0000:00: resource 7 [mem 0x3e800000-0xfebfffff window]
[    0.286745] pci_bus 0000:00: resource 8 [mem 0x100000000-0x17fffffff window]
[    0.286783] pci 0000:00:01.0: PIIX3: Enabling Passive Release
[    0.286794] pci 0000:00:00.0: Limiting direct PCI/PCI transfers
[    0.286801] pci 0000:00:01.0: Activating ISA DMA hang workarounds
[    0.286840] pci 0000:00:02.0: Video device with shadowed ROM at [mem 0x000c0000-0x000dffff]
[    0.286859] PCI: CLS 0 bytes, default 64
[    4.610602] check: Scanning for low memory corruption every 60 seconds
[    4.610861] workingset: timestamp_bits=62 max_order=18 bucket_order=0
[    4.611938] ntfs: driver 2.1.32 [Flags: R/O].
[    4.612056] fuse: init (API version 7.32)
[    4.612158] SGI XFS with ACLs, security attributes, realtime, scrub, quota, fatal assert, debug enabled
[    4.618390] xor: measuring software checksum speed
[    4.618740]    prefetch64-sse  : 29374 MB/sec
[    4.619117]    generic_sse     : 26253 MB/sec
[    4.619117] xor: using function: prefetch64-sse (29374 MB/sec)
[    4.619135] Block layer SCSI generic (bsg) driver version 0.4 loaded (major 251)
[    4.619137] io scheduler mq-deadline registered
[    4.619138] io scheduler kyber registered
[    4.619248] efifb: probing for efifb
[    4.619274] efifb: framebuffer at 0x80000000, using 4000k, total 4000k
[    4.619275] efifb: mode is 1280x800x32, linelength=5120, pages=1
[    4.619275] efifb: scrolling: redraw
[    4.619276] efifb: Truecolor: size=8:8:8:8, shift=24:16:8:0
[    4.619375] Console: switching to colour frame buffer device 160x50
[    4.621760] fb0: EFI VGA frame buffer device
[    4.621928] Serial: 8250/16550 driver, 4 ports, IRQ sharing enabled
[    4.622059] 00:04: ttyS0 at I/O 0x3f8 (irq = 4, base_baud = 115200) is a 16550A
[    4.622530] Non-volatile memory driver v1.3
[    4.622531] Linux agpgart interface v0.103
[    4.623467] loop: module loaded
[    4.623818] ata_piix 0000:00:01.1: version 2.13
[    4.624199] scsi host0: ata_piix
[    4.624343] scsi host1: ata_piix
[    4.624367] ata1: PATA max MWDMA2 cmd 0x1f0 ctl 0x3f6 bmdma 0xc040 irq 14
[    4.624368] ata2: PATA max MWDMA2 cmd 0x170 ctl 0x376 bmdma 0xc048 irq 15
[    4.624423] e100: Intel(R) PRO/100 Network Driver
[    4.624424] e100: Copyright(c) 1999-2006 Intel Corporation
[    4.624428] e1000: Intel(R) PRO/1000 Network Driver
[    4.624429] e1000: Copyright (c) 1999-2006 Intel Corporation.
[    4.639497] PCI Interrupt Link [LNKC] enabled at IRQ 11
[    4.777985] ata1.01: NODEV after polling detection
[    4.778224] ata1.00: ATA-7: QEMU HARDDISK, 2.5+, max UDMA/100
[    4.778225] ata1.00: 204800 sectors, multi 16: LBA48 
[    4.778685] scsi 0:0:0:0: Direct-Access     ATA      QEMU HARDDISK    2.5+ PQ: 0 ANSI: 5
[    4.778856] sd 0:0:0:0: [sda] 204800 512-byte logical blocks: (105 MB/100 MiB)
[    4.778861] sd 0:0:0:0: [sda] Write Protect is off
[    4.778862] sd 0:0:0:0: [sda] Mode Sense: 00 3a 00 00
[    4.778871] sd 0:0:0:0: [sda] Write cache: enabled, read cache: enabled, doesn't support DPO or FUA
[    4.778951] sd 0:0:0:0: Attached scsi generic sg0 type 0
[    4.780112]  sda:
[    4.780229] sd 0:0:0:0: [sda] Attached SCSI disk
[    4.785961] ata2.01: NODEV after polling detection
[    4.786193] ata2.00: ATAPI: QEMU DVD-ROM, 2.5+, max UDMA/100
[    4.786967] scsi 1:0:0:0: CD-ROM            QEMU     QEMU DVD-ROM     2.5+ PQ: 0 ANSI: 5
[    4.928415] sr 1:0:0:0: [sr0] scsi3-mmc drive: 4x/4x cd/rw xa/form2 tray
[    4.928422] cdrom: Uniform CD-ROM driver Revision: 3.20
[    4.949442] sr 1:0:0:0: Attached scsi CD-ROM sr0
[    4.949618] sr 1:0:0:0: Attached scsi generic sg1 type 5
[    4.957234] e1000 0000:00:03.0 eth0: (PCI:33MHz:32-bit) 52:54:00:12:34:56
[    4.957240] e1000 0000:00:03.0 eth0: Intel(R) PRO/1000 Network Connection
[    4.957262] e1000e: Intel(R) PRO/1000 Network Driver
[    4.957263] e1000e: Copyright(c) 1999 - 2015 Intel Corporation.
[    4.957290] igb: Intel(R) Gigabit Ethernet Network Driver
[    4.957291] igb: Copyright (c) 2007-2014 Intel Corporation.
[    4.957300] igbvf: Intel(R) Gigabit Virtual Function Network Driver
[    4.957301] igbvf: Copyright (c) 2009 - 2012 Intel Corporation.
[    4.957306] ixgbe: Intel(R) 10 Gigabit PCI Express Network Driver
[    4.957307] ixgbe: Copyright (c) 1999-2016 Intel Corporation.
[    4.957374] ixgbevf: Intel(R) 10 Gigabit PCI Express Virtual Function Network Driver
[    4.957375] ixgbevf: Copyright (c) 2009 - 2018 Intel Corporation.
[    4.957419] i40e: Intel(R) Ethernet Connection XL710 Network Driver
[    4.957420] i40e: Copyright (c) 2013 - 2019 Intel Corporation.
[    4.957474] ixgb: Intel(R) PRO/10GbE Network Driver
[    4.957474] ixgb: Copyright (c) 1999-2008 Intel Corporation.
[    4.957484] iavf: Intel(R) Ethernet Adaptive Virtual Function Network Driver
[    4.957485] Copyright (c) 2013 - 2018 Intel Corporation.
[    4.957510] Intel(R) Ethernet Switch Host Interface Driver
[    4.957511] Copyright(c) 2013 - 2019 Intel Corporation.
[    4.957575] ehci_hcd: USB 2.0 'Enhanced' Host Controller (EHCI) Driver
[    4.957577] ehci-pci: EHCI PCI platform driver
[    4.957583] ehci-platform: EHCI generic platform driver
[    4.957591] ohci_hcd: USB 1.1 'Open' Host Controller (OHCI) Driver
[    4.957593] ohci-pci: OHCI PCI platform driver
[    4.957599] uhci_hcd: USB Universal Host Controller Interface driver
[    4.957658] usbcore: registered new interface driver usb-storage
[    4.957685] i8042: PNP: PS/2 Controller [PNP0303:KBD,PNP0f13:MOU] at 0x60,0x64 irq 1,12
[    4.958622] serio: i8042 KBD port at 0x60,0x64 irq 1
[    4.958654] serio: i8042 AUX port at 0x60,0x64 irq 12
[    4.958759] mousedev: PS/2 mouse device common for all mice
[    4.958808] usbcore: registered new interface driver synaptics_usb
[    4.958905] device-mapper: ioctl: 4.43.0-ioctl (2020-10-01) initialised: dm-devel@redhat.com
[    4.958910] intel_pstate: CPU model not supported
[    4.958925] sdhci: Secure Digital Host Controller Interface driver
[    4.958925] sdhci: Copyright(c) Pierre Ossman
[    4.958944] wbsd: Winbond W83L51xD SD/MMC card interface driver
[    4.958944] wbsd: Copyright(c) Pierre Ossman
[    4.958964] VUB300 Driver rom wait states = 1C irqpoll timeout = 0400
[    4.959228] input: AT Translated Set 2 keyboard as /devices/platform/i8042/serio0/input/input0
[    4.959498] usbcore: registered new interface driver vub300
[    4.959502] usbcore: registered new interface driver ushc
[    4.959512] sdhci-pltfm: SDHCI platform and OF driver helper
[    4.959542] EFI Variables Facility v0.08 2004-May-17
[    4.960093] pstore: Registered efi as persistent store backend
[    4.960430] hid: raw HID events driver (C) Jiri Kosina
[    4.960497] usbcore: registered new interface driver usbhid
[    4.960498] usbhid: USB HID core driver
[    4.960593] NET: Registered protocol family 10
[    4.960895] Segment Routing with IPv6
[    4.960908] sit: IPv6, IPv4 and MPLS over IPv4 tunneling driver
[    4.961005] NET: Registered protocol family 17
[    4.961295] IPI shorthand broadcast: enabled
[    4.961306] sched_clock: Marking stable (4959405093, 1225850)->(4964517428, -3886485)
[    4.961423] registered taskstats version 1
[    4.961479] pstore: Using crash dump compression: deflate
[    4.964140] Freeing unused kernel image (initmem) memory: 29484K
[    4.965745] Write protecting the kernel read-only data: 16384k
[    4.966900] Freeing unused kernel image (text/rodata gap) memory: 2044K
[    4.967109] Freeing unused kernel image (rodata/data gap) memory: 1496K
[    4.967150] Run /init as init process
[    4.967151]   with arguments:
[    4.967151]     /init
[    4.967152]     accord
[    4.967152]   with environment:
[    4.967152]     HOME=/
[    4.967153]     TERM=linux
[    4.967153]     vga=791
[    4.986415] systemd-udevd[841]: starting version 198
[    5.581052] input: ImExPS/2 Generic Explorer Mouse as /devices/platform/i8042/serio1/input/input2
[    5.617858] tsc: Refined TSC clocksource calibration: 2303.982 MHz
[    5.617898] clocksource: tsc: mask: 0xffffffffffffffff max_cycles: 0x2135e6d29f7, max_idle_ns: 440795306293 ns
[    5.617997] clocksource: Switched to clocksource tsc
