[    0.000000] Linux version 5.10.144 (root@akh-okbsapr) (gcc (Debian 8.3.0-6) 8.3.0, GNU ld (GNU Binutils for Debian) 2.31.1) #62 SMP Tue Oct 17 14:44:56 MSK 2023
[    0.000000] Command line: 
[    0.000000] x86/fpu: x87 FPU will use FXSAVE
[    0.000000] BIOS-provided physical RAM map:
[    0.000000] BIOS-e820: [mem 0x0000000000000000-0x000000000009ffff] usable
[    0.000000] BIOS-e820: [mem 0x0000000000100000-0x00000000007fffff] usable
[    0.000000] BIOS-e820: [mem 0x0000000000800000-0x0000000000807fff] ACPI NVS
[    0.000000] BIOS-e820: [mem 0x0000000000808000-0x000000000080afff] usable
[    0.000000] BIOS-e820: [mem 0x000000000080b000-0x000000000080bfff] ACPI NVS
[    0.000000] BIOS-e820: [mem 0x000000000080c000-0x000000000080ffff] usable
[    0.000000] BIOS-e820: [mem 0x0000000000810000-0x00000000008fffff] ACPI NVS
[    0.000000] BIOS-e820: [mem 0x0000000000900000-0x000000003e0ecfff] usable
[    0.000000] BIOS-e820: [mem 0x000000003e0ed000-0x000000003e36cfff] reserved
[    0.000000] BIOS-e820: [mem 0x000000003e36d000-0x000000003e37efff] ACPI data
[    0.000000] BIOS-e820: [mem 0x000000003e37f000-0x000000003e3fefff] ACPI NVS
[    0.000000] BIOS-e820: [mem 0x000000003e3ff000-0x000000003e6ebfff] usable
[    0.000000] BIOS-e820: [mem 0x000000003e6ec000-0x000000003e76ffff] reserved
[    0.000000] BIOS-e820: [mem 0x000000003e770000-0x000000003e7fffff] ACPI NVS
[    0.000000] BIOS-e820: [mem 0x00000000feffc000-0x00000000feffffff] reserved
[    0.000000] NX (Execute Disable) protection: active
[    0.000000] e820: update [mem 0x3cdb0018-0x3cdb8e57] usable ==> usable
[    0.000000] e820: update [mem 0x3cdb0018-0x3cdb8e57] usable ==> usable
[    0.000000] e820: update [mem 0x3cd89018-0x3cdafe57] usable ==> usable
[    0.000000] e820: update [mem 0x3cd89018-0x3cdafe57] usable ==> usable
[    0.000000] extended physical RAM map:
[    0.000000] reserve setup_data: [mem 0x0000000000000000-0x000000000009ffff] usable
[    0.000000] reserve setup_data: [mem 0x0000000000100000-0x00000000007fffff] usable
[    0.000000] reserve setup_data: [mem 0x0000000000800000-0x0000000000807fff] ACPI NVS
[    0.000000] reserve setup_data: [mem 0x0000000000808000-0x000000000080afff] usable
[    0.000000] reserve setup_data: [mem 0x000000000080b000-0x000000000080bfff] ACPI NVS
[    0.000000] reserve setup_data: [mem 0x000000000080c000-0x000000000080ffff] usable
[    0.000000] reserve setup_data: [mem 0x0000000000810000-0x00000000008fffff] ACPI NVS
[    0.000000] reserve setup_data: [mem 0x0000000000900000-0x000000003cd89017] usable
[    0.000000] reserve setup_data: [mem 0x000000003cd89018-0x000000003cdafe57] usable
[    0.000000] reserve setup_data: [mem 0x000000003cdafe58-0x000000003cdb0017] usable
[    0.000000] reserve setup_data: [mem 0x000000003cdb0018-0x000000003cdb8e57] usable
[    0.000000] reserve setup_data: [mem 0x000000003cdb8e58-0x000000003e0ecfff] usable
[    0.000000] reserve setup_data: [mem 0x000000003e0ed000-0x000000003e36cfff] reserved
[    0.000000] reserve setup_data: [mem 0x000000003e36d000-0x000000003e37efff] ACPI data
[    0.000000] reserve setup_data: [mem 0x000000003e37f000-0x000000003e3fefff] ACPI NVS
[    0.000000] reserve setup_data: [mem 0x000000003e3ff000-0x000000003e6ebfff] usable
[    0.000000] reserve setup_data: [mem 0x000000003e6ec000-0x000000003e76ffff] reserved
[    0.000000] reserve setup_data: [mem 0x000000003e770000-0x000000003e7fffff] ACPI NVS
[    0.000000] reserve setup_data: [mem 0x00000000feffc000-0x00000000feffffff] reserved
[    0.000000] efi: EFI v2.70 by EDK II
[    0.000000] efi: SMBIOS=0x3e13f000 ACPI=0x3e37e000 ACPI 2.0=0x3e37e014 MEMATTR=0x3d01e018 
[    0.000000] efi: memattr: Unexpected EFI Memory Attributes table version 2
[    0.000000] SMBIOS 2.8 present.
[    0.000000] DMI: QEMU Standard PC (i440FX + PIIX, 1996), BIOS unknown 2/2/2022
[    0.000000] tsc: Fast TSC calibration using PIT
[    0.000000] tsc: Detected 2303.902 MHz processor
[    0.000072] e820: update [mem 0x00000000-0x00000fff] usable ==> reserved
[    0.000074] e820: remove [mem 0x000a0000-0x000fffff] usable
[    0.000080] last_pfn = 0x3e6ec max_arch_pfn = 0x400000000
[    0.000106] MTRR default type: write-back
[    0.000107] MTRR fixed ranges enabled:
[    0.000107]   00000-9FFFF write-back
[    0.000108]   A0000-FFFFF uncachable
[    0.000109] MTRR variable ranges enabled:
[    0.000110]   0 base 0080000000 mask FF80000000 uncachable
[    0.000110]   1 base 0800000000 mask F800000000 uncachable
[    0.000111]   2 disabled
[    0.000111]   3 disabled
[    0.000111]   4 disabled
[    0.000112]   5 disabled
[    0.000112]   6 disabled
[    0.000113]   7 disabled
[    0.000122] x86/PAT: Configuration [0-7]: WB  WC  UC- UC  WB  WP  UC- WT  
[    0.012977] check: Scanning 1 areas for low memory corruption
[    0.013576] Secure boot disabled
[    0.013579] ACPI: Early table checksum verification disabled
[    0.013582] ACPI: RSDP 0x000000003E37E014 000024 (v02 BOCHS )
[    0.013586] ACPI: XSDT 0x000000003E37D0E8 00004C (v01 BOCHS  BXPC     00000001      01000013)
[    0.013591] ACPI: FACP 0x000000003E37A000 000074 (v01 BOCHS  BXPC     00000001 BXPC 00000001)
[    0.013597] ACPI: DSDT 0x000000003E37B000 001B41 (v01 BOCHS  BXPC     00000001 BXPC 00000001)
[    0.013601] ACPI: FACS 0x000000003E3DD000 000040
[    0.013605] ACPI: APIC 0x000000003E379000 000080 (v03 BOCHS  BXPC     00000001 BXPC 00000001)
[    0.013608] ACPI: HPET 0x000000003E378000 000038 (v01 BOCHS  BXPC     00000001 BXPC 00000001)
[    0.013612] ACPI: WAET 0x000000003E377000 000028 (v01 BOCHS  BXPC     00000001 BXPC 00000001)
[    0.013616] ACPI: BGRT 0x000000003E376000 000038 (v01 INTEL  EDK2     00000002      01000013)
[    0.013620] ACPI: Reserving FACP table memory at [mem 0x3e37a000-0x3e37a073]
[    0.013621] ACPI: Reserving DSDT table memory at [mem 0x3e37b000-0x3e37cb40]
[    0.013622] ACPI: Reserving FACS table memory at [mem 0x3e3dd000-0x3e3dd03f]
[    0.013623] ACPI: Reserving APIC table memory at [mem 0x3e379000-0x3e37907f]
[    0.013624] ACPI: Reserving HPET table memory at [mem 0x3e378000-0x3e378037]
[    0.013625] ACPI: Reserving WAET table memory at [mem 0x3e377000-0x3e377027]
[    0.013626] ACPI: Reserving BGRT table memory at [mem 0x3e376000-0x3e376037]
[    0.013644] ACPI: Local APIC address 0xfee00000
[    0.013675] Zone ranges:
[    0.013676]   DMA      [mem 0x0000000000001000-0x0000000000ffffff]
[    0.013677]   DMA32    [mem 0x0000000001000000-0x000000003e6ebfff]
[    0.013679]   Normal   empty
[    0.013680] Movable zone start for each node
[    0.013680] Early memory node ranges
[    0.013681]   node   0: [mem 0x0000000000001000-0x000000000009ffff]
[    0.013682]   node   0: [mem 0x0000000000100000-0x00000000007fffff]
[    0.013683]   node   0: [mem 0x0000000000808000-0x000000000080afff]
[    0.013684]   node   0: [mem 0x000000000080c000-0x000000000080ffff]
[    0.013685]   node   0: [mem 0x0000000000900000-0x000000003e0ecfff]
[    0.013686]   node   0: [mem 0x000000003e3ff000-0x000000003e6ebfff]
[    0.013687] Initmem setup node 0 [mem 0x0000000000001000-0x000000003e6ebfff]
[    0.013689] On node 0 totalpages: 254592
[    0.013690]   DMA zone: 59 pages used for memmap
[    0.013691]   DMA zone: 1815 pages reserved
[    0.013691]   DMA zone: 3750 pages, LIFO batch:0
[    0.013693]   DMA32 zone: 3932 pages used for memmap
[    0.013693]   DMA32 zone: 250842 pages, LIFO batch:63
[    0.013696] On node 0, zone DMA: 1 pages in unavailable ranges
[    0.013706] On node 0, zone DMA: 96 pages in unavailable ranges
[    0.013707] On node 0, zone DMA: 8 pages in unavailable ranges
[    0.013708] On node 0, zone DMA: 1 pages in unavailable ranges
[    0.013719] On node 0, zone DMA: 240 pages in unavailable ranges
[    0.015222] On node 0, zone DMA32: 786 pages in unavailable ranges
[    0.015293] On node 0, zone DMA32: 6420 pages in unavailable ranges
[    0.015668] ACPI: PM-Timer IO Port: 0xb008
[    0.015669] ACPI: Local APIC address 0xfee00000
[    0.015675] ACPI: LAPIC_NMI (acpi_id[0xff] dfl dfl lint[0x1])
[    0.015708] IOAPIC[0]: apic_id 0, version 17, address 0xfec00000, GSI 0-23
[    0.015710] ACPI: INT_SRC_OVR (bus 0 bus_irq 0 global_irq 2 dfl dfl)
[    0.015712] ACPI: INT_SRC_OVR (bus 0 bus_irq 5 global_irq 5 high level)
[    0.015713] ACPI: INT_SRC_OVR (bus 0 bus_irq 9 global_irq 9 high level)
[    0.015714] ACPI: INT_SRC_OVR (bus 0 bus_irq 10 global_irq 10 high level)
[    0.015715] ACPI: INT_SRC_OVR (bus 0 bus_irq 11 global_irq 11 high level)
[    0.015716] ACPI: IRQ0 used by override.
[    0.015717] ACPI: IRQ5 used by override.
[    0.015719] ACPI: IRQ9 used by override.
[    0.015719] ACPI: IRQ10 used by override.
[    0.015720] ACPI: IRQ11 used by override.
[    0.015722] Using ACPI (MADT) for SMP configuration information
[    0.015724] ACPI: HPET id: 0x8086a201 base: 0xfed00000
[    0.015731] smpboot: Allowing 2 CPUs, 0 hotplug CPUs
[    0.015746] [mem 0x3e800000-0xfeffbfff] available for PCI devices
[    0.015749] clocksource: refined-jiffies: mask: 0xffffffff max_cycles: 0xffffffff, max_idle_ns: 1910969940391419 ns
[    0.015753] setup_percpu: NR_CPUS:8 nr_cpumask_bits:8 nr_cpu_ids:2 nr_node_ids:1
[    0.015837] percpu: Embedded 47 pages/cpu s154456 r8192 d29864 u1048576
[    0.015842] pcpu-alloc: s154456 r8192 d29864 u1048576 alloc=1*2097152
[    0.015844] pcpu-alloc: [0] 0 1 
[    0.015860] Built 1 zonelists, mobility grouping on.  Total pages: 248786
[    0.015862] Kernel command line: vga=791 accord quiet loglevel=0 
[    0.015974] Dentry cache hash table entries: 131072 (order: 8, 1048576 bytes, linear)
[    0.015993] Inode-cache hash table entries: 65536 (order: 7, 524288 bytes, linear)
[    0.016033] mem auto-init: stack:off, heap alloc:off, heap free:off
[    0.018827] Memory: 913064K/1018368K available (10242K kernel code, 1441K rwdata, 2600K rodata, 29484K init, 1760K bss, 105044K reserved, 0K cma-reserved)
[    0.018864] SLUB: HWalign=64, Order=0-3, MinObjects=0, CPUs=2, Nodes=1
[    0.018870] Kernel/User page tables isolation: enabled
[    0.018920] rcu: Hierarchical RCU implementation.
[    0.018921] rcu: 	RCU restricting CPUs from NR_CPUS=8 to nr_cpu_ids=2.
[    0.018922] rcu: RCU calculated value of scheduler-enlistment delay is 100 jiffies.
[    0.018923] rcu: Adjusting geometry for rcu_fanout_leaf=16, nr_cpu_ids=2
[    0.018936] NR_IRQS: 4352, nr_irqs: 440, preallocated irqs: 16
[    0.019205] Console: colour dummy device 80x25
[    0.019218] printk: console [tty0] enabled
[    0.019223] ACPI: Core revision 20200925
[    0.019367] clocksource: hpet: mask: 0xffffffff max_cycles: 0xffffffff, max_idle_ns: 19112604467 ns
[    0.019457] APIC: Switch to symmetric I/O mode setup
[    0.020687] ..TIMER: vector=0x30 apic1=0 pin1=2 apic2=-1 pin2=-1
[    0.025505] clocksource: tsc-early: mask: 0xffffffffffffffff max_cycles: 0x21359b28e5c, max_idle_ns: 440795285457 ns
[    0.025512] Calibrating delay loop (skipped), value calculated using timer frequency.. 4607.80 BogoMIPS (lpj=2303902)
[    0.025514] pid_max: default: 32768 minimum: 301
[    0.026904] Mount-cache hash table entries: 2048 (order: 2, 16384 bytes, linear)
[    0.026907] Mountpoint-cache hash table entries: 2048 (order: 2, 16384 bytes, linear)
[    0.027225] Last level iTLB entries: 4KB 0, 2MB 0, 4MB 0
[    0.027226] Last level dTLB entries: 4KB 0, 2MB 0, 4MB 0, 1GB 0
[    0.027229] Spectre V1 : Mitigation: usercopy/swapgs barriers and __user pointer sanitization
[    0.027231] Spectre V2 : Mitigation: Retpolines
[    0.027231] Spectre V2 : Spectre v2 / SpectreRSB mitigation: Filling RSB on context switch
[    0.027232] Spectre V2 : Spectre v2 / SpectreRSB : Filling RSB on VMEXIT
[    0.027233] Speculative Store Bypass: Vulnerable
[    0.027235] MDS: Vulnerable: Clear CPU buffers attempted, no microcode
[    0.027236] MMIO Stale Data: Unknown: No mitigations
[    0.039343] Freeing SMP alternatives memory: 16K
[    0.141508] smpboot: CPU0: Intel QEMU Virtual CPU version 2.5+ (family: 0xf, model: 0x6b, stepping: 0x1)
[    0.141508] Performance Events: unsupported Netburst CPU model 107 no PMU driver, software events only.
[    0.141508] rcu: Hierarchical SRCU implementation.
[    0.141508] smp: Bringing up secondary CPUs ...
[    0.141508] x86: Booting SMP configuration:
[    0.141508] .... node  #0, CPUs:      #1
[    0.152568] smp: Brought up 1 node, 2 CPUs
[    0.152569] smpboot: Max logical packages: 1
[    0.152571] smpboot: Total of 2 processors activated (9215.60 BogoMIPS)
[    0.153593] devtmpfs: initialized
[    0.153621] clocksource: jiffies: mask: 0xffffffff max_cycles: 0xffffffff, max_idle_ns: 1911260446275000 ns
[    0.153621] futex hash table entries: 512 (order: 3, 32768 bytes, linear)
[    0.153805] NET: Registered protocol family 16
[    0.153805] audit: initializing netlink subsys (disabled)
[    0.153805] audit: type=2000 audit(1721848739.133:1): state=initialized audit_enabled=0 res=1
[    0.153805] thermal_sys: Registered thermal governor 'step_wise'
[    0.153805] cpuidle: using governor menu
[    0.153805] ACPI: bus type PCI registered
[    0.154596] PCI: Using configuration type 1 for base access
[    0.156223] HugeTLB registered 2.00 MiB page size, pre-allocated 0 pages
[    0.173512] raid6: sse2x4   gen() 19302 MB/s
[    0.190512] raid6: sse2x4   xor()  9866 MB/s
[    0.207513] raid6: sse2x2   gen() 14118 MB/s
[    0.224520] raid6: sse2x2   xor() 11970 MB/s
[    0.241514] raid6: sse2x1   gen() 14625 MB/s
[    0.258512] raid6: sse2x1   xor()  8585 MB/s
[    0.258514] raid6: using algorithm sse2x4 gen() 19302 MB/s
[    0.258515] raid6: .... xor() 9866 MB/s, rmw enabled
[    0.258516] raid6: using intx1 recovery algorithm
[    0.258616] ACPI: Added _OSI(Module Device)
[    0.258617] ACPI: Added _OSI(Processor Device)
[    0.258617] ACPI: Added _OSI(3.0 _SCP Extensions)
[    0.258618] ACPI: Added _OSI(Processor Aggregator Device)
[    0.258619] ACPI: Added _OSI(Linux-Dell-Video)
[    0.258620] ACPI: Added _OSI(Linux-Lenovo-NV-HDMI-Audio)
[    0.258621] ACPI: Added _OSI(Linux-HPI-Hybrid-Graphics)
[    0.259015] ACPI: 1 ACPI AML tables successfully acquired and loaded
[    0.260535] ACPI: Interpreter enabled
[    0.260535] ACPI: (supports S0 S5)
[    0.260535] ACPI: Using IOAPIC for interrupt routing
[    0.260535] PCI: Using host bridge windows from ACPI; if necessary, use "pci=nocrs" and report a bug
[    0.260535] ACPI: Enabled 2 GPEs in block 00 to 0F
[    0.263540] ACPI: PCI Root Bridge [PCI0] (domain 0000 [bus 00-ff])
[    0.263540] acpi PNP0A03:00: _OSC: OS supports [ASPM ClockPM Segments MSI HPX-Type3]
[    0.263572] acpi PNP0A03:00: fail to add MMCONFIG information, can't access extended PCI configuration space under this bridge.
[    0.263572] PCI host bridge to bus 0000:00
[    0.263572] pci_bus 0000:00: root bus resource [io  0x0000-0x0cf7 window]
[    0.263573] pci_bus 0000:00: root bus resource [io  0x0d00-0xffff window]
[    0.263575] pci_bus 0000:00: root bus resource [mem 0x000a0000-0x000bffff window]
[    0.263576] pci_bus 0000:00: root bus resource [mem 0x3e800000-0xfebfffff window]
[    0.263577] pci_bus 0000:00: root bus resource [mem 0x100000000-0x17fffffff window]
[    0.263578] pci_bus 0000:00: root bus resource [bus 00-ff]
[    0.263623] pci 0000:00:00.0: [8086:1237] type 00 class 0x060000
[    0.264520] pci 0000:00:01.0: [8086:7000] type 00 class 0x060100
[    0.264574] pci 0000:00:01.1: [8086:7010] type 00 class 0x010180
[    0.265976] pci 0000:00:01.1: reg 0x20: [io  0xc060-0xc06f]
[    0.266529] pci 0000:00:01.1: legacy IDE quirk: reg 0x10: [io  0x01f0-0x01f7]
[    0.266530] pci 0000:00:01.1: legacy IDE quirk: reg 0x14: [io  0x03f6]
[    0.266530] pci 0000:00:01.1: legacy IDE quirk: reg 0x18: [io  0x0170-0x0177]
[    0.266531] pci 0000:00:01.1: legacy IDE quirk: reg 0x1c: [io  0x0376]
[    0.266793] pci 0000:00:01.2: [8086:7020] type 00 class 0x0c0300
[    0.268512] pci 0000:00:01.2: reg 0x20: [io  0xc040-0xc05f]
[    0.269526] pci 0000:00:01.3: [8086:7113] type 00 class 0x068000
[    0.269526] pci 0000:00:01.3: quirk: [io  0xb000-0xb03f] claimed by PIIX4 ACPI
[    0.269526] pci 0000:00:01.3: quirk: [io  0xb100-0xb10f] claimed by PIIX4 SMB
[    0.269649] pci 0000:00:02.0: [1234:1111] type 00 class 0x030000
[    0.272514] pci 0000:00:02.0: reg 0x10: [mem 0x80000000-0x80ffffff pref]
[    0.273543] pci 0000:00:02.0: reg 0x18: [mem 0x81060000-0x81060fff]
[    0.276516] pci 0000:00:02.0: reg 0x30: [mem 0xffff0000-0xffffffff pref]
[    0.276565] pci 0000:00:02.0: BAR 0: assigned to efifb
[    0.277651] pci 0000:00:03.0: [8086:100e] type 00 class 0x020000
[    0.279513] pci 0000:00:03.0: reg 0x10: [mem 0x81040000-0x8105ffff]
[    0.280101] pci 0000:00:03.0: reg 0x14: [io  0xc000-0xc03f]
[    0.283458] pci 0000:00:03.0: reg 0x30: [mem 0xfffc0000-0xffffffff pref]
[    0.283850] pci_bus 0000:00: on NUMA node 0
[    0.284026] ACPI: PCI Interrupt Link [LNKA] (IRQs 5 *10 11)
[    0.284117] ACPI: PCI Interrupt Link [LNKB] (IRQs 5 *10 11)
[    0.284195] ACPI: PCI Interrupt Link [LNKC] (IRQs 5 10 *11)
[    0.284269] ACPI: PCI Interrupt Link [LNKD] (IRQs 5 10 *11)
[    0.284318] ACPI: PCI Interrupt Link [LNKS] (IRQs *9)
[    0.284628] pci 0000:00:02.0: vgaarb: setting as boot VGA device
[    0.284630] pci 0000:00:02.0: vgaarb: VGA device added: decodes=io+mem,owns=io+mem,locks=none
[    0.284631] pci 0000:00:02.0: vgaarb: bridge control possible
[    0.284632] vgaarb: loaded
[    0.284787] SCSI subsystem initialized
[    0.284824] libata version 3.00 loaded.
[    0.284849] ACPI: bus type USB registered
[    0.284866] usbcore: registered new interface driver usbfs
[    0.284874] usbcore: registered new interface driver hub
[    0.284878] usbcore: registered new device driver usb
[    0.284888] pps_core: LinuxPPS API ver. 1 registered
[    0.284888] pps_core: Software ver. 5.3.6 - Copyright 2005-2007 Rodolfo Giometti <giometti@linux.it>
[    0.284890] PTP clock support registered
[    0.285121] Registered efivars operations
[    0.285121] PCI: Using ACPI for IRQ routing
[    0.285121] PCI: pci_cache_line_size set to 64 bytes
[    0.285121] e820: reserve RAM buffer [mem 0x0080b000-0x008fffff]
[    0.285121] e820: reserve RAM buffer [mem 0x00810000-0x008fffff]
[    0.285121] e820: reserve RAM buffer [mem 0x3cd89018-0x3fffffff]
[    0.285121] e820: reserve RAM buffer [mem 0x3cdb0018-0x3fffffff]
[    0.285121] e820: reserve RAM buffer [mem 0x3e0ed000-0x3fffffff]
[    0.285121] e820: reserve RAM buffer [mem 0x3e6ec000-0x3fffffff]
[    0.285121] hpet: 3 channels of 0 reserved for per-cpu timers
[    0.285515] clocksource: Switched to clocksource tsc-early
[    0.285515] VFS: Disk quotas dquot_6.6.0
[    0.285515] VFS: Dquot-cache hash table entries: 512 (order 0, 4096 bytes)
[    0.285517] pnp: PnP ACPI init
[    0.285629] pnp 00:00: Plug and Play ACPI device, IDs PNP0303 (active)
[    0.285694] pnp 00:01: Plug and Play ACPI device, IDs PNP0f13 (active)
[    0.285694] pnp 00:02: [dma 2]
[    0.285728] pnp 00:02: Plug and Play ACPI device, IDs PNP0700 (active)
[    0.285763] pnp 00:03: Plug and Play ACPI device, IDs PNP0400 (active)
[    0.285778] pnp 00:04: Plug and Play ACPI device, IDs PNP0b00 (active)
[    0.286482] pnp: PnP ACPI: found 5 devices
[    0.292859] clocksource: acpi_pm: mask: 0xffffff max_cycles: 0xffffff, max_idle_ns: 2085701024 ns
[    0.292917] NET: Registered protocol family 2
[    0.292981] IP idents hash table entries: 16384 (order: 5, 131072 bytes, linear)
[    0.293280] tcp_listen_portaddr_hash hash table entries: 512 (order: 1, 8192 bytes, linear)
[    0.293284] TCP established hash table entries: 8192 (order: 4, 65536 bytes, linear)
[    0.293296] TCP bind hash table entries: 8192 (order: 5, 131072 bytes, linear)
[    0.293310] TCP: Hash tables configured (established 8192 bind 8192)
[    0.293341] UDP hash table entries: 512 (order: 2, 16384 bytes, linear)
[    0.293346] UDP-Lite hash table entries: 512 (order: 2, 16384 bytes, linear)
[    0.293395] NET: Registered protocol family 1
[    0.293409] pci 0000:00:02.0: can't claim BAR 6 [mem 0xffff0000-0xffffffff pref]: no compatible bridge window
[    0.293412] pci 0000:00:03.0: can't claim BAR 6 [mem 0xfffc0000-0xffffffff pref]: no compatible bridge window
[    0.293422] pci 0000:00:03.0: BAR 6: assigned [mem 0x3e800000-0x3e83ffff pref]
[    0.293424] pci 0000:00:02.0: BAR 6: assigned [mem 0x3e840000-0x3e84ffff pref]
[    0.293427] pci_bus 0000:00: resource 4 [io  0x0000-0x0cf7 window]
[    0.293428] pci_bus 0000:00: resource 5 [io  0x0d00-0xffff window]
[    0.293429] pci_bus 0000:00: resource 6 [mem 0x000a0000-0x000bffff window]
[    0.293431] pci_bus 0000:00: resource 7 [mem 0x3e800000-0xfebfffff window]
[    0.293432] pci_bus 0000:00: resource 8 [mem 0x100000000-0x17fffffff window]
[    0.293481] pci 0000:00:01.0: PIIX3: Enabling Passive Release
[    0.293495] pci 0000:00:00.0: Limiting direct PCI/PCI transfers
[    0.293507] pci 0000:00:01.0: Activating ISA DMA hang workarounds
[    0.320102] PCI Interrupt Link [LNKD] enabled at IRQ 11
[    0.341433] pci 0000:00:01.2: quirk_usb_early_handoff+0x0/0x62e took 46768 usecs
[    0.341490] pci 0000:00:02.0: Video device with shadowed ROM at [mem 0x000c0000-0x000dffff]
[    0.341505] PCI: CLS 0 bytes, default 64
[    4.345063] check: Scanning for low memory corruption every 60 seconds
[    4.345285] workingset: timestamp_bits=62 max_order=18 bucket_order=0
[    4.346076] ntfs: driver 2.1.32 [Flags: R/O].
[    4.346225] fuse: init (API version 7.32)
[    4.346307] SGI XFS with ACLs, security attributes, realtime, scrub, quota, fatal assert, debug enabled
[    4.353070] xor: measuring software checksum speed
[    4.353414]    prefetch64-sse  : 29249 MB/sec
[    4.353812]    generic_sse     : 26820 MB/sec
[    4.353812] xor: using function: prefetch64-sse (29249 MB/sec)
[    4.353838] Block layer SCSI generic (bsg) driver version 0.4 loaded (major 251)
[    4.353860] io scheduler mq-deadline registered
[    4.353860] io scheduler kyber registered
[    4.354020] efifb: probing for efifb
[    4.354050] efifb: framebuffer at 0x80000000, using 4000k, total 4000k
[    4.354050] efifb: mode is 1280x800x32, linelength=5120, pages=1
[    4.354051] efifb: scrolling: redraw
[    4.354052] efifb: Truecolor: size=8:8:8:8, shift=24:16:8:0
[    4.354238] Console: switching to colour frame buffer device 160x50
[    4.356748] fb0: EFI VGA frame buffer device
[    4.356912] Serial: 8250/16550 driver, 4 ports, IRQ sharing enabled
[    4.357490] Non-volatile memory driver v1.3
[    4.357492] Linux agpgart interface v0.103
[    4.358689] loop: module loaded
[    4.359026] ata_piix 0000:00:01.1: version 2.13
[    4.359528] scsi host0: ata_piix
[    4.359652] scsi host1: ata_piix
[    4.359688] ata1: PATA max MWDMA2 cmd 0x1f0 ctl 0x3f6 bmdma 0xc060 irq 14
[    4.359689] ata2: PATA max MWDMA2 cmd 0x170 ctl 0x376 bmdma 0xc068 irq 15
[    4.359759] e100: Intel(R) PRO/100 Network Driver
[    4.359760] e100: Copyright(c) 1999-2006 Intel Corporation
[    4.359765] e1000: Intel(R) PRO/1000 Network Driver
[    4.359766] e1000: Copyright (c) 1999-2006 Intel Corporation.
[    4.374474] PCI Interrupt Link [LNKC] enabled at IRQ 10
[    4.517195] ata1.01: NODEV after polling detection
[    4.517416] ata2.01: NODEV after polling detection
[    4.517681] ata1.00: ATA-7: QEMU HARDDISK, 2.5+, max UDMA/100
[    4.517682] ata1.00: 204800 sectors, multi 16: LBA48 
[    4.517869] ata2.00: ATAPI: QEMU DVD-ROM, 2.5+, max UDMA/100
[    4.518551] scsi 0:0:0:0: Direct-Access     ATA      QEMU HARDDISK    2.5+ PQ: 0 ANSI: 5
[    4.518732] sd 0:0:0:0: [sda] 204800 512-byte logical blocks: (105 MB/100 MiB)
[    4.518736] sd 0:0:0:0: [sda] Write Protect is off
[    4.518738] sd 0:0:0:0: [sda] Mode Sense: 00 3a 00 00
[    4.518744] sd 0:0:0:0: [sda] Write cache: enabled, read cache: enabled, doesn't support DPO or FUA
[    4.518908] sd 0:0:0:0: Attached scsi generic sg0 type 0
[    4.519347] scsi 1:0:0:0: CD-ROM            QEMU     QEMU DVD-ROM     2.5+ PQ: 0 ANSI: 5
[    4.520919]  sda:
[    4.521015] sd 0:0:0:0: [sda] Attached SCSI disk
[    4.656075] sr 1:0:0:0: [sr0] scsi3-mmc drive: 4x/4x cd/rw xa/form2 tray
[    4.656083] cdrom: Uniform CD-ROM driver Revision: 3.20
[    4.675578] sr 1:0:0:0: Attached scsi CD-ROM sr0
[    4.675679] sr 1:0:0:0: Attached scsi generic sg1 type 5
[    4.684037] e1000 0000:00:03.0 eth0: (PCI:33MHz:32-bit) 52:54:00:12:34:56
[    4.684041] e1000 0000:00:03.0 eth0: Intel(R) PRO/1000 Network Connection
[    4.684080] e1000e: Intel(R) PRO/1000 Network Driver
[    4.684081] e1000e: Copyright(c) 1999 - 2015 Intel Corporation.
[    4.684110] igb: Intel(R) Gigabit Ethernet Network Driver
[    4.684110] igb: Copyright (c) 2007-2014 Intel Corporation.
[    4.684123] igbvf: Intel(R) Gigabit Virtual Function Network Driver
[    4.684124] igbvf: Copyright (c) 2009 - 2012 Intel Corporation.
[    4.684131] ixgbe: Intel(R) 10 Gigabit PCI Express Network Driver
[    4.684132] ixgbe: Copyright (c) 1999-2016 Intel Corporation.
[    4.684224] ixgbevf: Intel(R) 10 Gigabit PCI Express Virtual Function Network Driver
[    4.684225] ixgbevf: Copyright (c) 2009 - 2018 Intel Corporation.
[    4.684266] i40e: Intel(R) Ethernet Connection XL710 Network Driver
[    4.684267] i40e: Copyright (c) 2013 - 2019 Intel Corporation.
[    4.684309] ixgb: Intel(R) PRO/10GbE Network Driver
[    4.684310] ixgb: Copyright (c) 1999-2008 Intel Corporation.
[    4.684320] iavf: Intel(R) Ethernet Adaptive Virtual Function Network Driver
[    4.684321] Copyright (c) 2013 - 2018 Intel Corporation.
[    4.684372] Intel(R) Ethernet Switch Host Interface Driver
[    4.684374] Copyright(c) 2013 - 2019 Intel Corporation.
[    4.684440] ehci_hcd: USB 2.0 'Enhanced' Host Controller (EHCI) Driver
[    4.684444] ehci-pci: EHCI PCI platform driver
[    4.684451] ehci-platform: EHCI generic platform driver
[    4.684461] ohci_hcd: USB 1.1 'Open' Host Controller (OHCI) Driver
[    4.684463] ohci-pci: OHCI PCI platform driver
[    4.684486] uhci_hcd: USB Universal Host Controller Interface driver
[    4.699012] uhci_hcd 0000:00:01.2: UHCI Host Controller
[    4.699024] uhci_hcd 0000:00:01.2: new USB bus registered, assigned bus number 1
[    4.699107] uhci_hcd 0000:00:01.2: irq 11, io base 0x0000c040
[    4.699171] usb usb1: New USB device found, idVendor=1d6b, idProduct=0001, bcdDevice= 5.10
[    4.699172] usb usb1: New USB device strings: Mfr=3, Product=2, SerialNumber=1
[    4.699173] usb usb1: Product: UHCI Host Controller
[    4.699174] usb usb1: Manufacturer: Linux 5.10.144 uhci_hcd
[    4.699175] usb usb1: SerialNumber: 0000:00:01.2
[    4.699312] hub 1-0:1.0: USB hub found
[    4.699317] hub 1-0:1.0: 2 ports detected
[    4.699500] usbcore: registered new interface driver usb-storage
[    4.699547] i8042: PNP: PS/2 Controller [PNP0303:KBD,PNP0f13:MOU] at 0x60,0x64 irq 1,12
[    4.700233] serio: i8042 KBD port at 0x60,0x64 irq 1
[    4.700239] serio: i8042 AUX port at 0x60,0x64 irq 12
[    4.700414] mousedev: PS/2 mouse device common for all mice
[    4.700466] usbcore: registered new interface driver synaptics_usb
[    4.700770] device-mapper: ioctl: 4.43.0-ioctl (2020-10-01) initialised: dm-devel@redhat.com
[    4.700779] intel_pstate: CPU model not supported
[    4.700800] sdhci: Secure Digital Host Controller Interface driver
[    4.700800] sdhci: Copyright(c) Pierre Ossman
[    4.700827] wbsd: Winbond W83L51xD SD/MMC card interface driver
[    4.700828] wbsd: Copyright(c) Pierre Ossman
[    4.700848] VUB300 Driver rom wait states = 1C irqpoll timeout = 0400
[    4.701131] input: AT Translated Set 2 keyboard as /devices/platform/i8042/serio0/input/input0
[    4.702997] usbcore: registered new interface driver vub300
[    4.703005] usbcore: registered new interface driver ushc
[    4.703064] sdhci-pltfm: SDHCI platform and OF driver helper
[    4.703120] EFI Variables Facility v0.08 2004-May-17
[    4.705020] pstore: Registered efi as persistent store backend
[    4.705112] hid: raw HID events driver (C) Jiri Kosina
[    4.705248] usbcore: registered new interface driver usbhid
[    4.705249] usbhid: USB HID core driver
[    4.705402] NET: Registered protocol family 10
[    4.705723] Segment Routing with IPv6
[    4.705736] sit: IPv6, IPv4 and MPLS over IPv4 tunneling driver
[    4.705844] NET: Registered protocol family 17
[    4.706024] IPI shorthand broadcast: enabled
[    4.706031] sched_clock: Marking stable (4704306054, 1330110)->(4707803810, -2167646)
[    4.706153] registered taskstats version 1
[    4.706204] pstore: Using crash dump compression: deflate
[    4.708711] Freeing unused kernel image (initmem) memory: 29484K
[    4.710615] Write protecting the kernel read-only data: 16384k
[    4.712193] Freeing unused kernel image (text/rodata gap) memory: 2044K
[    4.712715] Freeing unused kernel image (rodata/data gap) memory: 1496K
[    4.712815] Run /init as init process
[    4.712816]   with arguments:
[    4.712817]     /init
[    4.712817]     accord
[    4.712818]   with environment:
[    4.712819]     HOME=/
[    4.712819]     TERM=linux
[    4.712820]     vga=791
[    4.733406] systemd-udevd[844]: starting version 198
[    5.325456] input: ImExPS/2 Generic Explorer Mouse as /devices/platform/i8042/serio1/input/input2
[    5.364644] tsc: Refined TSC clocksource calibration: 2303.979 MHz
[    5.364659] clocksource: tsc: mask: 0xffffffffffffffff max_cycles: 0x2135e421492, max_idle_ns: 440795305068 ns
[    5.364727] clocksource: Switched to clocksource tsc
