[    0.000000] Linux version 5.10.144 (root@akh-okbsapr) (gcc (Debian 8.3.0-6) 8.3.0, GNU ld (GNU Binutils for Debian) 2.31.1) #62 SMP Tue Oct 17 14:44:56 MSK 2023
[    0.000000] Command line: 
[    0.000000] x86/fpu: x87 FPU will use FXSAVE
[    0.000000] BIOS-provided physical RAM map:
[    0.000000] BIOS-e820: [mem 0x0000000000000000-0x000000000009ffff] usable
[    0.000000] BIOS-e820: [mem 0x0000000000100000-0x00000000007fffff] usable
[    0.000000] BIOS-e820: [mem 0x0000000000800000-0x0000000000807fff] ACPI NVS
[    0.000000] BIOS-e820: [mem 0x0000000000808000-0x000000000080afff] usable
[    0.000000] BIOS-e820: [mem 0x000000000080b000-0x000000000080bfff] ACPI NVS
[    0.000000] BIOS-e820: [mem 0x000000000080c000-0x000000000080ffff] usable
[    0.000000] BIOS-e820: [mem 0x0000000000810000-0x00000000008fffff] ACPI NVS
[    0.000000] BIOS-e820: [mem 0x0000000000900000-0x000000003e0ecfff] usable
[    0.000000] BIOS-e820: [mem 0x000000003e0ed000-0x000000003e36cfff] reserved
[    0.000000] BIOS-e820: [mem 0x000000003e36d000-0x000000003e37efff] ACPI data
[    0.000000] BIOS-e820: [mem 0x000000003e37f000-0x000000003e3fefff] ACPI NVS
[    0.000000] BIOS-e820: [mem 0x000000003e3ff000-0x000000003e6ebfff] usable
[    0.000000] BIOS-e820: [mem 0x000000003e6ec000-0x000000003e76ffff] reserved
[    0.000000] BIOS-e820: [mem 0x000000003e770000-0x000000003e7fffff] ACPI NVS
[    0.000000] BIOS-e820: [mem 0x00000000feffc000-0x00000000feffffff] reserved
[    0.000000] NX (Execute Disable) protection: active
[    0.000000] e820: update [mem 0x3cd7d018-0x3cd85e57] usable ==> usable
[    0.000000] e820: update [mem 0x3cd7d018-0x3cd85e57] usable ==> usable
[    0.000000] e820: update [mem 0x3cd56018-0x3cd7ce57] usable ==> usable
[    0.000000] e820: update [mem 0x3cd56018-0x3cd7ce57] usable ==> usable
[    0.000000] extended physical RAM map:
[    0.000000] reserve setup_data: [mem 0x0000000000000000-0x000000000009ffff] usable
[    0.000000] reserve setup_data: [mem 0x0000000000100000-0x00000000007fffff] usable
[    0.000000] reserve setup_data: [mem 0x0000000000800000-0x0000000000807fff] ACPI NVS
[    0.000000] reserve setup_data: [mem 0x0000000000808000-0x000000000080afff] usable
[    0.000000] reserve setup_data: [mem 0x000000000080b000-0x000000000080bfff] ACPI NVS
[    0.000000] reserve setup_data: [mem 0x000000000080c000-0x000000000080ffff] usable
[    0.000000] reserve setup_data: [mem 0x0000000000810000-0x00000000008fffff] ACPI NVS
[    0.000000] reserve setup_data: [mem 0x0000000000900000-0x000000003cd56017] usable
[    0.000000] reserve setup_data: [mem 0x000000003cd56018-0x000000003cd7ce57] usable
[    0.000000] reserve setup_data: [mem 0x000000003cd7ce58-0x000000003cd7d017] usable
[    0.000000] reserve setup_data: [mem 0x000000003cd7d018-0x000000003cd85e57] usable
[    0.000000] reserve setup_data: [mem 0x000000003cd85e58-0x000000003e0ecfff] usable
[    0.000000] reserve setup_data: [mem 0x000000003e0ed000-0x000000003e36cfff] reserved
[    0.000000] reserve setup_data: [mem 0x000000003e36d000-0x000000003e37efff] ACPI data
[    0.000000] reserve setup_data: [mem 0x000000003e37f000-0x000000003e3fefff] ACPI NVS
[    0.000000] reserve setup_data: [mem 0x000000003e3ff000-0x000000003e6ebfff] usable
[    0.000000] reserve setup_data: [mem 0x000000003e6ec000-0x000000003e76ffff] reserved
[    0.000000] reserve setup_data: [mem 0x000000003e770000-0x000000003e7fffff] ACPI NVS
[    0.000000] reserve setup_data: [mem 0x00000000feffc000-0x00000000feffffff] reserved
[    0.000000] efi: EFI v2.70 by EDK II
[    0.000000] efi: SMBIOS=0x3e13f000 ACPI=0x3e37e000 ACPI 2.0=0x3e37e014 MEMATTR=0x3d004018 
[    0.000000] efi: memattr: Unexpected EFI Memory Attributes table version 2
[    0.000000] SMBIOS 2.8 present.
[    0.000000] DMI: QEMU Standard PC (i440FX + PIIX, 1996), BIOS unknown 2/2/2022
[    0.000000] tsc: Fast TSC calibration using PIT
[    0.000000] tsc: Detected 2303.970 MHz processor
[    0.000078] e820: update [mem 0x00000000-0x00000fff] usable ==> reserved
[    0.000080] e820: remove [mem 0x000a0000-0x000fffff] usable
[    0.000087] last_pfn = 0x3e6ec max_arch_pfn = 0x400000000
[    0.000111] MTRR default type: write-back
[    0.000112] MTRR fixed ranges enabled:
[    0.000113]   00000-9FFFF write-back
[    0.000114]   A0000-FFFFF uncachable
[    0.000114] MTRR variable ranges enabled:
[    0.000115]   0 base 0080000000 mask FF80000000 uncachable
[    0.000116]   1 base 0800000000 mask F800000000 uncachable
[    0.000116]   2 disabled
[    0.000117]   3 disabled
[    0.000117]   4 disabled
[    0.000117]   5 disabled
[    0.000118]   6 disabled
[    0.000118]   7 disabled
[    0.000128] x86/PAT: Configuration [0-7]: WB  WC  UC- UC  WB  WP  UC- WT  
[    0.012387] check: Scanning 1 areas for low memory corruption
[    0.013055] Secure boot disabled
[    0.013061] ACPI: Early table checksum verification disabled
[    0.013070] ACPI: RSDP 0x000000003E37E014 000024 (v02 BOCHS )
[    0.013076] ACPI: XSDT 0x000000003E37D0E8 00004C (v01 BOCHS  BXPC     00000001      01000013)
[    0.013084] ACPI: FACP 0x000000003E37A000 000074 (v01 BOCHS  BXPC     00000001 BXPC 00000001)
[    0.013092] ACPI: DSDT 0x000000003E37B000 001B07 (v01 BOCHS  BXPC     00000001 BXPC 00000001)
[    0.013098] ACPI: FACS 0x000000003E3DD000 000040
[    0.013104] ACPI: APIC 0x000000003E379000 000080 (v03 BOCHS  BXPC     00000001 BXPC 00000001)
[    0.013108] ACPI: HPET 0x000000003E378000 000038 (v01 BOCHS  BXPC     00000001 BXPC 00000001)
[    0.013112] ACPI: WAET 0x000000003E377000 000028 (v01 BOCHS  BXPC     00000001 BXPC 00000001)
[    0.013116] ACPI: BGRT 0x000000003E376000 000038 (v01 INTEL  EDK2     00000002      01000013)
[    0.013119] ACPI: Reserving FACP table memory at [mem 0x3e37a000-0x3e37a073]
[    0.013121] ACPI: Reserving DSDT table memory at [mem 0x3e37b000-0x3e37cb06]
[    0.013122] ACPI: Reserving FACS table memory at [mem 0x3e3dd000-0x3e3dd03f]
[    0.013123] ACPI: Reserving APIC table memory at [mem 0x3e379000-0x3e37907f]
[    0.013124] ACPI: Reserving HPET table memory at [mem 0x3e378000-0x3e378037]
[    0.013125] ACPI: Reserving WAET table memory at [mem 0x3e377000-0x3e377027]
[    0.013125] ACPI: Reserving BGRT table memory at [mem 0x3e376000-0x3e376037]
[    0.013166] ACPI: Local APIC address 0xfee00000
[    0.013216] Zone ranges:
[    0.013217]   DMA      [mem 0x0000000000001000-0x0000000000ffffff]
[    0.013219]   DMA32    [mem 0x0000000001000000-0x000000003e6ebfff]
[    0.013220]   Normal   empty
[    0.013221] Movable zone start for each node
[    0.013222] Early memory node ranges
[    0.013223]   node   0: [mem 0x0000000000001000-0x000000000009ffff]
[    0.013224]   node   0: [mem 0x0000000000100000-0x00000000007fffff]
[    0.013225]   node   0: [mem 0x0000000000808000-0x000000000080afff]
[    0.013226]   node   0: [mem 0x000000000080c000-0x000000000080ffff]
[    0.013226]   node   0: [mem 0x0000000000900000-0x000000003e0ecfff]
[    0.013227]   node   0: [mem 0x000000003e3ff000-0x000000003e6ebfff]
[    0.013229] Initmem setup node 0 [mem 0x0000000000001000-0x000000003e6ebfff]
[    0.013231] On node 0 totalpages: 254592
[    0.013233]   DMA zone: 59 pages used for memmap
[    0.013233]   DMA zone: 1815 pages reserved
[    0.013234]   DMA zone: 3750 pages, LIFO batch:0
[    0.013235]   DMA32 zone: 3932 pages used for memmap
[    0.013236]   DMA32 zone: 250842 pages, LIFO batch:63
[    0.013240] On node 0, zone DMA: 1 pages in unavailable ranges
[    0.013260] On node 0, zone DMA: 96 pages in unavailable ranges
[    0.013262] On node 0, zone DMA: 8 pages in unavailable ranges
[    0.013263] On node 0, zone DMA: 1 pages in unavailable ranges
[    0.013288] On node 0, zone DMA: 240 pages in unavailable ranges
[    0.015167] On node 0, zone DMA32: 786 pages in unavailable ranges
[    0.015209] On node 0, zone DMA32: 6420 pages in unavailable ranges
[    0.015490] ACPI: PM-Timer IO Port: 0xb008
[    0.015492] ACPI: Local APIC address 0xfee00000
[    0.015497] ACPI: LAPIC_NMI (acpi_id[0xff] dfl dfl lint[0x1])
[    0.015531] IOAPIC[0]: apic_id 0, version 17, address 0xfec00000, GSI 0-23
[    0.015533] ACPI: INT_SRC_OVR (bus 0 bus_irq 0 global_irq 2 dfl dfl)
[    0.015534] ACPI: INT_SRC_OVR (bus 0 bus_irq 5 global_irq 5 high level)
[    0.015535] ACPI: INT_SRC_OVR (bus 0 bus_irq 9 global_irq 9 high level)
[    0.015536] ACPI: INT_SRC_OVR (bus 0 bus_irq 10 global_irq 10 high level)
[    0.015536] ACPI: INT_SRC_OVR (bus 0 bus_irq 11 global_irq 11 high level)
[    0.015538] ACPI: IRQ0 used by override.
[    0.015539] ACPI: IRQ5 used by override.
[    0.015539] ACPI: IRQ9 used by override.
[    0.015540] ACPI: IRQ10 used by override.
[    0.015540] ACPI: IRQ11 used by override.
[    0.015542] Using ACPI (MADT) for SMP configuration information
[    0.015543] ACPI: HPET id: 0x8086a201 base: 0xfed00000
[    0.015551] smpboot: Allowing 2 CPUs, 0 hotplug CPUs
[    0.015562] [mem 0x3e800000-0xfeffbfff] available for PCI devices
[    0.015565] clocksource: refined-jiffies: mask: 0xffffffff max_cycles: 0xffffffff, max_idle_ns: 1910969940391419 ns
[    0.015568] setup_percpu: NR_CPUS:8 nr_cpumask_bits:8 nr_cpu_ids:2 nr_node_ids:1
[    0.015659] percpu: Embedded 47 pages/cpu s154456 r8192 d29864 u1048576
[    0.015662] pcpu-alloc: s154456 r8192 d29864 u1048576 alloc=1*2097152
[    0.015663] pcpu-alloc: [0] 0 1 
[    0.015674] Built 1 zonelists, mobility grouping on.  Total pages: 248786
[    0.015675] Kernel command line: vga=791 accord quiet loglevel=0 
[    0.015788] Dentry cache hash table entries: 131072 (order: 8, 1048576 bytes, linear)
[    0.015799] Inode-cache hash table entries: 65536 (order: 7, 524288 bytes, linear)
[    0.015840] mem auto-init: stack:off, heap alloc:off, heap free:off
[    0.018338] Memory: 912856K/1018368K available (10242K kernel code, 1441K rwdata, 2600K rodata, 29484K init, 1760K bss, 105252K reserved, 0K cma-reserved)
[    0.018365] SLUB: HWalign=64, Order=0-3, MinObjects=0, CPUs=2, Nodes=1
[    0.018369] Kernel/User page tables isolation: enabled
[    0.018568] rcu: Hierarchical RCU implementation.
[    0.018569] rcu: 	RCU restricting CPUs from NR_CPUS=8 to nr_cpu_ids=2.
[    0.018570] rcu: RCU calculated value of scheduler-enlistment delay is 100 jiffies.
[    0.018570] rcu: Adjusting geometry for rcu_fanout_leaf=16, nr_cpu_ids=2
[    0.018583] NR_IRQS: 4352, nr_irqs: 440, preallocated irqs: 16
[    0.018760] Console: colour dummy device 80x25
[    0.018768] printk: console [tty0] enabled
[    0.018772] ACPI: Core revision 20200925
[    0.018891] clocksource: hpet: mask: 0xffffffff max_cycles: 0xffffffff, max_idle_ns: 19112604467 ns
[    0.018971] APIC: Switch to symmetric I/O mode setup
[    0.019946] ..TIMER: vector=0x30 apic1=0 pin1=2 apic2=-1 pin2=-1
[    0.023985] clocksource: tsc-early: mask: 0xffffffffffffffff max_cycles: 0x2135db3e7c3, max_idle_ns: 440795205802 ns
[    0.023992] Calibrating delay loop (skipped), value calculated using timer frequency.. 4607.94 BogoMIPS (lpj=2303970)
[    0.023994] pid_max: default: 32768 minimum: 301
[    0.025036] Mount-cache hash table entries: 2048 (order: 2, 16384 bytes, linear)
[    0.025038] Mountpoint-cache hash table entries: 2048 (order: 2, 16384 bytes, linear)
[    0.025254] Last level iTLB entries: 4KB 0, 2MB 0, 4MB 0
[    0.025255] Last level dTLB entries: 4KB 0, 2MB 0, 4MB 0, 1GB 0
[    0.025257] Spectre V1 : Mitigation: usercopy/swapgs barriers and __user pointer sanitization
[    0.025258] Spectre V2 : Mitigation: Retpolines
[    0.025259] Spectre V2 : Spectre v2 / SpectreRSB mitigation: Filling RSB on context switch
[    0.025259] Spectre V2 : Spectre v2 / SpectreRSB : Filling RSB on VMEXIT
[    0.025260] Speculative Store Bypass: Vulnerable
[    0.025262] MDS: Vulnerable: Clear CPU buffers attempted, no microcode
[    0.025263] MMIO Stale Data: Unknown: No mitigations
[    0.033977] Freeing SMP alternatives memory: 16K
[    0.136040] smpboot: CPU0: Intel QEMU Virtual CPU version 2.5+ (family: 0xf, model: 0x6b, stepping: 0x1)
[    0.136139] Performance Events: unsupported Netburst CPU model 107 no PMU driver, software events only.
[    0.136199] rcu: Hierarchical SRCU implementation.
[    0.136238] smp: Bringing up secondary CPUs ...
[    0.136293] x86: Booting SMP configuration:
[    0.136294] .... node  #0, CPUs:      #1
[    0.148079] smp: Brought up 1 node, 2 CPUs
[    0.148081] smpboot: Max logical packages: 1
[    0.148083] smpboot: Total of 2 processors activated (9215.88 BogoMIPS)
[    0.149030] devtmpfs: initialized
[    0.149131] clocksource: jiffies: mask: 0xffffffff max_cycles: 0xffffffff, max_idle_ns: 1911260446275000 ns
[    0.149131] futex hash table entries: 512 (order: 3, 32768 bytes, linear)
[    0.149491] NET: Registered protocol family 16
[    0.150093] audit: initializing netlink subsys (disabled)
[    0.150416] thermal_sys: Registered thermal governor 'step_wise'
[    0.150443] cpuidle: using governor menu
[    0.150443] ACPI: bus type PCI registered
[    0.150443] PCI: Using configuration type 1 for base access
[    0.151001] audit: type=2000 audit(1721840354.131:1): state=initialized audit_enabled=0 res=1
[    0.156313] HugeTLB registered 2.00 MiB page size, pre-allocated 0 pages
[    0.174990] raid6: sse2x4   gen() 19697 MB/s
[    0.191404] raid6: sse2x4   xor()  9484 MB/s
[    0.208436] raid6: sse2x2   gen() 18890 MB/s
[    0.225411] raid6: sse2x2   xor()  8278 MB/s
[    0.242989] raid6: sse2x1   gen() 14330 MB/s
[    0.259399] raid6: sse2x1   xor()  8248 MB/s
[    0.259401] raid6: using algorithm sse2x4 gen() 19697 MB/s
[    0.259401] raid6: .... xor() 9484 MB/s, rmw enabled
[    0.259402] raid6: using intx1 recovery algorithm
[    0.260041] ACPI: Added _OSI(Module Device)
[    0.260042] ACPI: Added _OSI(Processor Device)
[    0.260043] ACPI: Added _OSI(3.0 _SCP Extensions)
[    0.260043] ACPI: Added _OSI(Processor Aggregator Device)
[    0.260045] ACPI: Added _OSI(Linux-Dell-Video)
[    0.260045] ACPI: Added _OSI(Linux-Lenovo-NV-HDMI-Audio)
[    0.260046] ACPI: Added _OSI(Linux-HPI-Hybrid-Graphics)
[    0.260637] ACPI: 1 ACPI AML tables successfully acquired and loaded
[    0.261335] ACPI: Interpreter enabled
[    0.261340] ACPI: (supports S0 S5)
[    0.261343] ACPI: Using IOAPIC for interrupt routing
[    0.261385] PCI: Using host bridge windows from ACPI; if necessary, use "pci=nocrs" and report a bug
[    0.261481] ACPI: Enabled 2 GPEs in block 00 to 0F
[    0.265776] ACPI: PCI Root Bridge [PCI0] (domain 0000 [bus 00-ff])
[    0.265782] acpi PNP0A03:00: _OSC: OS supports [ASPM ClockPM Segments MSI HPX-Type3]
[    0.265787] acpi PNP0A03:00: fail to add MMCONFIG information, can't access extended PCI configuration space under this bridge.
[    0.265825] PCI host bridge to bus 0000:00
[    0.265828] pci_bus 0000:00: root bus resource [io  0x0000-0x0cf7 window]
[    0.265829] pci_bus 0000:00: root bus resource [io  0x0d00-0xffff window]
[    0.265830] pci_bus 0000:00: root bus resource [mem 0x000a0000-0x000bffff window]
[    0.265831] pci_bus 0000:00: root bus resource [mem 0x3e800000-0xfebfffff window]
[    0.265833] pci_bus 0000:00: root bus resource [mem 0x100000000-0x17fffffff window]
[    0.265834] pci_bus 0000:00: root bus resource [bus 00-ff]
[    0.265875] pci 0000:00:00.0: [8086:1237] type 00 class 0x060000
[    0.266264] pci 0000:00:01.0: [8086:7000] type 00 class 0x060100
[    0.266769] pci 0000:00:01.1: [8086:7010] type 00 class 0x010180
[    0.267992] pci 0000:00:01.1: reg 0x20: [io  0xc040-0xc04f]
[    0.268425] pci 0000:00:01.1: legacy IDE quirk: reg 0x10: [io  0x01f0-0x01f7]
[    0.268426] pci 0000:00:01.1: legacy IDE quirk: reg 0x14: [io  0x03f6]
[    0.268427] pci 0000:00:01.1: legacy IDE quirk: reg 0x18: [io  0x0170-0x0177]
[    0.268428] pci 0000:00:01.1: legacy IDE quirk: reg 0x1c: [io  0x0376]
[    0.268642] pci 0000:00:01.3: [8086:7113] type 00 class 0x068000
[    0.268975] pci 0000:00:01.3: quirk: [io  0xb000-0xb03f] claimed by PIIX4 ACPI
[    0.268996] pci 0000:00:01.3: quirk: [io  0xb100-0xb10f] claimed by PIIX4 SMB
[    0.269185] pci 0000:00:02.0: [1234:1111] type 00 class 0x030000
[    0.270449] pci 0000:00:02.0: reg 0x10: [mem 0x80000000-0x80ffffff pref]
[    0.272278] pci 0000:00:02.0: reg 0x18: [mem 0x81060000-0x81060fff]
[    0.275018] pci 0000:00:02.0: reg 0x30: [mem 0xffff0000-0xffffffff pref]
[    0.275084] pci 0000:00:02.0: BAR 0: assigned to efifb
[    0.275340] pci 0000:00:03.0: [8086:100e] type 00 class 0x020000
[    0.276325] pci 0000:00:03.0: reg 0x10: [mem 0x81040000-0x8105ffff]
[    0.276992] pci 0000:00:03.0: reg 0x14: [io  0xc000-0xc03f]
[    0.281602] pci 0000:00:03.0: reg 0x30: [mem 0xfffc0000-0xffffffff pref]
[    0.282275] pci_bus 0000:00: on NUMA node 0
[    0.282453] ACPI: PCI Interrupt Link [LNKA] (IRQs 5 *10 11)
[    0.282569] ACPI: PCI Interrupt Link [LNKB] (IRQs 5 *10 11)
[    0.282660] ACPI: PCI Interrupt Link [LNKC] (IRQs 5 10 *11)
[    0.282729] ACPI: PCI Interrupt Link [LNKD] (IRQs 5 10 *11)
[    0.282775] ACPI: PCI Interrupt Link [LNKS] (IRQs *9)
[    0.283096] pci 0000:00:02.0: vgaarb: setting as boot VGA device
[    0.283097] pci 0000:00:02.0: vgaarb: VGA device added: decodes=io+mem,owns=io+mem,locks=none
[    0.283098] pci 0000:00:02.0: vgaarb: bridge control possible
[    0.283099] vgaarb: loaded
[    0.283126] SCSI subsystem initialized
[    0.283155] libata version 3.00 loaded.
[    0.283180] ACPI: bus type USB registered
[    0.283196] usbcore: registered new interface driver usbfs
[    0.283203] usbcore: registered new interface driver hub
[    0.283207] usbcore: registered new device driver usb
[    0.283216] pps_core: LinuxPPS API ver. 1 registered
[    0.283217] pps_core: Software ver. 5.3.6 - Copyright 2005-2007 Rodolfo Giometti <giometti@linux.it>
[    0.283219] PTP clock support registered
[    0.283296] Registered efivars operations
[    0.283380] PCI: Using ACPI for IRQ routing
[    0.283380] PCI: pci_cache_line_size set to 64 bytes
[    0.283385] e820: reserve RAM buffer [mem 0x0080b000-0x008fffff]
[    0.283385] e820: reserve RAM buffer [mem 0x00810000-0x008fffff]
[    0.283385] e820: reserve RAM buffer [mem 0x3cd56018-0x3fffffff]
[    0.283385] e820: reserve RAM buffer [mem 0x3cd7d018-0x3fffffff]
[    0.283385] e820: reserve RAM buffer [mem 0x3e0ed000-0x3fffffff]
[    0.283385] e820: reserve RAM buffer [mem 0x3e6ec000-0x3fffffff]
[    0.283459] hpet: 3 channels of 0 reserved for per-cpu timers
[    0.283471] clocksource: Switched to clocksource tsc-early
[    0.283471] VFS: Disk quotas dquot_6.6.0
[    0.283526] VFS: Dquot-cache hash table entries: 512 (order 0, 4096 bytes)
[    0.283551] pnp: PnP ACPI init
[    0.283551] pnp 00:00: Plug and Play ACPI device, IDs PNP0303 (active)
[    0.283551] pnp 00:01: Plug and Play ACPI device, IDs PNP0f13 (active)
[    0.283551] pnp 00:02: [dma 2]
[    0.283551] pnp 00:02: Plug and Play ACPI device, IDs PNP0700 (active)
[    0.283551] pnp 00:03: Plug and Play ACPI device, IDs PNP0400 (active)
[    0.283551] pnp 00:04: Plug and Play ACPI device, IDs PNP0501 (active)
[    0.283551] pnp 00:05: Plug and Play ACPI device, IDs PNP0b00 (active)
[    0.283598] pnp: PnP ACPI: found 6 devices
[    0.288867] clocksource: acpi_pm: mask: 0xffffff max_cycles: 0xffffff, max_idle_ns: 2085701024 ns
[    0.288897] NET: Registered protocol family 2
[    0.288932] IP idents hash table entries: 16384 (order: 5, 131072 bytes, linear)
[    0.289069] tcp_listen_portaddr_hash hash table entries: 512 (order: 1, 8192 bytes, linear)
[    0.289072] TCP established hash table entries: 8192 (order: 4, 65536 bytes, linear)
[    0.289077] TCP bind hash table entries: 8192 (order: 5, 131072 bytes, linear)
[    0.289087] TCP: Hash tables configured (established 8192 bind 8192)
[    0.289111] UDP hash table entries: 512 (order: 2, 16384 bytes, linear)
[    0.289114] UDP-Lite hash table entries: 512 (order: 2, 16384 bytes, linear)
[    0.289139] NET: Registered protocol family 1
[    0.289149] pci 0000:00:02.0: can't claim BAR 6 [mem 0xffff0000-0xffffffff pref]: no compatible bridge window
[    0.289150] pci 0000:00:03.0: can't claim BAR 6 [mem 0xfffc0000-0xffffffff pref]: no compatible bridge window
[    0.289157] pci 0000:00:03.0: BAR 6: assigned [mem 0x3e800000-0x3e83ffff pref]
[    0.289158] pci 0000:00:02.0: BAR 6: assigned [mem 0x3e840000-0x3e84ffff pref]
[    0.289161] pci_bus 0000:00: resource 4 [io  0x0000-0x0cf7 window]
[    0.289161] pci_bus 0000:00: resource 5 [io  0x0d00-0xffff window]
[    0.289162] pci_bus 0000:00: resource 6 [mem 0x000a0000-0x000bffff window]
[    0.289163] pci_bus 0000:00: resource 7 [mem 0x3e800000-0xfebfffff window]
[    0.289164] pci_bus 0000:00: resource 8 [mem 0x100000000-0x17fffffff window]
[    0.289196] pci 0000:00:01.0: PIIX3: Enabling Passive Release
[    0.289206] pci 0000:00:00.0: Limiting direct PCI/PCI transfers
[    0.289214] pci 0000:00:01.0: Activating ISA DMA hang workarounds
[    0.289252] pci 0000:00:02.0: Video device with shadowed ROM at [mem 0x000c0000-0x000dffff]
[    0.289264] PCI: CLS 0 bytes, default 64
[    4.218072] check: Scanning for low memory corruption every 60 seconds
[    4.218306] workingset: timestamp_bits=62 max_order=18 bucket_order=0
[    4.219147] ntfs: driver 2.1.32 [Flags: R/O].
[    4.219302] fuse: init (API version 7.32)
[    4.219347] SGI XFS with ACLs, security attributes, realtime, scrub, quota, fatal assert, debug enabled
[    4.225775] xor: measuring software checksum speed
[    4.226169]    prefetch64-sse  : 29937 MB/sec
[    4.226558]    generic_sse     : 26631 MB/sec
[    4.226559] xor: using function: prefetch64-sse (29937 MB/sec)
[    4.226588] Block layer SCSI generic (bsg) driver version 0.4 loaded (major 251)
[    4.226590] io scheduler mq-deadline registered
[    4.226591] io scheduler kyber registered
[    4.226713] efifb: probing for efifb
[    4.226743] efifb: framebuffer at 0x80000000, using 4000k, total 4000k
[    4.226744] efifb: mode is 1280x800x32, linelength=5120, pages=1
[    4.226744] efifb: scrolling: redraw
[    4.226745] efifb: Truecolor: size=8:8:8:8, shift=24:16:8:0
[    4.226840] Console: switching to colour frame buffer device 160x50
[    4.229883] fb0: EFI VGA frame buffer device
[    4.230161] Serial: 8250/16550 driver, 4 ports, IRQ sharing enabled
[    4.231785] 00:04: ttyS0 at I/O 0x3f8 (irq = 4, base_baud = 115200) is a 16550A
[    4.232269] Non-volatile memory driver v1.3
[    4.232270] Linux agpgart interface v0.103
[    4.233591] loop: module loaded
[    4.234139] ata_piix 0000:00:01.1: version 2.13
[    4.234834] scsi host0: ata_piix
[    4.235037] scsi host1: ata_piix
[    4.235143] ata1: PATA max MWDMA2 cmd 0x1f0 ctl 0x3f6 bmdma 0xc040 irq 14
[    4.235145] ata2: PATA max MWDMA2 cmd 0x170 ctl 0x376 bmdma 0xc048 irq 15
[    4.235223] e100: Intel(R) PRO/100 Network Driver
[    4.235223] e100: Copyright(c) 1999-2006 Intel Corporation
[    4.235229] e1000: Intel(R) PRO/1000 Network Driver
[    4.235229] e1000: Copyright (c) 1999-2006 Intel Corporation.
[    4.254898] PCI Interrupt Link [LNKC] enabled at IRQ 11
[    4.395505] ata1.01: NODEV after polling detection
[    4.395771] ata1.00: ATA-7: QEMU HARDDISK, 2.5+, max UDMA/100
[    4.395773] ata1.00: 204800 sectors, multi 16: LBA48 
[    4.396286] scsi 0:0:0:0: Direct-Access     ATA      QEMU HARDDISK    2.5+ PQ: 0 ANSI: 5
[    4.396400] scsi 0:0:0:0: Attached scsi generic sg0 type 0
[    4.396509] sd 0:0:0:0: [sda] 204800 512-byte logical blocks: (105 MB/100 MiB)
[    4.396515] sd 0:0:0:0: [sda] Write Protect is off
[    4.396516] sd 0:0:0:0: [sda] Mode Sense: 00 3a 00 00
[    4.396526] sd 0:0:0:0: [sda] Write cache: enabled, read cache: enabled, doesn't support DPO or FUA
[    4.397091] ata2.01: NODEV after polling detection
[    4.397666] ata2.00: ATAPI: QEMU DVD-ROM, 2.5+, max UDMA/100
[    4.397944]  sda:
[    4.398175] sd 0:0:0:0: [sda] Attached SCSI disk
[    4.398952] scsi 1:0:0:0: CD-ROM            QEMU     QEMU DVD-ROM     2.5+ PQ: 0 ANSI: 5
[    4.553593] sr 1:0:0:0: [sr0] scsi3-mmc drive: 4x/4x cd/rw xa/form2 tray
[    4.553602] cdrom: Uniform CD-ROM driver Revision: 3.20
[    4.574712] sr 1:0:0:0: Attached scsi CD-ROM sr0
[    4.574763] sr 1:0:0:0: Attached scsi generic sg1 type 5
[    4.582748] e1000 0000:00:03.0 eth0: (PCI:33MHz:32-bit) 52:54:00:12:34:56
[    4.582754] e1000 0000:00:03.0 eth0: Intel(R) PRO/1000 Network Connection
[    4.582789] e1000e: Intel(R) PRO/1000 Network Driver
[    4.582790] e1000e: Copyright(c) 1999 - 2015 Intel Corporation.
[    4.582801] igb: Intel(R) Gigabit Ethernet Network Driver
[    4.582801] igb: Copyright (c) 2007-2014 Intel Corporation.
[    4.582810] igbvf: Intel(R) Gigabit Virtual Function Network Driver
[    4.582810] igbvf: Copyright (c) 2009 - 2012 Intel Corporation.
[    4.582815] ixgbe: Intel(R) 10 Gigabit PCI Express Network Driver
[    4.582815] ixgbe: Copyright (c) 1999-2016 Intel Corporation.
[    4.582902] ixgbevf: Intel(R) 10 Gigabit PCI Express Virtual Function Network Driver
[    4.582902] ixgbevf: Copyright (c) 2009 - 2018 Intel Corporation.
[    4.582932] i40e: Intel(R) Ethernet Connection XL710 Network Driver
[    4.582933] i40e: Copyright (c) 2013 - 2019 Intel Corporation.
[    4.583005] ixgb: Intel(R) PRO/10GbE Network Driver
[    4.583006] ixgb: Copyright (c) 1999-2008 Intel Corporation.
[    4.583013] iavf: Intel(R) Ethernet Adaptive Virtual Function Network Driver
[    4.583014] Copyright (c) 2013 - 2018 Intel Corporation.
[    4.583074] Intel(R) Ethernet Switch Host Interface Driver
[    4.583075] Copyright(c) 2013 - 2019 Intel Corporation.
[    4.583144] ehci_hcd: USB 2.0 'Enhanced' Host Controller (EHCI) Driver
[    4.583146] ehci-pci: EHCI PCI platform driver
[    4.583153] ehci-platform: EHCI generic platform driver
[    4.583160] ohci_hcd: USB 1.1 'Open' Host Controller (OHCI) Driver
[    4.583162] ohci-pci: OHCI PCI platform driver
[    4.583168] uhci_hcd: USB Universal Host Controller Interface driver
[    4.583206] usbcore: registered new interface driver usb-storage
[    4.583231] i8042: PNP: PS/2 Controller [PNP0303:KBD,PNP0f13:MOU] at 0x60,0x64 irq 1,12
[    4.583901] serio: i8042 KBD port at 0x60,0x64 irq 1
[    4.583905] serio: i8042 AUX port at 0x60,0x64 irq 12
[    4.584008] mousedev: PS/2 mouse device common for all mice
[    4.584044] usbcore: registered new interface driver synaptics_usb
[    4.584282] input: AT Translated Set 2 keyboard as /devices/platform/i8042/serio0/input/input0
[    4.584420] device-mapper: ioctl: 4.43.0-ioctl (2020-10-01) initialised: dm-devel@redhat.com
[    4.584426] intel_pstate: CPU model not supported
[    4.584440] sdhci: Secure Digital Host Controller Interface driver
[    4.584440] sdhci: Copyright(c) Pierre Ossman
[    4.584456] wbsd: Winbond W83L51xD SD/MMC card interface driver
[    4.584457] wbsd: Copyright(c) Pierre Ossman
[    4.584476] VUB300 Driver rom wait states = 1C irqpoll timeout = 0400
[    4.584974] usbcore: registered new interface driver vub300
[    4.584982] usbcore: registered new interface driver ushc
[    4.585031] sdhci-pltfm: SDHCI platform and OF driver helper
[    4.585171] EFI Variables Facility v0.08 2004-May-17
[    4.586523] pstore: Registered efi as persistent store backend
[    4.586557] hid: raw HID events driver (C) Jiri Kosina
[    4.586651] usbcore: registered new interface driver usbhid
[    4.586652] usbhid: USB HID core driver
[    4.586773] NET: Registered protocol family 10
[    4.587518] Segment Routing with IPv6
[    4.587531] sit: IPv6, IPv4 and MPLS over IPv4 tunneling driver
[    4.587624] NET: Registered protocol family 17
[    4.587794] IPI shorthand broadcast: enabled
[    4.587801] sched_clock: Marking stable (4587465027, 249984)->(4591926798, -4211787)
[    4.587899] registered taskstats version 1
[    4.587952] pstore: Using crash dump compression: deflate
[    4.590555] Freeing unused kernel image (initmem) memory: 29484K
[    4.595081] Write protecting the kernel read-only data: 16384k
[    4.596154] Freeing unused kernel image (text/rodata gap) memory: 2044K
[    4.596486] Freeing unused kernel image (rodata/data gap) memory: 1496K
[    4.596566] Run /init as init process
[    4.596566]   with arguments:
[    4.596567]     /init
[    4.596567]     accord
[    4.596568]   with environment:
[    4.596568]     HOME=/
[    4.596568]     TERM=linux
[    4.596569]     vga=791
[    4.613868] systemd-udevd[841]: starting version 198
[    5.212748] input: ImExPS/2 Generic Explorer Mouse as /devices/platform/i8042/serio1/input/input2
[    5.235083] tsc: Refined TSC clocksource calibration: 2303.993 MHz
[    5.235102] clocksource: tsc: mask: 0xffffffffffffffff max_cycles: 0x2135f10e1ea, max_idle_ns: 440795202126 ns
[    5.235140] clocksource: Switched to clocksource tsc
