[    0.000000] Linux version 5.10.144 (root@akh-okbsapr) (gcc (Debian 8.3.0-6) 8.3.0, GNU ld (GNU Binutils for Debian) 2.31.1) #62 SMP Tue Oct 17 14:44:56 MSK 2023
[    0.000000] Command line: 
[    0.000000] x86/fpu: x87 FPU will use FXSAVE
[    0.000000] BIOS-provided physical RAM map:
[    0.000000] BIOS-e820: [mem 0x0000000000000000-0x000000000009ffff] usable
[    0.000000] BIOS-e820: [mem 0x0000000000100000-0x00000000007fffff] usable
[    0.000000] BIOS-e820: [mem 0x0000000000800000-0x0000000000807fff] ACPI NVS
[    0.000000] BIOS-e820: [mem 0x0000000000808000-0x000000000080afff] usable
[    0.000000] BIOS-e820: [mem 0x000000000080b000-0x000000000080bfff] ACPI NVS
[    0.000000] BIOS-e820: [mem 0x000000000080c000-0x000000000080ffff] usable
[    0.000000] BIOS-e820: [mem 0x0000000000810000-0x00000000008fffff] ACPI NVS
[    0.000000] BIOS-e820: [mem 0x0000000000900000-0x000000003e0ecfff] usable
[    0.000000] BIOS-e820: [mem 0x000000003e0ed000-0x000000003e36cfff] reserved
[    0.000000] BIOS-e820: [mem 0x000000003e36d000-0x000000003e37efff] ACPI data
[    0.000000] BIOS-e820: [mem 0x000000003e37f000-0x000000003e3fefff] ACPI NVS
[    0.000000] BIOS-e820: [mem 0x000000003e3ff000-0x000000003e6ebfff] usable
[    0.000000] BIOS-e820: [mem 0x000000003e6ec000-0x000000003e76ffff] reserved
[    0.000000] BIOS-e820: [mem 0x000000003e770000-0x000000003e7fffff] ACPI NVS
[    0.000000] BIOS-e820: [mem 0x00000000feffc000-0x00000000feffffff] reserved
[    0.000000] NX (Execute Disable) protection: active
[    0.000000] e820: update [mem 0x3cdae018-0x3cdb6e57] usable ==> usable
[    0.000000] e820: update [mem 0x3cdae018-0x3cdb6e57] usable ==> usable
[    0.000000] e820: update [mem 0x3cd87018-0x3cdade57] usable ==> usable
[    0.000000] e820: update [mem 0x3cd87018-0x3cdade57] usable ==> usable
[    0.000000] extended physical RAM map:
[    0.000000] reserve setup_data: [mem 0x0000000000000000-0x000000000009ffff] usable
[    0.000000] reserve setup_data: [mem 0x0000000000100000-0x00000000007fffff] usable
[    0.000000] reserve setup_data: [mem 0x0000000000800000-0x0000000000807fff] ACPI NVS
[    0.000000] reserve setup_data: [mem 0x0000000000808000-0x000000000080afff] usable
[    0.000000] reserve setup_data: [mem 0x000000000080b000-0x000000000080bfff] ACPI NVS
[    0.000000] reserve setup_data: [mem 0x000000000080c000-0x000000000080ffff] usable
[    0.000000] reserve setup_data: [mem 0x0000000000810000-0x00000000008fffff] ACPI NVS
[    0.000000] reserve setup_data: [mem 0x0000000000900000-0x000000003cd87017] usable
[    0.000000] reserve setup_data: [mem 0x000000003cd87018-0x000000003cdade57] usable
[    0.000000] reserve setup_data: [mem 0x000000003cdade58-0x000000003cdae017] usable
[    0.000000] reserve setup_data: [mem 0x000000003cdae018-0x000000003cdb6e57] usable
[    0.000000] reserve setup_data: [mem 0x000000003cdb6e58-0x000000003e0ecfff] usable
[    0.000000] reserve setup_data: [mem 0x000000003e0ed000-0x000000003e36cfff] reserved
[    0.000000] reserve setup_data: [mem 0x000000003e36d000-0x000000003e37efff] ACPI data
[    0.000000] reserve setup_data: [mem 0x000000003e37f000-0x000000003e3fefff] ACPI NVS
[    0.000000] reserve setup_data: [mem 0x000000003e3ff000-0x000000003e6ebfff] usable
[    0.000000] reserve setup_data: [mem 0x000000003e6ec000-0x000000003e76ffff] reserved
[    0.000000] reserve setup_data: [mem 0x000000003e770000-0x000000003e7fffff] ACPI NVS
[    0.000000] reserve setup_data: [mem 0x00000000feffc000-0x00000000feffffff] reserved
[    0.000000] efi: EFI v2.70 by EDK II
[    0.000000] efi: SMBIOS=0x3e13f000 ACPI=0x3e37e000 ACPI 2.0=0x3e37e014 MEMATTR=0x3d01e018 
[    0.000000] efi: memattr: Unexpected EFI Memory Attributes table version 2
[    0.000000] SMBIOS 2.8 present.
[    0.000000] DMI: QEMU Standard PC (i440FX + PIIX, 1996), BIOS unknown 2/2/2022
[    0.000000] tsc: Fast TSC calibration using PIT
[    0.000000] tsc: Detected 2303.944 MHz processor
[    0.000072] e820: update [mem 0x00000000-0x00000fff] usable ==> reserved
[    0.000074] e820: remove [mem 0x000a0000-0x000fffff] usable
[    0.000081] last_pfn = 0x3e6ec max_arch_pfn = 0x400000000
[    0.000107] MTRR default type: write-back
[    0.000108] MTRR fixed ranges enabled:
[    0.000108]   00000-9FFFF write-back
[    0.000109]   A0000-FFFFF uncachable
[    0.000110] MTRR variable ranges enabled:
[    0.000110]   0 base 0080000000 mask FF80000000 uncachable
[    0.000111]   1 base 0800000000 mask F800000000 uncachable
[    0.000112]   2 disabled
[    0.000112]   3 disabled
[    0.000112]   4 disabled
[    0.000113]   5 disabled
[    0.000113]   6 disabled
[    0.000113]   7 disabled
[    0.000122] x86/PAT: Configuration [0-7]: WB  WC  UC- UC  WB  WP  UC- WT  
[    0.012186] check: Scanning 1 areas for low memory corruption
[    0.012344] Secure boot disabled
[    0.012345] ACPI: Early table checksum verification disabled
[    0.012348] ACPI: RSDP 0x000000003E37E014 000024 (v02 BOCHS )
[    0.012351] ACPI: XSDT 0x000000003E37D0E8 00004C (v01 BOCHS  BXPC     00000001      01000013)
[    0.012356] ACPI: FACP 0x000000003E37A000 000074 (v01 BOCHS  BXPC     00000001 BXPC 00000001)
[    0.012360] ACPI: DSDT 0x000000003E37B000 001B41 (v01 BOCHS  BXPC     00000001 BXPC 00000001)
[    0.012364] ACPI: FACS 0x000000003E3DD000 000040
[    0.012366] ACPI: APIC 0x000000003E379000 000080 (v03 BOCHS  BXPC     00000001 BXPC 00000001)
[    0.012369] ACPI: HPET 0x000000003E378000 000038 (v01 BOCHS  BXPC     00000001 BXPC 00000001)
[    0.012372] ACPI: WAET 0x000000003E377000 000028 (v01 BOCHS  BXPC     00000001 BXPC 00000001)
[    0.012375] ACPI: BGRT 0x000000003E376000 000038 (v01 INTEL  EDK2     00000002      01000013)
[    0.012377] ACPI: Reserving FACP table memory at [mem 0x3e37a000-0x3e37a073]
[    0.012378] ACPI: Reserving DSDT table memory at [mem 0x3e37b000-0x3e37cb40]
[    0.012379] ACPI: Reserving FACS table memory at [mem 0x3e3dd000-0x3e3dd03f]
[    0.012380] ACPI: Reserving APIC table memory at [mem 0x3e379000-0x3e37907f]
[    0.012380] ACPI: Reserving HPET table memory at [mem 0x3e378000-0x3e378037]
[    0.012381] ACPI: Reserving WAET table memory at [mem 0x3e377000-0x3e377027]
[    0.012382] ACPI: Reserving BGRT table memory at [mem 0x3e376000-0x3e376037]
[    0.012395] ACPI: Local APIC address 0xfee00000
[    0.012419] Zone ranges:
[    0.012420]   DMA      [mem 0x0000000000001000-0x0000000000ffffff]
[    0.012421]   DMA32    [mem 0x0000000001000000-0x000000003e6ebfff]
[    0.012422]   Normal   empty
[    0.012423] Movable zone start for each node
[    0.012423] Early memory node ranges
[    0.012424]   node   0: [mem 0x0000000000001000-0x000000000009ffff]
[    0.012425]   node   0: [mem 0x0000000000100000-0x00000000007fffff]
[    0.012425]   node   0: [mem 0x0000000000808000-0x000000000080afff]
[    0.012426]   node   0: [mem 0x000000000080c000-0x000000000080ffff]
[    0.012426]   node   0: [mem 0x0000000000900000-0x000000003e0ecfff]
[    0.012427]   node   0: [mem 0x000000003e3ff000-0x000000003e6ebfff]
[    0.012428] Initmem setup node 0 [mem 0x0000000000001000-0x000000003e6ebfff]
[    0.012429] On node 0 totalpages: 254592
[    0.012430]   DMA zone: 59 pages used for memmap
[    0.012430]   DMA zone: 1815 pages reserved
[    0.012431]   DMA zone: 3750 pages, LIFO batch:0
[    0.012432]   DMA32 zone: 3932 pages used for memmap
[    0.012432]   DMA32 zone: 250842 pages, LIFO batch:63
[    0.012434] On node 0, zone DMA: 1 pages in unavailable ranges
[    0.012443] On node 0, zone DMA: 96 pages in unavailable ranges
[    0.012444] On node 0, zone DMA: 8 pages in unavailable ranges
[    0.012444] On node 0, zone DMA: 1 pages in unavailable ranges
[    0.012453] On node 0, zone DMA: 240 pages in unavailable ranges
[    0.013569] On node 0, zone DMA32: 786 pages in unavailable ranges
[    0.013607] On node 0, zone DMA32: 6420 pages in unavailable ranges
[    0.013889] ACPI: PM-Timer IO Port: 0xb008
[    0.013891] ACPI: Local APIC address 0xfee00000
[    0.013896] ACPI: LAPIC_NMI (acpi_id[0xff] dfl dfl lint[0x1])
[    0.013923] IOAPIC[0]: apic_id 0, version 17, address 0xfec00000, GSI 0-23
[    0.013926] ACPI: INT_SRC_OVR (bus 0 bus_irq 0 global_irq 2 dfl dfl)
[    0.013927] ACPI: INT_SRC_OVR (bus 0 bus_irq 5 global_irq 5 high level)
[    0.013927] ACPI: INT_SRC_OVR (bus 0 bus_irq 9 global_irq 9 high level)
[    0.013928] ACPI: INT_SRC_OVR (bus 0 bus_irq 10 global_irq 10 high level)
[    0.013929] ACPI: INT_SRC_OVR (bus 0 bus_irq 11 global_irq 11 high level)
[    0.013930] ACPI: IRQ0 used by override.
[    0.013931] ACPI: IRQ5 used by override.
[    0.013932] ACPI: IRQ9 used by override.
[    0.013932] ACPI: IRQ10 used by override.
[    0.013933] ACPI: IRQ11 used by override.
[    0.013935] Using ACPI (MADT) for SMP configuration information
[    0.013936] ACPI: HPET id: 0x8086a201 base: 0xfed00000
[    0.013943] smpboot: Allowing 2 CPUs, 0 hotplug CPUs
[    0.013953] [mem 0x3e800000-0xfeffbfff] available for PCI devices
[    0.013956] clocksource: refined-jiffies: mask: 0xffffffff max_cycles: 0xffffffff, max_idle_ns: 1910969940391419 ns
[    0.013959] setup_percpu: NR_CPUS:8 nr_cpumask_bits:8 nr_cpu_ids:2 nr_node_ids:1
[    0.014043] percpu: Embedded 47 pages/cpu s154456 r8192 d29864 u1048576
[    0.014046] pcpu-alloc: s154456 r8192 d29864 u1048576 alloc=1*2097152
[    0.014047] pcpu-alloc: [0] 0 1 
[    0.014059] Built 1 zonelists, mobility grouping on.  Total pages: 248786
[    0.014060] Kernel command line: vga=791 accord quiet loglevel=0 
[    0.014169] Dentry cache hash table entries: 131072 (order: 8, 1048576 bytes, linear)
[    0.014196] Inode-cache hash table entries: 65536 (order: 7, 524288 bytes, linear)
[    0.014235] mem auto-init: stack:off, heap alloc:off, heap free:off
[    0.016817] Memory: 913000K/1018368K available (10242K kernel code, 1441K rwdata, 2600K rodata, 29484K init, 1760K bss, 105108K reserved, 0K cma-reserved)
[    0.016844] SLUB: HWalign=64, Order=0-3, MinObjects=0, CPUs=2, Nodes=1
[    0.016848] Kernel/User page tables isolation: enabled
[    0.016890] rcu: Hierarchical RCU implementation.
[    0.016891] rcu: 	RCU restricting CPUs from NR_CPUS=8 to nr_cpu_ids=2.
[    0.016892] rcu: RCU calculated value of scheduler-enlistment delay is 100 jiffies.
[    0.016893] rcu: Adjusting geometry for rcu_fanout_leaf=16, nr_cpu_ids=2
[    0.016904] NR_IRQS: 4352, nr_irqs: 440, preallocated irqs: 16
[    0.017082] Console: colour dummy device 80x25
[    0.017091] printk: console [tty0] enabled
[    0.017095] ACPI: Core revision 20200925
[    0.017211] clocksource: hpet: mask: 0xffffffff max_cycles: 0xffffffff, max_idle_ns: 19112604467 ns
[    0.017286] APIC: Switch to symmetric I/O mode setup
[    0.018301] ..TIMER: vector=0x30 apic1=0 pin1=2 apic2=-1 pin2=-1
[    0.022348] clocksource: tsc-early: mask: 0xffffffffffffffff max_cycles: 0x2135c2bda57, max_idle_ns: 440795208253 ns
[    0.022355] Calibrating delay loop (skipped), value calculated using timer frequency.. 4607.88 BogoMIPS (lpj=2303944)
[    0.022357] pid_max: default: 32768 minimum: 301
[    0.023564] Mount-cache hash table entries: 2048 (order: 2, 16384 bytes, linear)
[    0.023566] Mountpoint-cache hash table entries: 2048 (order: 2, 16384 bytes, linear)
[    0.023806] Last level iTLB entries: 4KB 0, 2MB 0, 4MB 0
[    0.023807] Last level dTLB entries: 4KB 0, 2MB 0, 4MB 0, 1GB 0
[    0.023809] Spectre V1 : Mitigation: usercopy/swapgs barriers and __user pointer sanitization
[    0.023810] Spectre V2 : Mitigation: Retpolines
[    0.023811] Spectre V2 : Spectre v2 / SpectreRSB mitigation: Filling RSB on context switch
[    0.023811] Spectre V2 : Spectre v2 / SpectreRSB : Filling RSB on VMEXIT
[    0.023812] Speculative Store Bypass: Vulnerable
[    0.023814] MDS: Vulnerable: Clear CPU buffers attempted, no microcode
[    0.023814] MMIO Stale Data: Unknown: No mitigations
[    0.033979] Freeing SMP alternatives memory: 16K
[    0.135154] smpboot: CPU0: Intel QEMU Virtual CPU version 2.5+ (family: 0xf, model: 0x6b, stepping: 0x1)
[    0.135288] Performance Events: unsupported Netburst CPU model 107 no PMU driver, software events only.
[    0.135338] rcu: Hierarchical SRCU implementation.
[    0.135351] smp: Bringing up secondary CPUs ...
[    0.135351] x86: Booting SMP configuration:
[    0.135351] .... node  #0, CPUs:      #1
[    0.146407] smp: Brought up 1 node, 2 CPUs
[    0.146409] smpboot: Max logical packages: 1
[    0.146410] smpboot: Total of 2 processors activated (9215.77 BogoMIPS)
[    0.147392] devtmpfs: initialized
[    0.147470] clocksource: jiffies: mask: 0xffffffff max_cycles: 0xffffffff, max_idle_ns: 1911260446275000 ns
[    0.147470] futex hash table entries: 512 (order: 3, 32768 bytes, linear)
[    0.147596] NET: Registered protocol family 16
[    0.147663] audit: initializing netlink subsys (disabled)
[    0.147714] thermal_sys: Registered thermal governor 'step_wise'
[    0.147714] audit: type=2000 audit(1721855338.130:1): state=initialized audit_enabled=0 res=1
[    0.147714] cpuidle: using governor menu
[    0.147714] ACPI: bus type PCI registered
[    0.147714] PCI: Using configuration type 1 for base access
[    0.150752] HugeTLB registered 2.00 MiB page size, pre-allocated 0 pages
[    0.169683] raid6: sse2x4   gen() 17570 MB/s
[    0.186688] raid6: sse2x4   xor() 10863 MB/s
[    0.203650] raid6: sse2x2   gen() 17749 MB/s
[    0.220688] raid6: sse2x2   xor() 12149 MB/s
[    0.237682] raid6: sse2x1   gen() 14125 MB/s
[    0.254664] raid6: sse2x1   xor()  8743 MB/s
[    0.254666] raid6: using algorithm sse2x2 gen() 17749 MB/s
[    0.254667] raid6: .... xor() 12149 MB/s, rmw enabled
[    0.254668] raid6: using intx1 recovery algorithm
[    0.255448] ACPI: Added _OSI(Module Device)
[    0.255449] ACPI: Added _OSI(Processor Device)
[    0.255449] ACPI: Added _OSI(3.0 _SCP Extensions)
[    0.255450] ACPI: Added _OSI(Processor Aggregator Device)
[    0.255451] ACPI: Added _OSI(Linux-Dell-Video)
[    0.255452] ACPI: Added _OSI(Linux-Lenovo-NV-HDMI-Audio)
[    0.255453] ACPI: Added _OSI(Linux-HPI-Hybrid-Graphics)
[    0.256037] ACPI: 1 ACPI AML tables successfully acquired and loaded
[    0.256669] ACPI: Interpreter enabled
[    0.256673] ACPI: (supports S0 S5)
[    0.256675] ACPI: Using IOAPIC for interrupt routing
[    0.256701] PCI: Using host bridge windows from ACPI; if necessary, use "pci=nocrs" and report a bug
[    0.256785] ACPI: Enabled 2 GPEs in block 00 to 0F
[    0.259712] ACPI: PCI Root Bridge [PCI0] (domain 0000 [bus 00-ff])
[    0.259716] acpi PNP0A03:00: _OSC: OS supports [ASPM ClockPM Segments MSI HPX-Type3]
[    0.259722] acpi PNP0A03:00: fail to add MMCONFIG information, can't access extended PCI configuration space under this bridge.
[    0.259756] PCI host bridge to bus 0000:00
[    0.259758] pci_bus 0000:00: root bus resource [io  0x0000-0x0cf7 window]
[    0.259759] pci_bus 0000:00: root bus resource [io  0x0d00-0xffff window]
[    0.259761] pci_bus 0000:00: root bus resource [mem 0x000a0000-0x000bffff window]
[    0.259762] pci_bus 0000:00: root bus resource [mem 0x3e800000-0xfebfffff window]
[    0.259763] pci_bus 0000:00: root bus resource [mem 0x100000000-0x17fffffff window]
[    0.259764] pci_bus 0000:00: root bus resource [bus 00-ff]
[    0.259805] pci 0000:00:00.0: [8086:1237] type 00 class 0x060000
[    0.260261] pci 0000:00:01.0: [8086:7000] type 00 class 0x060100
[    0.260866] pci 0000:00:01.1: [8086:7010] type 00 class 0x010180
[    0.262519] pci 0000:00:01.1: reg 0x20: [io  0xc060-0xc06f]
[    0.263211] pci 0000:00:01.1: legacy IDE quirk: reg 0x10: [io  0x01f0-0x01f7]
[    0.263213] pci 0000:00:01.1: legacy IDE quirk: reg 0x14: [io  0x03f6]
[    0.263214] pci 0000:00:01.1: legacy IDE quirk: reg 0x18: [io  0x0170-0x0177]
[    0.263215] pci 0000:00:01.1: legacy IDE quirk: reg 0x1c: [io  0x0376]
[    0.263546] pci 0000:00:01.2: [8086:7020] type 00 class 0x0c0300
[    0.265362] pci 0000:00:01.2: reg 0x20: [io  0xc040-0xc05f]
[    0.266225] pci 0000:00:01.3: [8086:7113] type 00 class 0x068000
[    0.266683] pci 0000:00:01.3: quirk: [io  0xb000-0xb03f] claimed by PIIX4 ACPI
[    0.266692] pci 0000:00:01.3: quirk: [io  0xb100-0xb10f] claimed by PIIX4 SMB
[    0.266919] pci 0000:00:02.0: [1234:1111] type 00 class 0x030000
[    0.269218] pci 0000:00:02.0: reg 0x10: [mem 0x80000000-0x80ffffff pref]
[    0.270789] pci 0000:00:02.0: reg 0x18: [mem 0x81060000-0x81060fff]
[    0.273159] pci 0000:00:02.0: reg 0x30: [mem 0xffff0000-0xffffffff pref]
[    0.273361] pci 0000:00:02.0: BAR 0: assigned to efifb
[    0.273934] pci 0000:00:03.0: [8086:100e] type 00 class 0x020000
[    0.275563] pci 0000:00:03.0: reg 0x10: [mem 0x81040000-0x8105ffff]
[    0.276051] pci 0000:00:03.0: reg 0x14: [io  0xc000-0xc03f]
[    0.278027] pci 0000:00:03.0: reg 0x30: [mem 0xfffc0000-0xffffffff pref]
[    0.278461] pci_bus 0000:00: on NUMA node 0
[    0.278623] ACPI: PCI Interrupt Link [LNKA] (IRQs 5 *10 11)
[    0.278707] ACPI: PCI Interrupt Link [LNKB] (IRQs 5 *10 11)
[    0.278779] ACPI: PCI Interrupt Link [LNKC] (IRQs 5 10 *11)
[    0.278849] ACPI: PCI Interrupt Link [LNKD] (IRQs 5 10 *11)
[    0.278895] ACPI: PCI Interrupt Link [LNKS] (IRQs *9)
[    0.279206] pci 0000:00:02.0: vgaarb: setting as boot VGA device
[    0.279207] pci 0000:00:02.0: vgaarb: VGA device added: decodes=io+mem,owns=io+mem,locks=none
[    0.279208] pci 0000:00:02.0: vgaarb: bridge control possible
[    0.279209] vgaarb: loaded
[    0.279372] SCSI subsystem initialized
[    0.279391] libata version 3.00 loaded.
[    0.279391] ACPI: bus type USB registered
[    0.279412] usbcore: registered new interface driver usbfs
[    0.279418] usbcore: registered new interface driver hub
[    0.279418] usbcore: registered new device driver usb
[    0.279418] pps_core: LinuxPPS API ver. 1 registered
[    0.279418] pps_core: Software ver. 5.3.6 - Copyright 2005-2007 Rodolfo Giometti <giometti@linux.it>
[    0.279445] PTP clock support registered
[    0.279496] Registered efivars operations
[    0.279594] PCI: Using ACPI for IRQ routing
[    0.279594] PCI: pci_cache_line_size set to 64 bytes
[    0.279594] e820: reserve RAM buffer [mem 0x0080b000-0x008fffff]
[    0.279594] e820: reserve RAM buffer [mem 0x00810000-0x008fffff]
[    0.279594] e820: reserve RAM buffer [mem 0x3cd87018-0x3fffffff]
[    0.279594] e820: reserve RAM buffer [mem 0x3cdae018-0x3fffffff]
[    0.279594] e820: reserve RAM buffer [mem 0x3e0ed000-0x3fffffff]
[    0.279594] e820: reserve RAM buffer [mem 0x3e6ec000-0x3fffffff]
[    0.279594] hpet: 3 channels of 0 reserved for per-cpu timers
[    0.279700] clocksource: Switched to clocksource tsc-early
[    0.279700] VFS: Disk quotas dquot_6.6.0
[    0.279700] VFS: Dquot-cache hash table entries: 512 (order 0, 4096 bytes)
[    0.279700] pnp: PnP ACPI init
[    0.279700] pnp 00:00: Plug and Play ACPI device, IDs PNP0303 (active)
[    0.279700] pnp 00:01: Plug and Play ACPI device, IDs PNP0f13 (active)
[    0.279700] pnp 00:02: [dma 2]
[    0.279700] pnp 00:02: Plug and Play ACPI device, IDs PNP0700 (active)
[    0.279700] pnp 00:03: Plug and Play ACPI device, IDs PNP0400 (active)
[    0.279700] pnp 00:04: Plug and Play ACPI device, IDs PNP0b00 (active)
[    0.279700] pnp: PnP ACPI: found 5 devices
[    0.285214] clocksource: acpi_pm: mask: 0xffffff max_cycles: 0xffffff, max_idle_ns: 2085701024 ns
[    0.285265] NET: Registered protocol family 2
[    0.285301] IP idents hash table entries: 16384 (order: 5, 131072 bytes, linear)
[    0.285439] tcp_listen_portaddr_hash hash table entries: 512 (order: 1, 8192 bytes, linear)
[    0.285441] TCP established hash table entries: 8192 (order: 4, 65536 bytes, linear)
[    0.285448] TCP bind hash table entries: 8192 (order: 5, 131072 bytes, linear)
[    0.285456] TCP: Hash tables configured (established 8192 bind 8192)
[    0.285531] UDP hash table entries: 512 (order: 2, 16384 bytes, linear)
[    0.285536] UDP-Lite hash table entries: 512 (order: 2, 16384 bytes, linear)
[    0.285564] NET: Registered protocol family 1
[    0.285581] pci 0000:00:02.0: can't claim BAR 6 [mem 0xffff0000-0xffffffff pref]: no compatible bridge window
[    0.285582] pci 0000:00:03.0: can't claim BAR 6 [mem 0xfffc0000-0xffffffff pref]: no compatible bridge window
[    0.285595] pci 0000:00:03.0: BAR 6: assigned [mem 0x3e800000-0x3e83ffff pref]
[    0.285596] pci 0000:00:02.0: BAR 6: assigned [mem 0x3e840000-0x3e84ffff pref]
[    0.285598] pci_bus 0000:00: resource 4 [io  0x0000-0x0cf7 window]
[    0.285599] pci_bus 0000:00: resource 5 [io  0x0d00-0xffff window]
[    0.285600] pci_bus 0000:00: resource 6 [mem 0x000a0000-0x000bffff window]
[    0.285600] pci_bus 0000:00: resource 7 [mem 0x3e800000-0xfebfffff window]
[    0.285601] pci_bus 0000:00: resource 8 [mem 0x100000000-0x17fffffff window]
[    0.285635] pci 0000:00:01.0: PIIX3: Enabling Passive Release
[    0.285644] pci 0000:00:00.0: Limiting direct PCI/PCI transfers
[    0.285652] pci 0000:00:01.0: Activating ISA DMA hang workarounds
[    0.300073] PCI Interrupt Link [LNKD] enabled at IRQ 11
[    0.315791] pci 0000:00:01.2: quirk_usb_early_handoff+0x0/0x62e took 29406 usecs
[    0.315877] pci 0000:00:02.0: Video device with shadowed ROM at [mem 0x000c0000-0x000dffff]
[    0.315890] PCI: CLS 0 bytes, default 64
[    4.185569] check: Scanning for low memory corruption every 60 seconds
[    4.185769] workingset: timestamp_bits=62 max_order=18 bucket_order=0
[    4.186533] ntfs: driver 2.1.32 [Flags: R/O].
[    4.186685] fuse: init (API version 7.32)
[    4.186777] SGI XFS with ACLs, security attributes, realtime, scrub, quota, fatal assert, debug enabled
[    4.192994] xor: measuring software checksum speed
[    4.193385]    prefetch64-sse  : 27193 MB/sec
[    4.193772]    generic_sse     : 25553 MB/sec
[    4.193773] xor: using function: prefetch64-sse (27193 MB/sec)
[    4.193806] Block layer SCSI generic (bsg) driver version 0.4 loaded (major 251)
[    4.193810] io scheduler mq-deadline registered
[    4.193811] io scheduler kyber registered
[    4.193966] efifb: probing for efifb
[    4.193994] efifb: framebuffer at 0x80000000, using 4000k, total 4000k
[    4.193994] efifb: mode is 1280x800x32, linelength=5120, pages=1
[    4.193995] efifb: scrolling: redraw
[    4.193996] efifb: Truecolor: size=8:8:8:8, shift=24:16:8:0
[    4.194081] Console: switching to colour frame buffer device 160x50
[    4.196499] fb0: EFI VGA frame buffer device
[    4.196616] Serial: 8250/16550 driver, 4 ports, IRQ sharing enabled
[    4.197058] Non-volatile memory driver v1.3
[    4.197059] Linux agpgart interface v0.103
[    4.198080] loop: module loaded
[    4.198410] ata_piix 0000:00:01.1: version 2.13
[    4.198900] scsi host0: ata_piix
[    4.199068] scsi host1: ata_piix
[    4.199095] ata1: PATA max MWDMA2 cmd 0x1f0 ctl 0x3f6 bmdma 0xc060 irq 14
[    4.199096] ata2: PATA max MWDMA2 cmd 0x170 ctl 0x376 bmdma 0xc068 irq 15
[    4.199183] e100: Intel(R) PRO/100 Network Driver
[    4.199184] e100: Copyright(c) 1999-2006 Intel Corporation
[    4.199189] e1000: Intel(R) PRO/1000 Network Driver
[    4.199189] e1000: Copyright (c) 1999-2006 Intel Corporation.
[    4.215081] PCI Interrupt Link [LNKC] enabled at IRQ 10
[    4.354025] ata1.01: NODEV after polling detection
[    4.354296] ata2.01: NODEV after polling detection
[    4.354561] ata1.00: ATA-7: QEMU HARDDISK, 2.5+, max UDMA/100
[    4.354562] ata1.00: 204800 sectors, multi 16: LBA48 
[    4.354769] ata2.00: ATAPI: QEMU DVD-ROM, 2.5+, max UDMA/100
[    4.355385] scsi 0:0:0:0: Direct-Access     ATA      QEMU HARDDISK    2.5+ PQ: 0 ANSI: 5
[    4.355470] scsi 0:0:0:0: Attached scsi generic sg0 type 0
[    4.355549] sd 0:0:0:0: [sda] 204800 512-byte logical blocks: (105 MB/100 MiB)
[    4.355553] sd 0:0:0:0: [sda] Write Protect is off
[    4.355554] sd 0:0:0:0: [sda] Mode Sense: 00 3a 00 00
[    4.355560] sd 0:0:0:0: [sda] Write cache: enabled, read cache: enabled, doesn't support DPO or FUA
[    4.356046] scsi 1:0:0:0: CD-ROM            QEMU     QEMU DVD-ROM     2.5+ PQ: 0 ANSI: 5
[    4.362390]  sda:
[    4.362593] sd 0:0:0:0: [sda] Attached SCSI disk
[    4.501012] sr 1:0:0:0: [sr0] scsi3-mmc drive: 4x/4x cd/rw xa/form2 tray
[    4.501021] cdrom: Uniform CD-ROM driver Revision: 3.20
[    4.521468] sr 1:0:0:0: Attached scsi CD-ROM sr0
[    4.521707] sr 1:0:0:0: Attached scsi generic sg1 type 5
[    4.529789] e1000 0000:00:03.0 eth0: (PCI:33MHz:32-bit) 52:54:00:12:34:56
[    4.529793] e1000 0000:00:03.0 eth0: Intel(R) PRO/1000 Network Connection
[    4.529831] e1000e: Intel(R) PRO/1000 Network Driver
[    4.529831] e1000e: Copyright(c) 1999 - 2015 Intel Corporation.
[    4.529858] igb: Intel(R) Gigabit Ethernet Network Driver
[    4.529858] igb: Copyright (c) 2007-2014 Intel Corporation.
[    4.529871] igbvf: Intel(R) Gigabit Virtual Function Network Driver
[    4.529871] igbvf: Copyright (c) 2009 - 2012 Intel Corporation.
[    4.529878] ixgbe: Intel(R) 10 Gigabit PCI Express Network Driver
[    4.529878] ixgbe: Copyright (c) 1999-2016 Intel Corporation.
[    4.529956] ixgbevf: Intel(R) 10 Gigabit PCI Express Virtual Function Network Driver
[    4.529957] ixgbevf: Copyright (c) 2009 - 2018 Intel Corporation.
[    4.530008] i40e: Intel(R) Ethernet Connection XL710 Network Driver
[    4.530009] i40e: Copyright (c) 2013 - 2019 Intel Corporation.
[    4.530049] ixgb: Intel(R) PRO/10GbE Network Driver
[    4.530050] ixgb: Copyright (c) 1999-2008 Intel Corporation.
[    4.530060] iavf: Intel(R) Ethernet Adaptive Virtual Function Network Driver
[    4.530060] Copyright (c) 2013 - 2018 Intel Corporation.
[    4.530093] Intel(R) Ethernet Switch Host Interface Driver
[    4.530094] Copyright(c) 2013 - 2019 Intel Corporation.
[    4.530162] ehci_hcd: USB 2.0 'Enhanced' Host Controller (EHCI) Driver
[    4.530165] ehci-pci: EHCI PCI platform driver
[    4.530172] ehci-platform: EHCI generic platform driver
[    4.530181] ohci_hcd: USB 1.1 'Open' Host Controller (OHCI) Driver
[    4.530184] ohci-pci: OHCI PCI platform driver
[    4.530205] uhci_hcd: USB Universal Host Controller Interface driver
[    4.545005] uhci_hcd 0000:00:01.2: UHCI Host Controller
[    4.545015] uhci_hcd 0000:00:01.2: new USB bus registered, assigned bus number 1
[    4.545099] uhci_hcd 0000:00:01.2: irq 11, io base 0x0000c040
[    4.545163] usb usb1: New USB device found, idVendor=1d6b, idProduct=0001, bcdDevice= 5.10
[    4.545164] usb usb1: New USB device strings: Mfr=3, Product=2, SerialNumber=1
[    4.545165] usb usb1: Product: UHCI Host Controller
[    4.545165] usb usb1: Manufacturer: Linux 5.10.144 uhci_hcd
[    4.545166] usb usb1: SerialNumber: 0000:00:01.2
[    4.545296] hub 1-0:1.0: USB hub found
[    4.545300] hub 1-0:1.0: 2 ports detected
[    4.545481] usbcore: registered new interface driver usb-storage
[    4.545524] i8042: PNP: PS/2 Controller [PNP0303:KBD,PNP0f13:MOU] at 0x60,0x64 irq 1,12
[    4.546139] serio: i8042 KBD port at 0x60,0x64 irq 1
[    4.546144] serio: i8042 AUX port at 0x60,0x64 irq 12
[    4.546296] mousedev: PS/2 mouse device common for all mice
[    4.546343] usbcore: registered new interface driver synaptics_usb
[    4.546775] device-mapper: ioctl: 4.43.0-ioctl (2020-10-01) initialised: dm-devel@redhat.com
[    4.546782] intel_pstate: CPU model not supported
[    4.546821] sdhci: Secure Digital Host Controller Interface driver
[    4.546822] sdhci: Copyright(c) Pierre Ossman
[    4.546845] wbsd: Winbond W83L51xD SD/MMC card interface driver
[    4.546845] wbsd: Copyright(c) Pierre Ossman
[    4.546873] VUB300 Driver rom wait states = 1C irqpoll timeout = 0400
[    4.546993] input: AT Translated Set 2 keyboard as /devices/platform/i8042/serio0/input/input0
[    4.548998] usbcore: registered new interface driver vub300
[    4.549007] usbcore: registered new interface driver ushc
[    4.549038] sdhci-pltfm: SDHCI platform and OF driver helper
[    4.549084] EFI Variables Facility v0.08 2004-May-17
[    4.550785] pstore: Registered efi as persistent store backend
[    4.550854] hid: raw HID events driver (C) Jiri Kosina
[    4.551002] usbcore: registered new interface driver usbhid
[    4.551003] usbhid: USB HID core driver
[    4.551150] NET: Registered protocol family 10
[    4.551440] Segment Routing with IPv6
[    4.551458] sit: IPv6, IPv4 and MPLS over IPv4 tunneling driver
[    4.551583] NET: Registered protocol family 17
[    4.551782] IPI shorthand broadcast: enabled
[    4.551792] sched_clock: Marking stable (4551402125, 289889)->(4561993089, -10301075)
[    4.551915] registered taskstats version 1
[    4.551974] pstore: Using crash dump compression: deflate
[    4.554527] Freeing unused kernel image (initmem) memory: 29484K
[    4.558548] Write protecting the kernel read-only data: 16384k
[    4.559827] Freeing unused kernel image (text/rodata gap) memory: 2044K
[    4.560266] Freeing unused kernel image (rodata/data gap) memory: 1496K
[    4.560323] Run /init as init process
[    4.560323]   with arguments:
[    4.560324]     /init
[    4.560324]     accord
[    4.560325]   with environment:
[    4.560325]     HOME=/
[    4.560326]     TERM=linux
[    4.560326]     vga=791
[    4.577863] systemd-udevd[844]: starting version 198
[    5.170389] input: ImExPS/2 Generic Explorer Mouse as /devices/platform/i8042/serio1/input/input2
[    5.233467] tsc: Refined TSC clocksource calibration: 2303.979 MHz
[    5.233482] clocksource: tsc: mask: 0xffffffffffffffff max_cycles: 0x2135e421492, max_idle_ns: 440795305068 ns
[    5.233514] clocksource: Switched to clocksource tsc
