00000000-00000fff : Reserved
00001000-0009ffff : System RAM
000a0000-000bffff : PCI Bus 0000:00
000f0000-000fffff : System ROM
00100000-007fffff : System RAM
00800000-00807fff : ACPI Non-volatile Storage
00808000-0080afff : System RAM
0080b000-0080bfff : ACPI Non-volatile Storage
0080c000-0080ffff : System RAM
00810000-008fffff : ACPI Non-volatile Storage
00900000-3cd87017 : System RAM
  32e00000-33800a87 : Kernel code
  33a00000-33c89fff : Kernel rodata
  33e00000-33f684ff : Kernel data
  35c48000-35dfffff : Kernel bss
3cd87018-3cdade57 : System RAM
3cdade58-3cdae017 : System RAM
3cdae018-3cdb6e57 : System RAM
3cdb6e58-3e0ecfff : System RAM
3e0ed000-3e36cfff : Reserved
3e36d000-3e37efff : ACPI Tables
3e37f000-3e3fefff : ACPI Non-volatile Storage
3e3ff000-3e6ebfff : System RAM
3e6ec000-3e76ffff : Reserved
3e770000-3e7fffff : ACPI Non-volatile Storage
3e800000-febfffff : PCI Bus 0000:00
  3e800000-3e83ffff : 0000:00:03.0
  80000000-80ffffff : 0000:00:02.0
    80000000-803e7fff : efifb
  81040000-8105ffff : 0000:00:03.0
    81040000-8105ffff : e1000
  81060000-81060fff : 0000:00:02.0
fec00000-fec003ff : IOAPIC 0
fed00000-fed003ff : HPET 0
  fed00000-fed003ff : PNP0103:00
fee00000-fee00fff : Local APIC
feffc000-feffffff : Reserved
100000000-17fffffff : PCI Bus 0000:00
