[    0.000000] Linux version 5.10.144 (root@akh-okbsapr) (gcc (Debian 8.3.0-6) 8.3.0, GNU ld (GNU Binutils for Debian) 2.31.1) #62 SMP Tue Oct 17 14:44:56 MSK 2023
[    0.000000] Command line: 
[    0.000000] x86/fpu: x87 FPU will use FXSAVE
[    0.000000] BIOS-provided physical RAM map:
[    0.000000] BIOS-e820: [mem 0x0000000000000000-0x000000000009ffff] usable
[    0.000000] BIOS-e820: [mem 0x0000000000100000-0x00000000007fffff] usable
[    0.000000] BIOS-e820: [mem 0x0000000000800000-0x0000000000807fff] ACPI NVS
[    0.000000] BIOS-e820: [mem 0x0000000000808000-0x000000000080afff] usable
[    0.000000] BIOS-e820: [mem 0x000000000080b000-0x000000000080bfff] ACPI NVS
[    0.000000] BIOS-e820: [mem 0x000000000080c000-0x000000000080ffff] usable
[    0.000000] BIOS-e820: [mem 0x0000000000810000-0x00000000008fffff] ACPI NVS
[    0.000000] BIOS-e820: [mem 0x0000000000900000-0x000000003e0ecfff] usable
[    0.000000] BIOS-e820: [mem 0x000000003e0ed000-0x000000003e36cfff] reserved
[    0.000000] BIOS-e820: [mem 0x000000003e36d000-0x000000003e37efff] ACPI data
[    0.000000] BIOS-e820: [mem 0x000000003e37f000-0x000000003e3fefff] ACPI NVS
[    0.000000] BIOS-e820: [mem 0x000000003e3ff000-0x000000003e6ebfff] usable
[    0.000000] BIOS-e820: [mem 0x000000003e6ec000-0x000000003e76ffff] reserved
[    0.000000] BIOS-e820: [mem 0x000000003e770000-0x000000003e7fffff] ACPI NVS
[    0.000000] BIOS-e820: [mem 0x00000000feffc000-0x00000000feffffff] reserved
[    0.000000] NX (Execute Disable) protection: active
[    0.000000] e820: update [mem 0x3cda3018-0x3cdabe57] usable ==> usable
[    0.000000] e820: update [mem 0x3cda3018-0x3cdabe57] usable ==> usable
[    0.000000] e820: update [mem 0x3cd7c018-0x3cda2e57] usable ==> usable
[    0.000000] e820: update [mem 0x3cd7c018-0x3cda2e57] usable ==> usable
[    0.000000] extended physical RAM map:
[    0.000000] reserve setup_data: [mem 0x0000000000000000-0x000000000009ffff] usable
[    0.000000] reserve setup_data: [mem 0x0000000000100000-0x00000000007fffff] usable
[    0.000000] reserve setup_data: [mem 0x0000000000800000-0x0000000000807fff] ACPI NVS
[    0.000000] reserve setup_data: [mem 0x0000000000808000-0x000000000080afff] usable
[    0.000000] reserve setup_data: [mem 0x000000000080b000-0x000000000080bfff] ACPI NVS
[    0.000000] reserve setup_data: [mem 0x000000000080c000-0x000000000080ffff] usable
[    0.000000] reserve setup_data: [mem 0x0000000000810000-0x00000000008fffff] ACPI NVS
[    0.000000] reserve setup_data: [mem 0x0000000000900000-0x000000003cd7c017] usable
[    0.000000] reserve setup_data: [mem 0x000000003cd7c018-0x000000003cda2e57] usable
[    0.000000] reserve setup_data: [mem 0x000000003cda2e58-0x000000003cda3017] usable
[    0.000000] reserve setup_data: [mem 0x000000003cda3018-0x000000003cdabe57] usable
[    0.000000] reserve setup_data: [mem 0x000000003cdabe58-0x000000003e0ecfff] usable
[    0.000000] reserve setup_data: [mem 0x000000003e0ed000-0x000000003e36cfff] reserved
[    0.000000] reserve setup_data: [mem 0x000000003e36d000-0x000000003e37efff] ACPI data
[    0.000000] reserve setup_data: [mem 0x000000003e37f000-0x000000003e3fefff] ACPI NVS
[    0.000000] reserve setup_data: [mem 0x000000003e3ff000-0x000000003e6ebfff] usable
[    0.000000] reserve setup_data: [mem 0x000000003e6ec000-0x000000003e76ffff] reserved
[    0.000000] reserve setup_data: [mem 0x000000003e770000-0x000000003e7fffff] ACPI NVS
[    0.000000] reserve setup_data: [mem 0x00000000feffc000-0x00000000feffffff] reserved
[    0.000000] efi: EFI v2.70 by EDK II
[    0.000000] efi: SMBIOS=0x3e13f000 ACPI=0x3e37e000 ACPI 2.0=0x3e37e014 MEMATTR=0x3d016018 
[    0.000000] efi: memattr: Unexpected EFI Memory Attributes table version 2
[    0.000000] SMBIOS 2.8 present.
[    0.000000] DMI: QEMU Standard PC (i440FX + PIIX, 1996), BIOS unknown 2/2/2022
[    0.000000] tsc: Fast TSC calibration using PIT
[    0.000000] tsc: Detected 2303.927 MHz processor
[    0.000073] e820: update [mem 0x00000000-0x00000fff] usable ==> reserved
[    0.000075] e820: remove [mem 0x000a0000-0x000fffff] usable
[    0.000082] last_pfn = 0x3e6ec max_arch_pfn = 0x400000000
[    0.000107] MTRR default type: write-back
[    0.000108] MTRR fixed ranges enabled:
[    0.000109]   00000-9FFFF write-back
[    0.000109]   A0000-FFFFF uncachable
[    0.000110] MTRR variable ranges enabled:
[    0.000111]   0 base 0080000000 mask FF80000000 uncachable
[    0.000112]   1 base 0800000000 mask F800000000 uncachable
[    0.000112]   2 disabled
[    0.000112]   3 disabled
[    0.000113]   4 disabled
[    0.000113]   5 disabled
[    0.000113]   6 disabled
[    0.000114]   7 disabled
[    0.000123] x86/PAT: Configuration [0-7]: WB  WC  UC- UC  WB  WP  UC- WT  
[    0.012007] check: Scanning 1 areas for low memory corruption
[    0.012245] Secure boot disabled
[    0.012247] ACPI: Early table checksum verification disabled
[    0.012250] ACPI: RSDP 0x000000003E37E014 000024 (v02 BOCHS )
[    0.012254] ACPI: XSDT 0x000000003E37D0E8 00004C (v01 BOCHS  BXPC     00000001      01000013)
[    0.012258] ACPI: FACP 0x000000003E37A000 000074 (v01 BOCHS  BXPC     00000001 BXPC 00000001)
[    0.012263] ACPI: DSDT 0x000000003E37B000 001B26 (v01 BOCHS  BXPC     00000001 BXPC 00000001)
[    0.012266] ACPI: FACS 0x000000003E3DD000 000040
[    0.012268] ACPI: APIC 0x000000003E379000 000080 (v03 BOCHS  BXPC     00000001 BXPC 00000001)
[    0.012271] ACPI: HPET 0x000000003E378000 000038 (v01 BOCHS  BXPC     00000001 BXPC 00000001)
[    0.012274] ACPI: WAET 0x000000003E377000 000028 (v01 BOCHS  BXPC     00000001 BXPC 00000001)
[    0.012277] ACPI: BGRT 0x000000003E376000 000038 (v01 INTEL  EDK2     00000002      01000013)
[    0.012279] ACPI: Reserving FACP table memory at [mem 0x3e37a000-0x3e37a073]
[    0.012280] ACPI: Reserving DSDT table memory at [mem 0x3e37b000-0x3e37cb25]
[    0.012281] ACPI: Reserving FACS table memory at [mem 0x3e3dd000-0x3e3dd03f]
[    0.012281] ACPI: Reserving APIC table memory at [mem 0x3e379000-0x3e37907f]
[    0.012282] ACPI: Reserving HPET table memory at [mem 0x3e378000-0x3e378037]
[    0.012283] ACPI: Reserving WAET table memory at [mem 0x3e377000-0x3e377027]
[    0.012283] ACPI: Reserving BGRT table memory at [mem 0x3e376000-0x3e376037]
[    0.012297] ACPI: Local APIC address 0xfee00000
[    0.012323] Zone ranges:
[    0.012324]   DMA      [mem 0x0000000000001000-0x0000000000ffffff]
[    0.012325]   DMA32    [mem 0x0000000001000000-0x000000003e6ebfff]
[    0.012326]   Normal   empty
[    0.012327] Movable zone start for each node
[    0.012327] Early memory node ranges
[    0.012328]   node   0: [mem 0x0000000000001000-0x000000000009ffff]
[    0.012329]   node   0: [mem 0x0000000000100000-0x00000000007fffff]
[    0.012329]   node   0: [mem 0x0000000000808000-0x000000000080afff]
[    0.012330]   node   0: [mem 0x000000000080c000-0x000000000080ffff]
[    0.012330]   node   0: [mem 0x0000000000900000-0x000000003e0ecfff]
[    0.012331]   node   0: [mem 0x000000003e3ff000-0x000000003e6ebfff]
[    0.012332] Initmem setup node 0 [mem 0x0000000000001000-0x000000003e6ebfff]
[    0.012333] On node 0 totalpages: 254592
[    0.012334]   DMA zone: 59 pages used for memmap
[    0.012334]   DMA zone: 1815 pages reserved
[    0.012335]   DMA zone: 3750 pages, LIFO batch:0
[    0.012336]   DMA32 zone: 3932 pages used for memmap
[    0.012336]   DMA32 zone: 250842 pages, LIFO batch:63
[    0.012338] On node 0, zone DMA: 1 pages in unavailable ranges
[    0.012347] On node 0, zone DMA: 96 pages in unavailable ranges
[    0.012348] On node 0, zone DMA: 8 pages in unavailable ranges
[    0.012348] On node 0, zone DMA: 1 pages in unavailable ranges
[    0.012357] On node 0, zone DMA: 240 pages in unavailable ranges
[    0.013802] On node 0, zone DMA32: 786 pages in unavailable ranges
[    0.013846] On node 0, zone DMA32: 6420 pages in unavailable ranges
[    0.014113] ACPI: PM-Timer IO Port: 0xb008
[    0.014115] ACPI: Local APIC address 0xfee00000
[    0.014120] ACPI: LAPIC_NMI (acpi_id[0xff] dfl dfl lint[0x1])
[    0.014149] IOAPIC[0]: apic_id 0, version 17, address 0xfec00000, GSI 0-23
[    0.014151] ACPI: INT_SRC_OVR (bus 0 bus_irq 0 global_irq 2 dfl dfl)
[    0.014152] ACPI: INT_SRC_OVR (bus 0 bus_irq 5 global_irq 5 high level)
[    0.014153] ACPI: INT_SRC_OVR (bus 0 bus_irq 9 global_irq 9 high level)
[    0.014154] ACPI: INT_SRC_OVR (bus 0 bus_irq 10 global_irq 10 high level)
[    0.014155] ACPI: INT_SRC_OVR (bus 0 bus_irq 11 global_irq 11 high level)
[    0.014156] ACPI: IRQ0 used by override.
[    0.014157] ACPI: IRQ5 used by override.
[    0.014157] ACPI: IRQ9 used by override.
[    0.014158] ACPI: IRQ10 used by override.
[    0.014158] ACPI: IRQ11 used by override.
[    0.014160] Using ACPI (MADT) for SMP configuration information
[    0.014161] ACPI: HPET id: 0x8086a201 base: 0xfed00000
[    0.014167] smpboot: Allowing 2 CPUs, 0 hotplug CPUs
[    0.014177] [mem 0x3e800000-0xfeffbfff] available for PCI devices
[    0.014179] clocksource: refined-jiffies: mask: 0xffffffff max_cycles: 0xffffffff, max_idle_ns: 1910969940391419 ns
[    0.014182] setup_percpu: NR_CPUS:8 nr_cpumask_bits:8 nr_cpu_ids:2 nr_node_ids:1
[    0.014287] percpu: Embedded 47 pages/cpu s154456 r8192 d29864 u1048576
[    0.014290] pcpu-alloc: s154456 r8192 d29864 u1048576 alloc=1*2097152
[    0.014291] pcpu-alloc: [0] 0 1 
[    0.014302] Built 1 zonelists, mobility grouping on.  Total pages: 248786
[    0.014303] Kernel command line: vga=791 accord quiet loglevel=0 
[    0.014406] Dentry cache hash table entries: 131072 (order: 8, 1048576 bytes, linear)
[    0.014417] Inode-cache hash table entries: 65536 (order: 7, 524288 bytes, linear)
[    0.014453] mem auto-init: stack:off, heap alloc:off, heap free:off
[    0.017352] Memory: 913012K/1018368K available (10242K kernel code, 1441K rwdata, 2600K rodata, 29484K init, 1760K bss, 105096K reserved, 0K cma-reserved)
[    0.017379] SLUB: HWalign=64, Order=0-3, MinObjects=0, CPUs=2, Nodes=1
[    0.017384] Kernel/User page tables isolation: enabled
[    0.017425] rcu: Hierarchical RCU implementation.
[    0.017425] rcu: 	RCU restricting CPUs from NR_CPUS=8 to nr_cpu_ids=2.
[    0.017427] rcu: RCU calculated value of scheduler-enlistment delay is 100 jiffies.
[    0.017427] rcu: Adjusting geometry for rcu_fanout_leaf=16, nr_cpu_ids=2
[    0.017438] NR_IRQS: 4352, nr_irqs: 440, preallocated irqs: 16
[    0.017610] Console: colour dummy device 80x25
[    0.017618] printk: console [tty0] enabled
[    0.017622] ACPI: Core revision 20200925
[    0.017734] clocksource: hpet: mask: 0xffffffff max_cycles: 0xffffffff, max_idle_ns: 19112604467 ns
[    0.017804] APIC: Switch to symmetric I/O mode setup
[    0.018835] ..TIMER: vector=0x30 apic1=0 pin1=2 apic2=-1 pin2=-1
[    0.022833] clocksource: tsc-early: mask: 0xffffffffffffffff max_cycles: 0x2135b2dab77, max_idle_ns: 440795323447 ns
[    0.022841] Calibrating delay loop (skipped), value calculated using timer frequency.. 4607.85 BogoMIPS (lpj=2303927)
[    0.022843] pid_max: default: 32768 minimum: 301
[    0.023886] Mount-cache hash table entries: 2048 (order: 2, 16384 bytes, linear)
[    0.023889] Mountpoint-cache hash table entries: 2048 (order: 2, 16384 bytes, linear)
[    0.024146] Last level iTLB entries: 4KB 0, 2MB 0, 4MB 0
[    0.024146] Last level dTLB entries: 4KB 0, 2MB 0, 4MB 0, 1GB 0
[    0.024149] Spectre V1 : Mitigation: usercopy/swapgs barriers and __user pointer sanitization
[    0.024150] Spectre V2 : Mitigation: Retpolines
[    0.024150] Spectre V2 : Spectre v2 / SpectreRSB mitigation: Filling RSB on context switch
[    0.024151] Spectre V2 : Spectre v2 / SpectreRSB : Filling RSB on VMEXIT
[    0.024152] Speculative Store Bypass: Vulnerable
[    0.024153] MDS: Vulnerable: Clear CPU buffers attempted, no microcode
[    0.024154] MMIO Stale Data: Unknown: No mitigations
[    0.035132] Freeing SMP alternatives memory: 16K
[    0.137276] smpboot: CPU0: Intel QEMU Virtual CPU version 2.5+ (family: 0xf, model: 0x6b, stepping: 0x1)
[    0.137385] Performance Events: unsupported Netburst CPU model 107 no PMU driver, software events only.
[    0.137428] rcu: Hierarchical SRCU implementation.
[    0.137472] smp: Bringing up secondary CPUs ...
[    0.137535] x86: Booting SMP configuration:
[    0.137536] .... node  #0, CPUs:      #1
[    0.148931] smp: Brought up 1 node, 2 CPUs
[    0.148934] smpboot: Max logical packages: 1
[    0.148936] smpboot: Total of 2 processors activated (9215.70 BogoMIPS)
[    0.149942] devtmpfs: initialized
[    0.149986] clocksource: jiffies: mask: 0xffffffff max_cycles: 0xffffffff, max_idle_ns: 1911260446275000 ns
[    0.149986] futex hash table entries: 512 (order: 3, 32768 bytes, linear)
[    0.150206] NET: Registered protocol family 16
[    0.150857] audit: initializing netlink subsys (disabled)
[    0.150980] thermal_sys: Registered thermal governor 'step_wise'
[    0.151006] audit: type=2000 audit(1721859840.133:1): state=initialized audit_enabled=0 res=1
[    0.151033] cpuidle: using governor menu
[    0.151092] ACPI: bus type PCI registered
[    0.151240] PCI: Using configuration type 1 for base access
[    0.153922] HugeTLB registered 2.00 MiB page size, pre-allocated 0 pages
[    0.175838] raid6: sse2x4   gen() 16958 MB/s
[    0.192166] raid6: sse2x4   xor()  8530 MB/s
[    0.209203] raid6: sse2x2   gen() 19647 MB/s
[    0.226168] raid6: sse2x2   xor() 11000 MB/s
[    0.243838] raid6: sse2x1   gen() 15231 MB/s
[    0.260189] raid6: sse2x1   xor()  7292 MB/s
[    0.260191] raid6: using algorithm sse2x2 gen() 19647 MB/s
[    0.260191] raid6: .... xor() 11000 MB/s, rmw enabled
[    0.260193] raid6: using intx1 recovery algorithm
[    0.260854] ACPI: Added _OSI(Module Device)
[    0.260854] ACPI: Added _OSI(Processor Device)
[    0.260854] ACPI: Added _OSI(3.0 _SCP Extensions)
[    0.260854] ACPI: Added _OSI(Processor Aggregator Device)
[    0.260854] ACPI: Added _OSI(Linux-Dell-Video)
[    0.260854] ACPI: Added _OSI(Linux-Lenovo-NV-HDMI-Audio)
[    0.260854] ACPI: Added _OSI(Linux-HPI-Hybrid-Graphics)
[    0.260854] ACPI: 1 ACPI AML tables successfully acquired and loaded
[    0.261179] ACPI: Interpreter enabled
[    0.261182] ACPI: (supports S0 S5)
[    0.261183] ACPI: Using IOAPIC for interrupt routing
[    0.261844] PCI: Using host bridge windows from ACPI; if necessary, use "pci=nocrs" and report a bug
[    0.261844] ACPI: Enabled 2 GPEs in block 00 to 0F
[    0.263838] ACPI: PCI Root Bridge [PCI0] (domain 0000 [bus 00-ff])
[    0.263838] acpi PNP0A03:00: _OSC: OS supports [ASPM ClockPM Segments MSI HPX-Type3]
[    0.263838] acpi PNP0A03:00: fail to add MMCONFIG information, can't access extended PCI configuration space under this bridge.
[    0.263874] PCI host bridge to bus 0000:00
[    0.263874] pci_bus 0000:00: root bus resource [io  0x0000-0x0cf7 window]
[    0.263874] pci_bus 0000:00: root bus resource [io  0x0d00-0xffff window]
[    0.263874] pci_bus 0000:00: root bus resource [mem 0x000a0000-0x000bffff window]
[    0.263874] pci_bus 0000:00: root bus resource [mem 0x3e800000-0xfebfffff window]
[    0.263874] pci_bus 0000:00: root bus resource [mem 0x100000000-0x17fffffff window]
[    0.263874] pci_bus 0000:00: root bus resource [bus 00-ff]
[    0.263874] pci 0000:00:00.0: [8086:1237] type 00 class 0x060000
[    0.263874] pci 0000:00:01.0: [8086:7000] type 00 class 0x060100
[    0.264105] pci 0000:00:01.1: [8086:7010] type 00 class 0x010180
[    0.265554] pci 0000:00:01.1: reg 0x20: [io  0xc080-0xc08f]
[    0.266094] pci 0000:00:01.1: legacy IDE quirk: reg 0x10: [io  0x01f0-0x01f7]
[    0.266095] pci 0000:00:01.1: legacy IDE quirk: reg 0x14: [io  0x03f6]
[    0.266096] pci 0000:00:01.1: legacy IDE quirk: reg 0x18: [io  0x0170-0x0177]
[    0.266096] pci 0000:00:01.1: legacy IDE quirk: reg 0x1c: [io  0x0376]
[    0.266836] pci 0000:00:01.2: [8086:7020] type 00 class 0x0c0300
[    0.267485] pci 0000:00:01.2: reg 0x20: [io  0xc060-0xc07f]
[    0.268845] pci 0000:00:01.3: [8086:7113] type 00 class 0x068000
[    0.268845] pci 0000:00:01.3: quirk: [io  0xb000-0xb03f] claimed by PIIX4 ACPI
[    0.268845] pci 0000:00:01.3: quirk: [io  0xb100-0xb10f] claimed by PIIX4 SMB
[    0.268872] pci 0000:00:02.0: [1b36:0100] type 00 class 0x030000
[    0.274883] pci 0000:00:02.0: reg 0x10: [mem 0x84000000-0x87ffffff]
[    0.276348] pci 0000:00:02.0: reg 0x14: [mem 0x80000000-0x83ffffff]
[    0.278212] pci 0000:00:02.0: reg 0x18: [mem 0x88060000-0x88061fff]
[    0.278220] pci 0000:00:02.0: reg 0x1c: [io  0xc040-0xc05f]
[    0.282877] pci 0000:00:02.0: reg 0x30: [mem 0xffff0000-0xffffffff pref]
[    0.282959] pci 0000:00:02.0: BAR 0: assigned to efifb
[    0.283837] pci 0000:00:03.0: [8086:100e] type 00 class 0x020000
[    0.283840] pci 0000:00:03.0: reg 0x10: [mem 0x88040000-0x8805ffff]
[    0.284841] pci 0000:00:03.0: reg 0x14: [io  0xc000-0xc03f]
[    0.288563] pci 0000:00:03.0: reg 0x30: [mem 0xfffc0000-0xffffffff pref]
[    0.290869] pci_bus 0000:00: on NUMA node 0
[    0.291051] ACPI: PCI Interrupt Link [LNKA] (IRQs 5 *10 11)
[    0.291051] ACPI: PCI Interrupt Link [LNKB] (IRQs 5 *10 11)
[    0.291063] ACPI: PCI Interrupt Link [LNKC] (IRQs 5 10 *11)
[    0.291152] ACPI: PCI Interrupt Link [LNKD] (IRQs 5 10 *11)
[    0.291210] ACPI: PCI Interrupt Link [LNKS] (IRQs *9)
[    0.291896] pci 0000:00:02.0: vgaarb: setting as boot VGA device
[    0.291896] pci 0000:00:02.0: vgaarb: VGA device added: decodes=io+mem,owns=io+mem,locks=none
[    0.291896] pci 0000:00:02.0: vgaarb: bridge control possible
[    0.291896] vgaarb: loaded
[    0.292065] SCSI subsystem initialized
[    0.292125] libata version 3.00 loaded.
[    0.292176] ACPI: bus type USB registered
[    0.292244] usbcore: registered new interface driver usbfs
[    0.292894] usbcore: registered new interface driver hub
[    0.292902] usbcore: registered new device driver usb
[    0.292922] pps_core: LinuxPPS API ver. 1 registered
[    0.292923] pps_core: Software ver. 5.3.6 - Copyright 2005-2007 Rodolfo Giometti <giometti@linux.it>
[    0.292926] PTP clock support registered
[    0.293084] Registered efivars operations
[    0.293350] PCI: Using ACPI for IRQ routing
[    0.293352] PCI: pci_cache_line_size set to 64 bytes
[    0.293480] e820: reserve RAM buffer [mem 0x0080b000-0x008fffff]
[    0.293484] e820: reserve RAM buffer [mem 0x00810000-0x008fffff]
[    0.293485] e820: reserve RAM buffer [mem 0x3cd7c018-0x3fffffff]
[    0.293486] e820: reserve RAM buffer [mem 0x3cda3018-0x3fffffff]
[    0.293488] e820: reserve RAM buffer [mem 0x3e0ed000-0x3fffffff]
[    0.293489] e820: reserve RAM buffer [mem 0x3e6ec000-0x3fffffff]
[    0.293645] hpet: 3 channels of 0 reserved for per-cpu timers
[    0.293687] clocksource: Switched to clocksource tsc-early
[    0.293731] VFS: Disk quotas dquot_6.6.0
[    0.293747] VFS: Dquot-cache hash table entries: 512 (order 0, 4096 bytes)
[    0.293818] pnp: PnP ACPI init
[    0.293818] pnp 00:00: Plug and Play ACPI device, IDs PNP0303 (active)
[    0.293818] pnp 00:01: Plug and Play ACPI device, IDs PNP0f13 (active)
[    0.293818] pnp 00:02: [dma 2]
[    0.293818] pnp 00:02: Plug and Play ACPI device, IDs PNP0700 (active)
[    0.293818] pnp 00:03: Plug and Play ACPI device, IDs PNP0400 (active)
[    0.293818] pnp 00:04: Plug and Play ACPI device, IDs PNP0b00 (active)
[    0.293818] pnp: PnP ACPI: found 5 devices
[    0.300671] clocksource: acpi_pm: mask: 0xffffff max_cycles: 0xffffff, max_idle_ns: 2085701024 ns
[    0.300712] NET: Registered protocol family 2
[    0.300754] IP idents hash table entries: 16384 (order: 5, 131072 bytes, linear)
[    0.300913] tcp_listen_portaddr_hash hash table entries: 512 (order: 1, 8192 bytes, linear)
[    0.300916] TCP established hash table entries: 8192 (order: 4, 65536 bytes, linear)
[    0.300923] TCP bind hash table entries: 8192 (order: 5, 131072 bytes, linear)
[    0.300933] TCP: Hash tables configured (established 8192 bind 8192)
[    0.300959] UDP hash table entries: 512 (order: 2, 16384 bytes, linear)
[    0.300963] UDP-Lite hash table entries: 512 (order: 2, 16384 bytes, linear)
[    0.300994] NET: Registered protocol family 1
[    0.301011] pci 0000:00:02.0: can't claim BAR 6 [mem 0xffff0000-0xffffffff pref]: no compatible bridge window
[    0.301013] pci 0000:00:03.0: can't claim BAR 6 [mem 0xfffc0000-0xffffffff pref]: no compatible bridge window
[    0.301025] pci 0000:00:03.0: BAR 6: assigned [mem 0x3e800000-0x3e83ffff pref]
[    0.301027] pci 0000:00:02.0: BAR 6: assigned [mem 0x3e840000-0x3e84ffff pref]
[    0.301030] pci_bus 0000:00: resource 4 [io  0x0000-0x0cf7 window]
[    0.301030] pci_bus 0000:00: resource 5 [io  0x0d00-0xffff window]
[    0.301031] pci_bus 0000:00: resource 6 [mem 0x000a0000-0x000bffff window]
[    0.301032] pci_bus 0000:00: resource 7 [mem 0x3e800000-0xfebfffff window]
[    0.301033] pci_bus 0000:00: resource 8 [mem 0x100000000-0x17fffffff window]
[    0.301070] pci 0000:00:01.0: PIIX3: Enabling Passive Release
[    0.301080] pci 0000:00:00.0: Limiting direct PCI/PCI transfers
[    0.301089] pci 0000:00:01.0: Activating ISA DMA hang workarounds
[    0.316861] PCI Interrupt Link [LNKD] enabled at IRQ 11
[    0.335372] pci 0000:00:01.2: quirk_usb_early_handoff+0x0/0x62e took 33440 usecs
[    0.335430] pci 0000:00:02.0: Video device with shadowed ROM at [mem 0x000c0000-0x000dffff]
[    0.335445] PCI: CLS 0 bytes, default 64
[    4.470345] check: Scanning for low memory corruption every 60 seconds
[    4.470581] workingset: timestamp_bits=62 max_order=18 bucket_order=0
[    4.471477] ntfs: driver 2.1.32 [Flags: R/O].
[    4.471620] fuse: init (API version 7.32)
[    4.471658] SGI XFS with ACLs, security attributes, realtime, scrub, quota, fatal assert, debug enabled
[    4.477818] xor: measuring software checksum speed
[    4.478173]    prefetch64-sse  : 29384 MB/sec
[    4.478555]    generic_sse     : 25912 MB/sec
[    4.478555] xor: using function: prefetch64-sse (29384 MB/sec)
[    4.478585] Block layer SCSI generic (bsg) driver version 0.4 loaded (major 251)
[    4.478588] io scheduler mq-deadline registered
[    4.478590] io scheduler kyber registered
[    4.478714] efifb: probing for efifb
[    4.478754] efifb: framebuffer at 0x84000000, using 4000k, total 4000k
[    4.478756] efifb: mode is 1280x800x32, linelength=5120, pages=1
[    4.478756] efifb: scrolling: redraw
[    4.478758] efifb: Truecolor: size=8:8:8:8, shift=24:16:8:0
[    4.478916] Console: switching to colour frame buffer device 160x50
[    4.481296] fb0: EFI VGA frame buffer device
[    4.481415] Serial: 8250/16550 driver, 4 ports, IRQ sharing enabled
[    4.481701] Non-volatile memory driver v1.3
[    4.481703] Linux agpgart interface v0.103
[    4.482750] loop: module loaded
[    4.483111] ata_piix 0000:00:01.1: version 2.13
[    4.484088] scsi host0: ata_piix
[    4.484421] scsi host1: ata_piix
[    4.484466] ata1: PATA max MWDMA2 cmd 0x1f0 ctl 0x3f6 bmdma 0xc080 irq 14
[    4.484469] ata2: PATA max MWDMA2 cmd 0x170 ctl 0x376 bmdma 0xc088 irq 15
[    4.484676] e100: Intel(R) PRO/100 Network Driver
[    4.484677] e100: Copyright(c) 1999-2006 Intel Corporation
[    4.484690] e1000: Intel(R) PRO/1000 Network Driver
[    4.484691] e1000: Copyright (c) 1999-2006 Intel Corporation.
[    4.501384] PCI Interrupt Link [LNKC] enabled at IRQ 10
[    4.642294] ata2.01: NODEV after polling detection
[    4.642544] ata2.00: ATAPI: QEMU DVD-ROM, 2.5+, max UDMA/100
[    4.643444] ata1.01: NODEV after polling detection
[    4.643663] ata1.00: ATA-7: QEMU HARDDISK, 2.5+, max UDMA/100
[    4.643665] ata1.00: 204800 sectors, multi 16: LBA48 
[    4.644164] scsi 0:0:0:0: Direct-Access     ATA      QEMU HARDDISK    2.5+ PQ: 0 ANSI: 5
[    4.644311] sd 0:0:0:0: [sda] 204800 512-byte logical blocks: (105 MB/100 MiB)
[    4.644317] sd 0:0:0:0: [sda] Write Protect is off
[    4.644318] sd 0:0:0:0: [sda] Mode Sense: 00 3a 00 00
[    4.644325] sd 0:0:0:0: [sda] Write cache: enabled, read cache: enabled, doesn't support DPO or FUA
[    4.644407] sd 0:0:0:0: Attached scsi generic sg0 type 0
[    4.644913] scsi 1:0:0:0: CD-ROM            QEMU     QEMU DVD-ROM     2.5+ PQ: 0 ANSI: 5
[    4.645227]  sda:
[    4.645319] sd 0:0:0:0: [sda] Attached SCSI disk
[    4.788390] sr 1:0:0:0: [sr0] scsi3-mmc drive: 4x/4x cd/rw xa/form2 tray
[    4.788402] cdrom: Uniform CD-ROM driver Revision: 3.20
[    4.805366] sr 1:0:0:0: Attached scsi CD-ROM sr0
[    4.805415] sr 1:0:0:0: Attached scsi generic sg1 type 5
[    4.822328] e1000 0000:00:03.0 eth0: (PCI:33MHz:32-bit) 52:54:00:12:34:56
[    4.822333] e1000 0000:00:03.0 eth0: Intel(R) PRO/1000 Network Connection
[    4.822373] e1000e: Intel(R) PRO/1000 Network Driver
[    4.822374] e1000e: Copyright(c) 1999 - 2015 Intel Corporation.
[    4.822407] igb: Intel(R) Gigabit Ethernet Network Driver
[    4.822410] igb: Copyright (c) 2007-2014 Intel Corporation.
[    4.822433] igbvf: Intel(R) Gigabit Virtual Function Network Driver
[    4.822434] igbvf: Copyright (c) 2009 - 2012 Intel Corporation.
[    4.822450] ixgbe: Intel(R) 10 Gigabit PCI Express Network Driver
[    4.822451] ixgbe: Copyright (c) 1999-2016 Intel Corporation.
[    4.822529] ixgbevf: Intel(R) 10 Gigabit PCI Express Virtual Function Network Driver
[    4.822530] ixgbevf: Copyright (c) 2009 - 2018 Intel Corporation.
[    4.822568] i40e: Intel(R) Ethernet Connection XL710 Network Driver
[    4.822569] i40e: Copyright (c) 2013 - 2019 Intel Corporation.
[    4.822623] ixgb: Intel(R) PRO/10GbE Network Driver
[    4.822624] ixgb: Copyright (c) 1999-2008 Intel Corporation.
[    4.822639] iavf: Intel(R) Ethernet Adaptive Virtual Function Network Driver
[    4.822640] Copyright (c) 2013 - 2018 Intel Corporation.
[    4.822701] Intel(R) Ethernet Switch Host Interface Driver
[    4.822702] Copyright(c) 2013 - 2019 Intel Corporation.
[    4.822770] ehci_hcd: USB 2.0 'Enhanced' Host Controller (EHCI) Driver
[    4.822773] ehci-pci: EHCI PCI platform driver
[    4.822795] ehci-platform: EHCI generic platform driver
[    4.822806] ohci_hcd: USB 1.1 'Open' Host Controller (OHCI) Driver
[    4.822811] ohci-pci: OHCI PCI platform driver
[    4.822832] uhci_hcd: USB Universal Host Controller Interface driver
[    4.840027] uhci_hcd 0000:00:01.2: UHCI Host Controller
[    4.840036] uhci_hcd 0000:00:01.2: new USB bus registered, assigned bus number 1
[    4.840119] uhci_hcd 0000:00:01.2: irq 11, io base 0x0000c060
[    4.840184] usb usb1: New USB device found, idVendor=1d6b, idProduct=0001, bcdDevice= 5.10
[    4.840185] usb usb1: New USB device strings: Mfr=3, Product=2, SerialNumber=1
[    4.840186] usb usb1: Product: UHCI Host Controller
[    4.840187] usb usb1: Manufacturer: Linux 5.10.144 uhci_hcd
[    4.840187] usb usb1: SerialNumber: 0000:00:01.2
[    4.840393] hub 1-0:1.0: USB hub found
[    4.840397] hub 1-0:1.0: 2 ports detected
[    4.840587] usbcore: registered new interface driver usb-storage
[    4.840621] i8042: PNP: PS/2 Controller [PNP0303:KBD,PNP0f13:MOU] at 0x60,0x64 irq 1,12
[    4.841224] serio: i8042 KBD port at 0x60,0x64 irq 1
[    4.841230] serio: i8042 AUX port at 0x60,0x64 irq 12
[    4.841338] mousedev: PS/2 mouse device common for all mice
[    4.841448] usbcore: registered new interface driver synaptics_usb
[    4.841714] device-mapper: ioctl: 4.43.0-ioctl (2020-10-01) initialised: dm-devel@redhat.com
[    4.841720] intel_pstate: CPU model not supported
[    4.841752] input: AT Translated Set 2 keyboard as /devices/platform/i8042/serio0/input/input0
[    4.843315] sdhci: Secure Digital Host Controller Interface driver
[    4.843316] sdhci: Copyright(c) Pierre Ossman
[    4.843342] wbsd: Winbond W83L51xD SD/MMC card interface driver
[    4.843342] wbsd: Copyright(c) Pierre Ossman
[    4.843363] VUB300 Driver rom wait states = 1C irqpoll timeout = 0400
[    4.843642] usbcore: registered new interface driver vub300
[    4.843648] usbcore: registered new interface driver ushc
[    4.843662] sdhci-pltfm: SDHCI platform and OF driver helper
[    4.843704] EFI Variables Facility v0.08 2004-May-17
[    4.844964] pstore: Registered efi as persistent store backend
[    4.845022] hid: raw HID events driver (C) Jiri Kosina
[    4.845103] usbcore: registered new interface driver usbhid
[    4.845104] usbhid: USB HID core driver
[    4.845203] NET: Registered protocol family 10
[    4.845525] Segment Routing with IPv6
[    4.845538] sit: IPv6, IPv4 and MPLS over IPv4 tunneling driver
[    4.845624] NET: Registered protocol family 17
[    4.845780] IPI shorthand broadcast: enabled
[    4.845788] sched_clock: Marking stable (4845485488, 246642)->(4848017310, -2285180)
[    4.845949] registered taskstats version 1
[    4.845987] pstore: Using crash dump compression: deflate
[    4.849781] Freeing unused kernel image (initmem) memory: 29484K
[    4.852927] Write protecting the kernel read-only data: 16384k
[    4.854445] Freeing unused kernel image (text/rodata gap) memory: 2044K
[    4.855349] Freeing unused kernel image (rodata/data gap) memory: 1496K
[    4.855477] Run /init as init process
[    4.855478]   with arguments:
[    4.855479]     /init
[    4.855479]     accord
[    4.855480]   with environment:
[    4.855480]     HOME=/
[    4.855481]     TERM=linux
[    4.855481]     vga=791
[    4.875470] systemd-udevd[843]: starting version 198
[    5.466928] input: ImExPS/2 Generic Explorer Mouse as /devices/platform/i8042/serio1/input/input2
[    5.489966] tsc: Refined TSC clocksource calibration: 2303.979 MHz
[    5.489980] clocksource: tsc: mask: 0xffffffffffffffff max_cycles: 0x2135e421492, max_idle_ns: 440795305068 ns
[    5.490043] clocksource: Switched to clocksource tsc
