00000000-00000fff : Reserved
00001000-0009ffff : System RAM
000a0000-000bffff : PCI Bus 0000:00
000f0000-000fffff : System ROM
00100000-007fffff : System RAM
00800000-00807fff : ACPI Non-volatile Storage
00808000-0080afff : System RAM
0080b000-0080bfff : ACPI Non-volatile Storage
0080c000-0080ffff : System RAM
00810000-008fffff : ACPI Non-volatile Storage
00900000-3cd7c017 : System RAM
  30600000-31000a87 : Kernel code
  31200000-31489fff : Kernel rodata
  31600000-317684ff : Kernel data
  33448000-335fffff : Kernel bss
3cd7c018-3cda2e57 : System RAM
3cda2e58-3cda3017 : System RAM
3cda3018-3cdabe57 : System RAM
3cdabe58-3e0ecfff : System RAM
3e0ed000-3e36cfff : Reserved
3e36d000-3e37efff : ACPI Tables
3e37f000-3e3fefff : ACPI Non-volatile Storage
3e3ff000-3e6ebfff : System RAM
3e6ec000-3e76ffff : Reserved
3e770000-3e7fffff : ACPI Non-volatile Storage
3e800000-febfffff : PCI Bus 0000:00
  3e800000-3e83ffff : 0000:00:03.0
  80000000-83ffffff : 0000:00:02.0
  84000000-87ffffff : 0000:00:02.0
    84000000-843e7fff : efifb
  88040000-8805ffff : 0000:00:03.0
    88040000-8805ffff : e1000
  88060000-88061fff : 0000:00:02.0
fec00000-fec003ff : IOAPIC 0
fed00000-fed003ff : HPET 0
  fed00000-fed003ff : PNP0103:00
fee00000-fee00fff : Local APIC
feffc000-feffffff : Reserved
100000000-17fffffff : PCI Bus 0000:00
