[    0.000000] Linux version 5.10.144 (root@akh-okbsapr) (gcc (Debian 8.3.0-6) 8.3.0, GNU ld (GNU Binutils for Debian) 2.31.1) #62 SMP Tue Oct 17 14:44:56 MSK 2023
[    0.000000] Command line: 
[    0.000000] x86/fpu: x87 FPU will use FXSAVE
[    0.000000] BIOS-provided physical RAM map:
[    0.000000] BIOS-e820: [mem 0x0000000000000000-0x000000000009ffff] usable
[    0.000000] BIOS-e820: [mem 0x0000000000100000-0x00000000007fffff] usable
[    0.000000] BIOS-e820: [mem 0x0000000000800000-0x0000000000807fff] ACPI NVS
[    0.000000] BIOS-e820: [mem 0x0000000000808000-0x000000000080afff] usable
[    0.000000] BIOS-e820: [mem 0x000000000080b000-0x000000000080bfff] ACPI NVS
[    0.000000] BIOS-e820: [mem 0x000000000080c000-0x000000000080ffff] usable
[    0.000000] BIOS-e820: [mem 0x0000000000810000-0x00000000008fffff] ACPI NVS
[    0.000000] BIOS-e820: [mem 0x0000000000900000-0x000000003e0ecfff] usable
[    0.000000] BIOS-e820: [mem 0x000000003e0ed000-0x000000003e36cfff] reserved
[    0.000000] BIOS-e820: [mem 0x000000003e36d000-0x000000003e37efff] ACPI data
[    0.000000] BIOS-e820: [mem 0x000000003e37f000-0x000000003e3fefff] ACPI NVS
[    0.000000] BIOS-e820: [mem 0x000000003e3ff000-0x000000003e6ebfff] usable
[    0.000000] BIOS-e820: [mem 0x000000003e6ec000-0x000000003e76ffff] reserved
[    0.000000] BIOS-e820: [mem 0x000000003e770000-0x000000003e7fffff] ACPI NVS
[    0.000000] BIOS-e820: [mem 0x00000000feffc000-0x00000000feffffff] reserved
[    0.000000] NX (Execute Disable) protection: active
[    0.000000] e820: update [mem 0x3cd7d018-0x3cd85e57] usable ==> usable
[    0.000000] e820: update [mem 0x3cd7d018-0x3cd85e57] usable ==> usable
[    0.000000] e820: update [mem 0x3cd56018-0x3cd7ce57] usable ==> usable
[    0.000000] e820: update [mem 0x3cd56018-0x3cd7ce57] usable ==> usable
[    0.000000] extended physical RAM map:
[    0.000000] reserve setup_data: [mem 0x0000000000000000-0x000000000009ffff] usable
[    0.000000] reserve setup_data: [mem 0x0000000000100000-0x00000000007fffff] usable
[    0.000000] reserve setup_data: [mem 0x0000000000800000-0x0000000000807fff] ACPI NVS
[    0.000000] reserve setup_data: [mem 0x0000000000808000-0x000000000080afff] usable
[    0.000000] reserve setup_data: [mem 0x000000000080b000-0x000000000080bfff] ACPI NVS
[    0.000000] reserve setup_data: [mem 0x000000000080c000-0x000000000080ffff] usable
[    0.000000] reserve setup_data: [mem 0x0000000000810000-0x00000000008fffff] ACPI NVS
[    0.000000] reserve setup_data: [mem 0x0000000000900000-0x000000003cd56017] usable
[    0.000000] reserve setup_data: [mem 0x000000003cd56018-0x000000003cd7ce57] usable
[    0.000000] reserve setup_data: [mem 0x000000003cd7ce58-0x000000003cd7d017] usable
[    0.000000] reserve setup_data: [mem 0x000000003cd7d018-0x000000003cd85e57] usable
[    0.000000] reserve setup_data: [mem 0x000000003cd85e58-0x000000003e0ecfff] usable
[    0.000000] reserve setup_data: [mem 0x000000003e0ed000-0x000000003e36cfff] reserved
[    0.000000] reserve setup_data: [mem 0x000000003e36d000-0x000000003e37efff] ACPI data
[    0.000000] reserve setup_data: [mem 0x000000003e37f000-0x000000003e3fefff] ACPI NVS
[    0.000000] reserve setup_data: [mem 0x000000003e3ff000-0x000000003e6ebfff] usable
[    0.000000] reserve setup_data: [mem 0x000000003e6ec000-0x000000003e76ffff] reserved
[    0.000000] reserve setup_data: [mem 0x000000003e770000-0x000000003e7fffff] ACPI NVS
[    0.000000] reserve setup_data: [mem 0x00000000feffc000-0x00000000feffffff] reserved
[    0.000000] efi: EFI v2.70 by EDK II
[    0.000000] efi: SMBIOS=0x3e13f000 ACPI=0x3e37e000 ACPI 2.0=0x3e37e014 MEMATTR=0x3d004018 
[    0.000000] efi: memattr: Unexpected EFI Memory Attributes table version 2
[    0.000000] SMBIOS 2.8 present.
[    0.000000] DMI: QEMU Standard PC (i440FX + PIIX, 1996), BIOS unknown 2/2/2022
[    0.000000] tsc: Fast TSC calibration using PIT
[    0.000000] tsc: Detected 2304.222 MHz processor
[    0.000118] e820: update [mem 0x00000000-0x00000fff] usable ==> reserved
[    0.000122] e820: remove [mem 0x000a0000-0x000fffff] usable
[    0.000130] last_pfn = 0x3e6ec max_arch_pfn = 0x400000000
[    0.000159] MTRR default type: write-back
[    0.000160] MTRR fixed ranges enabled:
[    0.000161]   00000-9FFFF write-back
[    0.000162]   A0000-FFFFF uncachable
[    0.000162] MTRR variable ranges enabled:
[    0.000163]   0 base 0080000000 mask FF80000000 uncachable
[    0.000164]   1 base 0800000000 mask F800000000 uncachable
[    0.000165]   2 disabled
[    0.000165]   3 disabled
[    0.000166]   4 disabled
[    0.000166]   5 disabled
[    0.000166]   6 disabled
[    0.000167]   7 disabled
[    0.000178] x86/PAT: Configuration [0-7]: WB  WC  UC- UC  WB  WP  UC- WT  
[    0.012644] check: Scanning 1 areas for low memory corruption
[    0.012987] Secure boot disabled
[    0.012989] ACPI: Early table checksum verification disabled
[    0.012993] ACPI: RSDP 0x000000003E37E014 000024 (v02 BOCHS )
[    0.012996] ACPI: XSDT 0x000000003E37D0E8 00004C (v01 BOCHS  BXPC     00000001      01000013)
[    0.013001] ACPI: FACP 0x000000003E37A000 000074 (v01 BOCHS  BXPC     00000001 BXPC 00000001)
[    0.013005] ACPI: DSDT 0x000000003E37B000 001B07 (v01 BOCHS  BXPC     00000001 BXPC 00000001)
[    0.013009] ACPI: FACS 0x000000003E3DD000 000040
[    0.013011] ACPI: APIC 0x000000003E379000 000080 (v03 BOCHS  BXPC     00000001 BXPC 00000001)
[    0.013014] ACPI: HPET 0x000000003E378000 000038 (v01 BOCHS  BXPC     00000001 BXPC 00000001)
[    0.013017] ACPI: WAET 0x000000003E377000 000028 (v01 BOCHS  BXPC     00000001 BXPC 00000001)
[    0.013020] ACPI: BGRT 0x000000003E376000 000038 (v01 INTEL  EDK2     00000002      01000013)
[    0.013022] ACPI: Reserving FACP table memory at [mem 0x3e37a000-0x3e37a073]
[    0.013023] ACPI: Reserving DSDT table memory at [mem 0x3e37b000-0x3e37cb06]
[    0.013024] ACPI: Reserving FACS table memory at [mem 0x3e3dd000-0x3e3dd03f]
[    0.013025] ACPI: Reserving APIC table memory at [mem 0x3e379000-0x3e37907f]
[    0.013025] ACPI: Reserving HPET table memory at [mem 0x3e378000-0x3e378037]
[    0.013026] ACPI: Reserving WAET table memory at [mem 0x3e377000-0x3e377027]
[    0.013027] ACPI: Reserving BGRT table memory at [mem 0x3e376000-0x3e376037]
[    0.013044] ACPI: Local APIC address 0xfee00000
[    0.013070] Zone ranges:
[    0.013070]   DMA      [mem 0x0000000000001000-0x0000000000ffffff]
[    0.013071]   DMA32    [mem 0x0000000001000000-0x000000003e6ebfff]
[    0.013072]   Normal   empty
[    0.013073] Movable zone start for each node
[    0.013073] Early memory node ranges
[    0.013074]   node   0: [mem 0x0000000000001000-0x000000000009ffff]
[    0.013075]   node   0: [mem 0x0000000000100000-0x00000000007fffff]
[    0.013075]   node   0: [mem 0x0000000000808000-0x000000000080afff]
[    0.013076]   node   0: [mem 0x000000000080c000-0x000000000080ffff]
[    0.013076]   node   0: [mem 0x0000000000900000-0x000000003e0ecfff]
[    0.013077]   node   0: [mem 0x000000003e3ff000-0x000000003e6ebfff]
[    0.013078] Initmem setup node 0 [mem 0x0000000000001000-0x000000003e6ebfff]
[    0.013079] On node 0 totalpages: 254592
[    0.013080]   DMA zone: 59 pages used for memmap
[    0.013080]   DMA zone: 1815 pages reserved
[    0.013081]   DMA zone: 3750 pages, LIFO batch:0
[    0.013082]   DMA32 zone: 3932 pages used for memmap
[    0.013082]   DMA32 zone: 250842 pages, LIFO batch:63
[    0.013084] On node 0, zone DMA: 1 pages in unavailable ranges
[    0.013093] On node 0, zone DMA: 96 pages in unavailable ranges
[    0.013094] On node 0, zone DMA: 8 pages in unavailable ranges
[    0.013094] On node 0, zone DMA: 1 pages in unavailable ranges
[    0.013103] On node 0, zone DMA: 240 pages in unavailable ranges
[    0.014771] On node 0, zone DMA32: 786 pages in unavailable ranges
[    0.014816] On node 0, zone DMA32: 6420 pages in unavailable ranges
[    0.015109] ACPI: PM-Timer IO Port: 0xb008
[    0.015111] ACPI: Local APIC address 0xfee00000
[    0.015116] ACPI: LAPIC_NMI (acpi_id[0xff] dfl dfl lint[0x1])
[    0.015148] IOAPIC[0]: apic_id 0, version 17, address 0xfec00000, GSI 0-23
[    0.015150] ACPI: INT_SRC_OVR (bus 0 bus_irq 0 global_irq 2 dfl dfl)
[    0.015151] ACPI: INT_SRC_OVR (bus 0 bus_irq 5 global_irq 5 high level)
[    0.015152] ACPI: INT_SRC_OVR (bus 0 bus_irq 9 global_irq 9 high level)
[    0.015153] ACPI: INT_SRC_OVR (bus 0 bus_irq 10 global_irq 10 high level)
[    0.015154] ACPI: INT_SRC_OVR (bus 0 bus_irq 11 global_irq 11 high level)
[    0.015155] ACPI: IRQ0 used by override.
[    0.015156] ACPI: IRQ5 used by override.
[    0.015157] ACPI: IRQ9 used by override.
[    0.015157] ACPI: IRQ10 used by override.
[    0.015158] ACPI: IRQ11 used by override.
[    0.015159] Using ACPI (MADT) for SMP configuration information
[    0.015161] ACPI: HPET id: 0x8086a201 base: 0xfed00000
[    0.015169] smpboot: Allowing 2 CPUs, 0 hotplug CPUs
[    0.015179] [mem 0x3e800000-0xfeffbfff] available for PCI devices
[    0.015182] clocksource: refined-jiffies: mask: 0xffffffff max_cycles: 0xffffffff, max_idle_ns: 1910969940391419 ns
[    0.015185] setup_percpu: NR_CPUS:8 nr_cpumask_bits:8 nr_cpu_ids:2 nr_node_ids:1
[    0.015285] percpu: Embedded 47 pages/cpu s154456 r8192 d29864 u1048576
[    0.015288] pcpu-alloc: s154456 r8192 d29864 u1048576 alloc=1*2097152
[    0.015289] pcpu-alloc: [0] 0 1 
[    0.015302] Built 1 zonelists, mobility grouping on.  Total pages: 248786
[    0.015303] Kernel command line: vga=791 accord quiet loglevel=0 
[    0.015447] Dentry cache hash table entries: 131072 (order: 8, 1048576 bytes, linear)
[    0.015459] Inode-cache hash table entries: 65536 (order: 7, 524288 bytes, linear)
[    0.015498] mem auto-init: stack:off, heap alloc:off, heap free:off
[    0.017976] Memory: 912856K/1018368K available (10242K kernel code, 1441K rwdata, 2600K rodata, 29484K init, 1760K bss, 105252K reserved, 0K cma-reserved)
[    0.018002] SLUB: HWalign=64, Order=0-3, MinObjects=0, CPUs=2, Nodes=1
[    0.018006] Kernel/User page tables isolation: enabled
[    0.018287] rcu: Hierarchical RCU implementation.
[    0.018288] rcu: 	RCU restricting CPUs from NR_CPUS=8 to nr_cpu_ids=2.
[    0.018289] rcu: RCU calculated value of scheduler-enlistment delay is 100 jiffies.
[    0.018290] rcu: Adjusting geometry for rcu_fanout_leaf=16, nr_cpu_ids=2
[    0.018305] NR_IRQS: 4352, nr_irqs: 440, preallocated irqs: 16
[    0.018496] Console: colour dummy device 80x25
[    0.018505] printk: console [tty0] enabled
[    0.018509] ACPI: Core revision 20200925
[    0.018636] clocksource: hpet: mask: 0xffffffff max_cycles: 0xffffffff, max_idle_ns: 19112604467 ns
[    0.018718] APIC: Switch to symmetric I/O mode setup
[    0.019732] ..TIMER: vector=0x30 apic1=0 pin1=2 apic2=-1 pin2=-1
[    0.023761] clocksource: tsc-early: mask: 0xffffffffffffffff max_cycles: 0x2136c992eea, max_idle_ns: 440795246248 ns
[    0.023766] Calibrating delay loop (skipped), value calculated using timer frequency.. 4608.44 BogoMIPS (lpj=2304222)
[    0.023769] pid_max: default: 32768 minimum: 301
[    0.024908] Mount-cache hash table entries: 2048 (order: 2, 16384 bytes, linear)
[    0.024910] Mountpoint-cache hash table entries: 2048 (order: 2, 16384 bytes, linear)
[    0.025129] Last level iTLB entries: 4KB 0, 2MB 0, 4MB 0
[    0.025130] Last level dTLB entries: 4KB 0, 2MB 0, 4MB 0, 1GB 0
[    0.025133] Spectre V1 : Mitigation: usercopy/swapgs barriers and __user pointer sanitization
[    0.025134] Spectre V2 : Mitigation: Retpolines
[    0.025134] Spectre V2 : Spectre v2 / SpectreRSB mitigation: Filling RSB on context switch
[    0.025135] Spectre V2 : Spectre v2 / SpectreRSB : Filling RSB on VMEXIT
[    0.025136] Speculative Store Bypass: Vulnerable
[    0.025138] MDS: Vulnerable: Clear CPU buffers attempted, no microcode
[    0.025138] MMIO Stale Data: Unknown: No mitigations
[    0.033974] Freeing SMP alternatives memory: 16K
[    0.136124] smpboot: CPU0: Intel QEMU Virtual CPU version 2.5+ (family: 0xf, model: 0x6b, stepping: 0x1)
[    0.136220] Performance Events: unsupported Netburst CPU model 107 no PMU driver, software events only.
[    0.136282] rcu: Hierarchical SRCU implementation.
[    0.136318] smp: Bringing up secondary CPUs ...
[    0.136373] x86: Booting SMP configuration:
[    0.136373] .... node  #0, CPUs:      #1
[    0.147851] smp: Brought up 1 node, 2 CPUs
[    0.147852] smpboot: Max logical packages: 1
[    0.147853] smpboot: Total of 2 processors activated (9216.88 BogoMIPS)
[    0.148803] devtmpfs: initialized
[    0.148879] clocksource: jiffies: mask: 0xffffffff max_cycles: 0xffffffff, max_idle_ns: 1911260446275000 ns
[    0.148879] futex hash table entries: 512 (order: 3, 32768 bytes, linear)
[    0.149033] NET: Registered protocol family 16
[    0.149105] audit: initializing netlink subsys (disabled)
[    0.149139] thermal_sys: Registered thermal governor 'step_wise'
[    0.149139] audit: type=2000 audit(1721840627.130:1): state=initialized audit_enabled=0 res=1
[    0.149139] cpuidle: using governor menu
[    0.149139] ACPI: bus type PCI registered
[    0.149770] PCI: Using configuration type 1 for base access
[    0.153918] HugeTLB registered 2.00 MiB page size, pre-allocated 0 pages
[    0.171169] raid6: sse2x4   gen() 19346 MB/s
[    0.188190] raid6: sse2x4   xor()  9186 MB/s
[    0.205765] raid6: sse2x2   gen() 17994 MB/s
[    0.222206] raid6: sse2x2   xor()  9579 MB/s
[    0.239195] raid6: sse2x1   gen() 12915 MB/s
[    0.256181] raid6: sse2x1   xor()  6739 MB/s
[    0.256185] raid6: using algorithm sse2x4 gen() 19346 MB/s
[    0.256185] raid6: .... xor() 9186 MB/s, rmw enabled
[    0.256187] raid6: using intx1 recovery algorithm
[    0.256833] ACPI: Added _OSI(Module Device)
[    0.256834] ACPI: Added _OSI(Processor Device)
[    0.256835] ACPI: Added _OSI(3.0 _SCP Extensions)
[    0.256836] ACPI: Added _OSI(Processor Aggregator Device)
[    0.256837] ACPI: Added _OSI(Linux-Dell-Video)
[    0.256838] ACPI: Added _OSI(Linux-Lenovo-NV-HDMI-Audio)
[    0.256839] ACPI: Added _OSI(Linux-HPI-Hybrid-Graphics)
[    0.257547] ACPI: 1 ACPI AML tables successfully acquired and loaded
[    0.258397] ACPI: Interpreter enabled
[    0.258403] ACPI: (supports S0 S5)
[    0.258404] ACPI: Using IOAPIC for interrupt routing
[    0.258436] PCI: Using host bridge windows from ACPI; if necessary, use "pci=nocrs" and report a bug
[    0.258536] ACPI: Enabled 2 GPEs in block 00 to 0F
[    0.261576] ACPI: PCI Root Bridge [PCI0] (domain 0000 [bus 00-ff])
[    0.261582] acpi PNP0A03:00: _OSC: OS supports [ASPM ClockPM Segments MSI HPX-Type3]
[    0.261588] acpi PNP0A03:00: fail to add MMCONFIG information, can't access extended PCI configuration space under this bridge.
[    0.261624] PCI host bridge to bus 0000:00
[    0.261626] pci_bus 0000:00: root bus resource [io  0x0000-0x0cf7 window]
[    0.261627] pci_bus 0000:00: root bus resource [io  0x0d00-0xffff window]
[    0.261629] pci_bus 0000:00: root bus resource [mem 0x000a0000-0x000bffff window]
[    0.261630] pci_bus 0000:00: root bus resource [mem 0x3e800000-0xfebfffff window]
[    0.261631] pci_bus 0000:00: root bus resource [mem 0x100000000-0x17fffffff window]
[    0.261632] pci_bus 0000:00: root bus resource [bus 00-ff]
[    0.261674] pci 0000:00:00.0: [8086:1237] type 00 class 0x060000
[    0.262131] pci 0000:00:01.0: [8086:7000] type 00 class 0x060100
[    0.262738] pci 0000:00:01.1: [8086:7010] type 00 class 0x010180
[    0.264450] pci 0000:00:01.1: reg 0x20: [io  0xc040-0xc04f]
[    0.265089] pci 0000:00:01.1: legacy IDE quirk: reg 0x10: [io  0x01f0-0x01f7]
[    0.265090] pci 0000:00:01.1: legacy IDE quirk: reg 0x14: [io  0x03f6]
[    0.265091] pci 0000:00:01.1: legacy IDE quirk: reg 0x18: [io  0x0170-0x0177]
[    0.265092] pci 0000:00:01.1: legacy IDE quirk: reg 0x1c: [io  0x0376]
[    0.265342] pci 0000:00:01.3: [8086:7113] type 00 class 0x068000
[    0.265834] pci 0000:00:01.3: quirk: [io  0xb000-0xb03f] claimed by PIIX4 ACPI
[    0.265843] pci 0000:00:01.3: quirk: [io  0xb100-0xb10f] claimed by PIIX4 SMB
[    0.266118] pci 0000:00:02.0: [1234:1111] type 00 class 0x030000
[    0.267229] pci 0000:00:02.0: reg 0x10: [mem 0x80000000-0x80ffffff pref]
[    0.269098] pci 0000:00:02.0: reg 0x18: [mem 0x81060000-0x81060fff]
[    0.273802] pci 0000:00:02.0: reg 0x30: [mem 0xffff0000-0xffffffff pref]
[    0.273928] pci 0000:00:02.0: BAR 0: assigned to efifb
[    0.274154] pci 0000:00:03.0: [8086:100e] type 00 class 0x020000
[    0.275001] pci 0000:00:03.0: reg 0x10: [mem 0x81040000-0x8105ffff]
[    0.275484] pci 0000:00:03.0: reg 0x14: [io  0xc000-0xc03f]
[    0.277771] pci 0000:00:03.0: reg 0x30: [mem 0xfffc0000-0xffffffff pref]
[    0.278927] pci_bus 0000:00: on NUMA node 0
[    0.279117] ACPI: PCI Interrupt Link [LNKA] (IRQs 5 *10 11)
[    0.279203] ACPI: PCI Interrupt Link [LNKB] (IRQs 5 *10 11)
[    0.279276] ACPI: PCI Interrupt Link [LNKC] (IRQs 5 10 *11)
[    0.279346] ACPI: PCI Interrupt Link [LNKD] (IRQs 5 10 *11)
[    0.279392] ACPI: PCI Interrupt Link [LNKS] (IRQs *9)
[    0.279642] pci 0000:00:02.0: vgaarb: setting as boot VGA device
[    0.279644] pci 0000:00:02.0: vgaarb: VGA device added: decodes=io+mem,owns=io+mem,locks=none
[    0.279645] pci 0000:00:02.0: vgaarb: bridge control possible
[    0.279645] vgaarb: loaded
[    0.279845] SCSI subsystem initialized
[    0.279947] libata version 3.00 loaded.
[    0.280019] ACPI: bus type USB registered
[    0.280053] usbcore: registered new interface driver usbfs
[    0.280104] usbcore: registered new interface driver hub
[    0.280109] usbcore: registered new device driver usb
[    0.280117] pps_core: LinuxPPS API ver. 1 registered
[    0.280118] pps_core: Software ver. 5.3.6 - Copyright 2005-2007 Rodolfo Giometti <giometti@linux.it>
[    0.280120] PTP clock support registered
[    0.280223] Registered efivars operations
[    0.280398] PCI: Using ACPI for IRQ routing
[    0.280399] PCI: pci_cache_line_size set to 64 bytes
[    0.280472] e820: reserve RAM buffer [mem 0x0080b000-0x008fffff]
[    0.280473] e820: reserve RAM buffer [mem 0x00810000-0x008fffff]
[    0.280474] e820: reserve RAM buffer [mem 0x3cd56018-0x3fffffff]
[    0.280475] e820: reserve RAM buffer [mem 0x3cd7d018-0x3fffffff]
[    0.280475] e820: reserve RAM buffer [mem 0x3e0ed000-0x3fffffff]
[    0.280476] e820: reserve RAM buffer [mem 0x3e6ec000-0x3fffffff]
[    0.280524] hpet: 3 channels of 0 reserved for per-cpu timers
[    0.280556] clocksource: Switched to clocksource tsc-early
[    0.280579] VFS: Disk quotas dquot_6.6.0
[    0.280586] VFS: Dquot-cache hash table entries: 512 (order 0, 4096 bytes)
[    0.280623] pnp: PnP ACPI init
[    0.280671] pnp 00:00: Plug and Play ACPI device, IDs PNP0303 (active)
[    0.280704] pnp 00:01: Plug and Play ACPI device, IDs PNP0f13 (active)
[    0.280710] pnp 00:02: [dma 2]
[    0.280726] pnp 00:02: Plug and Play ACPI device, IDs PNP0700 (active)
[    0.280740] pnp 00:03: Plug and Play ACPI device, IDs PNP0400 (active)
[    0.280750] pnp 00:04: Plug and Play ACPI device, IDs PNP0501 (active)
[    0.280750] pnp 00:05: Plug and Play ACPI device, IDs PNP0b00 (active)
[    0.280750] pnp: PnP ACPI: found 6 devices
[    0.288785] clocksource: acpi_pm: mask: 0xffffff max_cycles: 0xffffff, max_idle_ns: 2085701024 ns
[    0.288835] NET: Registered protocol family 2
[    0.288890] IP idents hash table entries: 16384 (order: 5, 131072 bytes, linear)
[    0.289132] tcp_listen_portaddr_hash hash table entries: 512 (order: 1, 8192 bytes, linear)
[    0.289136] TCP established hash table entries: 8192 (order: 4, 65536 bytes, linear)
[    0.289146] TCP bind hash table entries: 8192 (order: 5, 131072 bytes, linear)
[    0.289159] TCP: Hash tables configured (established 8192 bind 8192)
[    0.289189] UDP hash table entries: 512 (order: 2, 16384 bytes, linear)
[    0.289195] UDP-Lite hash table entries: 512 (order: 2, 16384 bytes, linear)
[    0.289228] NET: Registered protocol family 1
[    0.289242] pci 0000:00:02.0: can't claim BAR 6 [mem 0xffff0000-0xffffffff pref]: no compatible bridge window
[    0.289244] pci 0000:00:03.0: can't claim BAR 6 [mem 0xfffc0000-0xffffffff pref]: no compatible bridge window
[    0.289252] pci 0000:00:03.0: BAR 6: assigned [mem 0x3e800000-0x3e83ffff pref]
[    0.289254] pci 0000:00:02.0: BAR 6: assigned [mem 0x3e840000-0x3e84ffff pref]
[    0.289256] pci_bus 0000:00: resource 4 [io  0x0000-0x0cf7 window]
[    0.289257] pci_bus 0000:00: resource 5 [io  0x0d00-0xffff window]
[    0.289259] pci_bus 0000:00: resource 6 [mem 0x000a0000-0x000bffff window]
[    0.289260] pci_bus 0000:00: resource 7 [mem 0x3e800000-0xfebfffff window]
[    0.289261] pci_bus 0000:00: resource 8 [mem 0x100000000-0x17fffffff window]
[    0.289322] pci 0000:00:01.0: PIIX3: Enabling Passive Release
[    0.289335] pci 0000:00:00.0: Limiting direct PCI/PCI transfers
[    0.289346] pci 0000:00:01.0: Activating ISA DMA hang workarounds
[    0.289398] pci 0000:00:02.0: Video device with shadowed ROM at [mem 0x000c0000-0x000dffff]
[    0.289417] PCI: CLS 0 bytes, default 64
[    4.415968] check: Scanning for low memory corruption every 60 seconds
[    4.416141] workingset: timestamp_bits=62 max_order=18 bucket_order=0
[    4.416928] ntfs: driver 2.1.32 [Flags: R/O].
[    4.417086] fuse: init (API version 7.32)
[    4.417207] SGI XFS with ACLs, security attributes, realtime, scrub, quota, fatal assert, debug enabled
[    4.423549] xor: measuring software checksum speed
[    4.423935]    prefetch64-sse  : 27143 MB/sec
[    4.424318]    generic_sse     : 25807 MB/sec
[    4.424319] xor: using function: prefetch64-sse (27143 MB/sec)
[    4.424339] Block layer SCSI generic (bsg) driver version 0.4 loaded (major 251)
[    4.424342] io scheduler mq-deadline registered
[    4.424342] io scheduler kyber registered
[    4.424490] efifb: probing for efifb
[    4.424516] efifb: framebuffer at 0x80000000, using 4000k, total 4000k
[    4.424516] efifb: mode is 1280x800x32, linelength=5120, pages=1
[    4.424517] efifb: scrolling: redraw
[    4.424518] efifb: Truecolor: size=8:8:8:8, shift=24:16:8:0
[    4.424658] Console: switching to colour frame buffer device 160x50
[    4.426988] fb0: EFI VGA frame buffer device
[    4.427169] Serial: 8250/16550 driver, 4 ports, IRQ sharing enabled
[    4.427307] 00:04: ttyS0 at I/O 0x3f8 (irq = 4, base_baud = 115200) is a 16550A
[    4.427713] Non-volatile memory driver v1.3
[    4.427714] Linux agpgart interface v0.103
[    4.428623] loop: module loaded
[    4.429075] ata_piix 0000:00:01.1: version 2.13
[    4.433353] scsi host0: ata_piix
[    4.433588] scsi host1: ata_piix
[    4.433609] ata1: PATA max MWDMA2 cmd 0x1f0 ctl 0x3f6 bmdma 0xc040 irq 14
[    4.433610] ata2: PATA max MWDMA2 cmd 0x170 ctl 0x376 bmdma 0xc048 irq 15
[    4.433691] e100: Intel(R) PRO/100 Network Driver
[    4.433691] e100: Copyright(c) 1999-2006 Intel Corporation
[    4.433698] e1000: Intel(R) PRO/1000 Network Driver
[    4.433698] e1000: Copyright (c) 1999-2006 Intel Corporation.
[    4.451742] PCI Interrupt Link [LNKC] enabled at IRQ 11
[    4.587200] ata1.01: NODEV after polling detection
[    4.587422] ata1.00: ATA-7: QEMU HARDDISK, 2.5+, max UDMA/100
[    4.587423] ata1.00: 204800 sectors, multi 16: LBA48 
[    4.587875] scsi 0:0:0:0: Direct-Access     ATA      QEMU HARDDISK    2.5+ PQ: 0 ANSI: 5
[    4.588035] sd 0:0:0:0: [sda] 204800 512-byte logical blocks: (105 MB/100 MiB)
[    4.588039] sd 0:0:0:0: [sda] Write Protect is off
[    4.588040] sd 0:0:0:0: [sda] Mode Sense: 00 3a 00 00
[    4.588046] sd 0:0:0:0: [sda] Write cache: enabled, read cache: enabled, doesn't support DPO or FUA
[    4.588061] sd 0:0:0:0: Attached scsi generic sg0 type 0
[    4.592162]  sda:
[    4.592267] sd 0:0:0:0: [sda] Attached SCSI disk
[    4.595119] ata2.01: NODEV after polling detection
[    4.595340] ata2.00: ATAPI: QEMU DVD-ROM, 2.5+, max UDMA/100
[    4.596118] scsi 1:0:0:0: CD-ROM            QEMU     QEMU DVD-ROM     2.5+ PQ: 0 ANSI: 5
[    4.740238] sr 1:0:0:0: [sr0] scsi3-mmc drive: 4x/4x cd/rw xa/form2 tray
[    4.740248] cdrom: Uniform CD-ROM driver Revision: 3.20
[    4.757337] sr 1:0:0:0: Attached scsi CD-ROM sr0
[    4.757402] sr 1:0:0:0: Attached scsi generic sg1 type 5
[    4.777429] e1000 0000:00:03.0 eth0: (PCI:33MHz:32-bit) 52:54:00:12:34:56
[    4.777435] e1000 0000:00:03.0 eth0: Intel(R) PRO/1000 Network Connection
[    4.777462] e1000e: Intel(R) PRO/1000 Network Driver
[    4.777463] e1000e: Copyright(c) 1999 - 2015 Intel Corporation.
[    4.777488] igb: Intel(R) Gigabit Ethernet Network Driver
[    4.777489] igb: Copyright (c) 2007-2014 Intel Corporation.
[    4.777499] igbvf: Intel(R) Gigabit Virtual Function Network Driver
[    4.777500] igbvf: Copyright (c) 2009 - 2012 Intel Corporation.
[    4.777505] ixgbe: Intel(R) 10 Gigabit PCI Express Network Driver
[    4.777505] ixgbe: Copyright (c) 1999-2016 Intel Corporation.
[    4.777558] ixgbevf: Intel(R) 10 Gigabit PCI Express Virtual Function Network Driver
[    4.777559] ixgbevf: Copyright (c) 2009 - 2018 Intel Corporation.
[    4.777654] i40e: Intel(R) Ethernet Connection XL710 Network Driver
[    4.777655] i40e: Copyright (c) 2013 - 2019 Intel Corporation.
[    4.777690] ixgb: Intel(R) PRO/10GbE Network Driver
[    4.777690] ixgb: Copyright (c) 1999-2008 Intel Corporation.
[    4.777698] iavf: Intel(R) Ethernet Adaptive Virtual Function Network Driver
[    4.777698] Copyright (c) 2013 - 2018 Intel Corporation.
[    4.777724] Intel(R) Ethernet Switch Host Interface Driver
[    4.777725] Copyright(c) 2013 - 2019 Intel Corporation.
[    4.777809] ehci_hcd: USB 2.0 'Enhanced' Host Controller (EHCI) Driver
[    4.777812] ehci-pci: EHCI PCI platform driver
[    4.777820] ehci-platform: EHCI generic platform driver
[    4.777839] ohci_hcd: USB 1.1 'Open' Host Controller (OHCI) Driver
[    4.777841] ohci-pci: OHCI PCI platform driver
[    4.777849] uhci_hcd: USB Universal Host Controller Interface driver
[    4.777903] usbcore: registered new interface driver usb-storage
[    4.777930] i8042: PNP: PS/2 Controller [PNP0303:KBD,PNP0f13:MOU] at 0x60,0x64 irq 1,12
[    4.778610] serio: i8042 KBD port at 0x60,0x64 irq 1
[    4.778615] serio: i8042 AUX port at 0x60,0x64 irq 12
[    4.778717] mousedev: PS/2 mouse device common for all mice
[    4.778742] usbcore: registered new interface driver synaptics_usb
[    4.779084] input: AT Translated Set 2 keyboard as /devices/platform/i8042/serio0/input/input0
[    4.779305] device-mapper: ioctl: 4.43.0-ioctl (2020-10-01) initialised: dm-devel@redhat.com
[    4.779312] intel_pstate: CPU model not supported
[    4.779329] sdhci: Secure Digital Host Controller Interface driver
[    4.779329] sdhci: Copyright(c) Pierre Ossman
[    4.779348] wbsd: Winbond W83L51xD SD/MMC card interface driver
[    4.779348] wbsd: Copyright(c) Pierre Ossman
[    4.779408] VUB300 Driver rom wait states = 1C irqpoll timeout = 0400
[    4.780297] usbcore: registered new interface driver vub300
[    4.780325] usbcore: registered new interface driver ushc
[    4.780333] sdhci-pltfm: SDHCI platform and OF driver helper
[    4.780379] EFI Variables Facility v0.08 2004-May-17
[    4.782262] pstore: Registered efi as persistent store backend
[    4.782313] hid: raw HID events driver (C) Jiri Kosina
[    4.782389] usbcore: registered new interface driver usbhid
[    4.782390] usbhid: USB HID core driver
[    4.782484] NET: Registered protocol family 10
[    4.782711] Segment Routing with IPv6
[    4.782723] sit: IPv6, IPv4 and MPLS over IPv4 tunneling driver
[    4.782845] NET: Registered protocol family 17
[    4.783045] IPI shorthand broadcast: enabled
[    4.783054] sched_clock: Marking stable (4782706450, 293770)->(4789118377, -6118157)
[    4.783156] registered taskstats version 1
[    4.783215] pstore: Using crash dump compression: deflate
[    4.785507] Freeing unused kernel image (initmem) memory: 29484K
[    4.788965] Write protecting the kernel read-only data: 16384k
[    4.789986] Freeing unused kernel image (text/rodata gap) memory: 2044K
[    4.790312] Freeing unused kernel image (rodata/data gap) memory: 1496K
[    4.790380] Run /init as init process
[    4.790380]   with arguments:
[    4.790381]     /init
[    4.790382]     accord
[    4.790382]   with environment:
[    4.790382]     HOME=/
[    4.790383]     TERM=linux
[    4.790383]     vga=791
[    4.810706] systemd-udevd[840]: starting version 198
[    5.404603] input: ImExPS/2 Generic Explorer Mouse as /devices/platform/i8042/serio1/input/input2
[    5.426924] tsc: Refined TSC clocksource calibration: 2303.983 MHz
[    5.426938] clocksource: tsc: mask: 0xffffffffffffffff max_cycles: 0x2135e7a16ca, max_idle_ns: 440795265852 ns
[    5.427003] clocksource: Switched to clocksource tsc
